Archive member included to satisfy reference by file (symbol)

../../circle/lib/libcircle.a(actled.o)
                              kernel.o (CActLED::CActLED(bool))
../../circle/lib/libcircle.a(devicenameservice.o)
                              kernel.o (CDeviceNameService::CDeviceNameService())
../../circle/lib/libcircle.a(koptions.o)
                              kernel.o (CKernelOptions::~CKernelOptions())
../../circle/lib/libcircle.a(machineinfo.o)
                              ../../circle/lib/libcircle.a(actled.o) (CMachineInfo::GetActLEDInfo() const)
../../circle/lib/libcircle.a(screen.o)
                              kernel.o (CScreenDevice::~CScreenDevice())
../../circle/lib/libcircle.a(string.o)
                              ../../circle/lib/libcircle.a(devicenameservice.o) (CString::~CString())
../../circle/lib/libcircle.a(sysinit.o)
                              main.o (halt)
../../circle/lib/libcircle.a(timer.o)
                              kernel.o (CTimer::SimpleMsDelay(unsigned int))
../../circle/lib/libcircle.a(util.o)
                              ../../circle/lib/libcircle.a(devicenameservice.o) (strlen)
../../circle/lib/libcircle.a(util_fast.o)
                              ../../circle/lib/libcircle.a(sysinit.o) (memset)
../../circle/lib/libcircle.a(virtualgpiopin.o)
                              ../../circle/lib/libcircle.a(actled.o) (CVirtualGPIOPin::Write(unsigned int))
../../circle/lib/libcircle.a(chainboot.o)
                              ../../circle/lib/libcircle.a(sysinit.o) (IsChainBootEnabled)
../../circle/lib/libcircle.a(new.o)
                              ../../circle/lib/libcircle.a(actled.o) (operator new(unsigned int))
../../circle/lib/libcircle.a(heapallocator.o)
                              ../../circle/lib/libcircle.a(new.o) (CHeapAllocator::Allocate(unsigned int))
../../circle/lib/libcircle.a(font8x16.o)
                              kernel.o (Font8x16)
../../circle/lib/libcircle.a(cache-v7.o)
                              ../../circle/lib/libcircle.a(sysinit.o) (InvalidateDataCacheL1Only)
../../circle/lib/libcircle.a(memory.o)
                              ../../circle/lib/libcircle.a(sysinit.o) (CMemorySystem::Destructor())
../../circle/lib/libcircle.a(pagetable.o)
                              ../../circle/lib/libcircle.a(memory.o) (CPageTable::CPageTable(unsigned int))
../../circle/lib/libcircle.a(startup.o)
                              (_start)
../../circle/lib/libcircle.a(synchronize.o)
                              ../../circle/lib/libcircle.a(devicenameservice.o) (EnterCritical)
../../circle/lib/libcircle.a(interrupt.o)
                              ../../circle/lib/libcircle.a(sysinit.o) (CInterruptSystem::CInterruptSystem())
../../circle/lib/libcircle.a(gpiopin.o)
                              ../../circle/lib/libcircle.a(actled.o) (CGPIOPin::Write(unsigned int))
../../circle/lib/libcircle.a(assert.o)
                              ../../circle/lib/libcircle.a(devicenameservice.o) (assertion_failed)
../../circle/lib/libcircle.a(bcmframebuffer.o)
                              ../../circle/lib/libcircle.a(screen.o) (CBcmFrameBuffer::CBcmFrameBuffer(unsigned int, unsigned int, unsigned int, unsigned int, unsigned int, unsigned int, bool))
../../circle/lib/libcircle.a(bcmpropertytags.o)
                              ../../circle/lib/libcircle.a(koptions.o) (CBcmPropertyTags::CBcmPropertyTags(bool))
../../circle/lib/libcircle.a(debug.o)
                              ../../circle/lib/libcircle.a(assert.o) (DebugStackTrace(unsigned int const*, char const*))
../../circle/lib/libcircle.a(delayloop.o)
                              ../../circle/lib/libcircle.a(timer.o) (DelayLoop)
../../circle/lib/libcircle.a(device.o)
                              ../../circle/lib/libcircle.a(screen.o) (CDevice::Read(void*, unsigned int))
../../circle/lib/libcircle.a(dmachannel.o)
                              ../../circle/lib/libcircle.a(bcmframebuffer.o) (CDMAChannel::CDMAChannel(unsigned int, CInterruptSystem*))
../../circle/lib/libcircle.a(logger.o)
                              ../../circle/lib/libcircle.a(timer.o) (CLogger::Get())
../../circle/lib/libcircle.a(ptrlist.o)
                              ../../circle/lib/libcircle.a(timer.o) (CPtrList::CPtrList())
../../circle/lib/libcircle.a(terminal.o)
                              ../../circle/lib/libcircle.a(screen.o) (CTerminalDevice::CTerminalDevice(CDisplay*, unsigned int, TFont const&, CCharGenerator::TFontFlags))
../../circle/lib/libcircle.a(pageallocator.o)
                              ../../circle/lib/libcircle.a(memory.o) (CPageAllocator::CPageAllocator())
../../circle/lib/libcircle.a(exceptionstub.o)
                              ../../circle/lib/libcircle.a(interrupt.o) (IRQStub)
../../circle/lib/libcircle.a(gpiomanager.o)
                              ../../circle/lib/libcircle.a(gpiopin.o) (CGPIOManager::ConnectInterrupt(CGPIOPin*))
../../circle/lib/libcircle.a(display.o)
[...]
Memory Configuration

Name             Origin             Length             Attributes
*default*        0x00000000         0xffffffff

Linker script and memory map

Address of section .init set to 0x8000

.init           0x00008000       0x70
 *(.init)
 .init          0x00008000       0x70 ../../circle/lib/libcircle.a(startup.o)
                0x00008000                _start
                0x00008064                _start_secondary

.text           0x00008070     0xe0b0
 *(.text*)
 .text          0x00008070        0x0 main.o
 .text.startup  0x00008070       0x3c main.o
                0x00008070                main
 .text          0x000080ac      0x1b0 kernel.o
                0x000080ac                CKernel::CKernel()
                0x000080ac                CKernel::CKernel()
                0x0000811c                CKernel::Initialize()
                0x00008128                CKernel::Run()
                0x00008224                CKernel::~CKernel()
                0x00008224                CKernel::~CKernel()
 .text          0x0000825c      0x1fc ../../circle/lib/libcircle.a(actled.o)
                0x0000825c                CActLED::CActLED(bool)
                0x0000825c                CActLED::CActLED(bool)
                0x00008330                CActLED::~CActLED()
                0x00008330                CActLED::~CActLED()
                0x00008344                CActLED::On()
                0x00008374                CActLED::Off()
                0x000083ac                CActLED::Blink(unsigned int, unsigned int, unsigned int)
                0x00008448                CActLED::Get()
 .text          0x00008458      0x774 ../../circle/lib/libcircle.a(devicenameservice.o)
                0x00008458                CDeviceNameService::CDeviceNameService()
                0x00008458                CDeviceNameService::CDeviceNameService()
                0x0000849c                CDeviceNameService::~CDeviceNameService()
                0x0000849c                CDeviceNameService::~CDeviceNameService()
                0x000084f8                CDeviceNameService::AddDevice(char const*, CDevice*, bool)
                0x000085ac                CDeviceNameService::RemoveDevice(char const*, bool)
                0x000086bc                CDeviceNameService::GetDevice(char const*, bool)
                0x000087c0                CDeviceNameService::EnumerateDevices(bool (*)(CDevice*, char const*, bool, void*), void*)
                0x00008858                CDeviceNameService::Get()
                0x00008888                CDeviceNameService::AddDevice(char const*, unsigned int, CDevice*, bool)
                0x000088f0                CDeviceNameService::RemoveDevice(char const*, unsigned int, bool)
                0x00008950                CDeviceNameService::GetDevice(char const*, unsigned int, bool)
                0x000089b8                CDeviceNameService::ListDevices(CDevice*, bool)
 .text          0x00008bcc      0x974 ../../circle/lib/libcircle.a(koptions.o)
                0x00008bcc                CKernelOptions::~CKernelOptions()
                0x00008bcc                CKernelOptions::~CKernelOptions()
                0x00008c38                CKernelOptions::GetWidth() const
                0x00008c40                CKernelOptions::GetHeight() const
                0x00008c48                CKernelOptions::GetLogDevice() const
                0x00008c54                CKernelOptions::GetLogLevel() const
                0x00008c5c                CKernelOptions::GetKeyMap() const
                0x00008c64                CKernelOptions::GetUSBPowerDelay() const
                0x00008c6c                CKernelOptions::GetUSBFullSpeed() const
                0x00008c74                CKernelOptions::GetUSBBoost() const
                0x00008c7c                CKernelOptions::GetUSBIgnore() const
                0x00008c88                CKernelOptions::GetUSBSoundChannels() const
                0x00008c90                CKernelOptions::GetSoundDevice() const
                0x00008c9c                CKernelOptions::GetSoundOption() const
                0x00008ca4                CKernelOptions::GetCPUSpeed() const
                0x00008cac                CKernelOptions::GetSoCMaxTemp() const
                0x00008cb4                CKernelOptions::GetGPIOFanPin() const
                0x00008cbc                CKernelOptions::GetTouchScreen() const
                0x00008cd0                CKernelOptions::GetBacklight() const
                0x00008cd8                CKernelOptions::GetAppOptionString(char const*, char const*) const
                0x00008d24                CKernelOptions::GetAppOptionSignedDecimal(char const*, int) const
                0x00008dac                CKernelOptions::Get()
                0x00008dbc                CKernelOptions::GetToken()
                0x00008e40                CKernelOptions::GetOptionValue(char*)
                0x00008e78                CKernelOptions::GetDecimal(char const*)
                0x00008ee4                CKernelOptions::GetAppOptionDecimal(char const*, unsigned int) const
                0x00008f40                CKernelOptions::GetDecimals(char*, unsigned int*, unsigned int)
                0x00009018                CKernelOptions::CKernelOptions()
                0x00009018                CKernelOptions::CKernelOptions()
 .text          0x00009540      0x974 ../../circle/lib/libcircle.a(machineinfo.o)
                0x00009540                CMachineInfo::CMachineInfo()
                0x00009540                CMachineInfo::CMachineInfo()
                0x000099cc                CMachineInfo::~CMachineInfo()
                0x000099cc                CMachineInfo::~CMachineInfo()
                0x000099e8                CMachineInfo::GetMachineModel() const
                0x000099f0                CMachineInfo::GetMachineName() const
                0x00009a04                CMachineInfo::GetModelMajor() const
                0x00009a0c                CMachineInfo::GetModelRevision() const
                0x00009a14                CMachineInfo::GetSoCType() const
                0x00009a1c                CMachineInfo::GetSoCStepping() const
                0x00009a24                CMachineInfo::GetRAMSize() const
                0x00009a2c                CMachineInfo::GetRAMSizeEarly()
                0x00009acc                CMachineInfo::GetSoCName() const
                0x00009ae4                CMachineInfo::GetRevisionRaw() const
                0x00009aec                CMachineInfo::GetActLEDInfo() const
                0x00009b04                CMachineInfo::GetClockRate(unsigned int) const
                0x00009c40                CMachineInfo::GetGPIOPin(TGPIOVirtualPin) const
                0x00009ca4                CMachineInfo::GetGPIOClockSourceRate(unsigned int)
                0x00009d00                CMachineInfo::GetDevice(TDeviceId) const
                0x00009d30                CMachineInfo::ArePWMChannelsSwapped() const
                0x00009d64                CMachineInfo::AllocateDMAChannel(unsigned int)
                0x00009e14                CMachineInfo::FreeDMAChannel(unsigned int)
                0x00009e88                CMachineInfo::Get()
 .text          0x00009eb4      0x3cc ../../circle/lib/libcircle.a(screen.o)
                0x00009eb4                CScreenDevice::Write(void const*, unsigned int)
                0x00009ec4                CScreenDevice::~CScreenDevice()
                0x00009ec4                CScreenDevice::~CScreenDevice()
                0x00009f40                CScreenDevice::~CScreenDevice()
                0x00009f60                CScreenDevice::CScreenDevice(unsigned int, unsigned int, TFont const&, CCharGenerator::TFontFlags, unsigned int)
                0x00009f60                CScreenDevice::CScreenDevice(unsigned int, unsigned int, TFont const&, CCharGenerator::TFontFlags, unsigned int)
                0x00009fc8                CScreenDevice::Initialize()
                0x0000a0c4                CScreenDevice::Resize(unsigned int, unsigned int)
                0x0000a128                CScreenDevice::GetWidth() const
                0x0000a130                CScreenDevice::GetHeight() const
                0x0000a138                CScreenDevice::GetColumns() const
                0x0000a140                CScreenDevice::GetRows() const
                0x0000a148                CScreenDevice::GetFrameBuffer()
                0x0000a150                CScreenDevice::SetPixel(unsigned int, unsigned int, unsigned short)
                0x0000a158                CScreenDevice::GetPixel(unsigned int, unsigned int)
                0x0000a1f4                CScreenDevice::Rotor(unsigned int, unsigned int)
                0x0000a270                CScreenDevice::SetCursorBlock(bool)
                0x0000a278                CScreenDevice::Update(unsigned int)
 .text          0x0000a280     0x178c ../../circle/lib/libcircle.a(string.o)
                0x0000a280                CString::~CString()
                0x0000a280                CString::~CString()
                0x0000a2b8                CString::~CString()
                0x0000a374                CString::CString()
                0x0000a374                CString::CString()
                0x0000a38c                CString::CString(char const*)
                0x0000a38c                CString::CString(char const*)
                0x0000a3d4                CString::CString(CString const&)
                0x0000a3d4                CString::CString(CString const&)
                0x0000a438                CString::CString(CString&&)
                0x0000a438                CString::CString(CString&&)
                0x0000a464                CString::operator char const*() const
                0x0000a47c                CString::operator=(char const*)
                0x0000a4c0                CString::operator=(CString const&)
                0x0000a51c                CString::operator=(CString&&)
                0x0000a568                CString::c_str() const
                0x0000a580                CString::GetLength() const
                0x0000a590                CString::Append(char const*)
                0x0000a614                CString::operator+=(char const*)
                0x0000a630                CString::operator+=(CString const&)
                0x0000a660                CString::Append(char)
                0x0000a684                CString::operator+=(char)
                0x0000a6b4                CString::Compare(char const*) const
                0x0000a6d4                CString::Find(char) const
                0x0000a710                CString::TrimRight(char const*)
                0x0000a768                CString::Replace(char const*, char const*)
                0x0000a910                CString::PutChar(char, unsigned int)
                0x0000a960                CString::PutString(char const*)
                0x0000a9a4                CString::ReserveSpace(unsigned int)
                0x0000aa38                CString::ntoa(char*, unsigned long, unsigned int, bool)
                0x0000aab4                CString::lltoa(char*, unsigned long long, unsigned int, bool)
                0x0000abb0                CString::ftoa(char*, double, unsigned int)
                0x0000add8                CString::FormatV(char const*, std::__va_list)
                0x0000b9e0                CString::Format(char const*, ...)
 .text          0x0000ba0c      0x294 ../../circle/lib/libcircle.a(sysinit.o)
                0x0000ba0c                __aeabi_atexit
                0x0000ba10                __errno
                0x0000ba1c                set_qemu_exit_status
                0x0000ba20                __GetCurrentStackNoWeak
                0x0000ba84                GetCurrentStack
                0x0000bae8                halt
                0x0000bafc                error_halt
                0x0000bb34                reboot
                0x0000bb58                sysinit
 .text          0x0000bca0      0xf1c ../../circle/lib/libcircle.a(timer.o)
                0x0000bca0                CTimer::CTimer(CInterruptSystem*)
                0x0000bca0                CTimer::CTimer(CInterruptSystem*)
                0x0000bd28                CTimer::~CTimer()
                0x0000bd28                CTimer::~CTimer()
                0x0000be08                CTimer::SetTimeZone(int)
                0x0000be2c                CTimer::GetTimeZone() const
                0x0000be34                CTimer::SetTime(unsigned int, bool)
                0x0000bef0                CTimer::GetClockTicks()
                0x0000befc                CTimer::GetClockTicks64()
                0x0000bf08                CTimer::GetTicks() const
                0x0000bf10                CTimer::GetUptime() const
                0x0000bf18                CTimer::GetUptime(unsigned int*, unsigned int*)
                0x0000bff0                CTimer::GetTime() const
                0x0000bff8                CTimer::GetLocalTime(unsigned int*, unsigned int*)
                0x0000c0d0                CTimer::GetUniversalTime() const
                0x0000c0f0                CTimer::GetUniversalTime(unsigned int*, unsigned int*)
                0x0000c1f0                CTimer::GetTimeString()
                0x0000c408                CTimer::StartKernelTimer(unsigned int, void (*)(unsigned int, void*, void*), void*, void*)
                0x0000c564                CTimer::CancelKernelTimer(unsigned int)
                0x0000c608                CTimer::PollKernelTimers()
                0x0000c728                CTimer::InterruptHandler()
                0x0000c834                CTimer::InterruptHandler(void*)
                0x0000c85c                CTimer::TuneMsDelay()
                0x0000c8fc                CTimer::Initialize()
                0x0000c9d4                CTimer::RegisterUpdateTimeHandler(bool (*)(unsigned int, unsigned int))
                0x0000ca20                CTimer::RegisterPeriodicHandler(void (*)())
                0x0000ca88                CTimer::SimpleMsDelay(unsigned int)
                0x0000cac4                CTimer::SimpleusDelay(unsigned int)
                0x0000caf0                CTimer::IsLeapYear(unsigned int)
                0x0000cb34                CTimer::GetDaysOfMonth(unsigned int, unsigned int)
                0x0000cb8c                CTimer::Get()
 .text          0x0000cbbc      0xa24 ../../circle/lib/libcircle.a(util.o)
                0x0000cbbc                memmove
                0x0000cbf4                memcmp
                0x0000cc44                memmem
                0x0000ccc4                strlen
                0x0000ccf4                strnlen
                0x0000cd2c                strcmp
                0x0000cda0                strcasecmp
                0x0000ce2c                strncmp
                0x0000cea0                strncasecmp
                0x0000cf9c                strcpy
                0x0000cfc8                strncpy
                0x0000cffc                strcat
                0x0000d040                strncat
                0x0000d09c                strchr
                0x0000d0c4                strstr
                0x0000d128                strtok_r
                0x0000d224                strtoul
                0x0000d394                strtoull
                0x0000d540                atoi
                0x0000d54c                char2int
                0x0000d550                ether_crc
 .text          0x0000d5e0       0xb8 ../../circle/lib/libcircle.a(util_fast.o)
                0x0000d5e0                memset
                0x0000d63c                memcpy
 .text          0x0000d698      0x2b4 ../../circle/lib/libcircle.a(virtualgpiopin.o)
                0x0000d698                CVirtualGPIOPin::~CVirtualGPIOPin()
                0x0000d698                CVirtualGPIOPin::~CVirtualGPIOPin()
                0x0000d69c                CVirtualGPIOPin::~CVirtualGPIOPin()
                0x0000d6bc                CVirtualGPIOPin::Write(unsigned int)
                0x0000d7ec                CVirtualGPIOPin::CVirtualGPIOPin(unsigned int, bool)
                0x0000d7ec                CVirtualGPIOPin::CVirtualGPIOPin(unsigned int, bool)
                0x0000d940                CVirtualGPIOPin::Invert()
 .text.startup  0x0000d94c       0x14 ../../circle/lib/libcircle.a(virtualgpiopin.o)
 .text          0x0000d960       0xb4 ../../circle/lib/libcircle.a(chainboot.o)
                0x0000d9a8                EnableChainBoot
                0x0000d9e8                IsChainBootEnabled
                0x0000da00                DoChainBoot
 .text          0x0000da14      0x1c0 ../../circle/lib/libcircle.a(new.o)
                0x0000da14                operator new(unsigned int, int)
                0x0000da3c                operator new[](unsigned int, int)
                0x0000da64                operator new(unsigned int, void*)
                0x0000da6c                operator new[](unsigned int, void*)
                0x0000da74                operator new(unsigned int)
                0x0000da8c                operator new[](unsigned int)
                0x0000daa4                operator delete(void*)
                0x0000dabc                operator delete[](void*)
                0x0000dad4                operator delete(void*, unsigned int)
                0x0000daec                operator delete[](void*, unsigned int)
                0x0000db04                operator new(unsigned int, std::align_val_t)
                0x0000db3c                operator new[](unsigned int, std::align_val_t)
                0x0000db74                operator delete(void*, std::align_val_t)
                0x0000db8c                operator delete[](void*, std::align_val_t)
                0x0000dba4                operator delete(void*, unsigned int, std::align_val_t)
                0x0000dbbc                operator delete[](void*, unsigned int, std::align_val_t)
 .text          0x0000dbd4      0x4d8 ../../circle/lib/libcircle.a(heapallocator.o)
                0x0000dbd4                CHeapAllocator::CHeapAllocator(char const*)
                0x0000dbd4                CHeapAllocator::CHeapAllocator(char const*)
                0x0000dc30                CHeapAllocator::~CHeapAllocator()
                0x0000dc30                CHeapAllocator::~CHeapAllocator()
                0x0000dc34                CHeapAllocator::Setup(unsigned int, unsigned int, unsigned int)
                0x0000dc40                CHeapAllocator::GetFreeSpace() const
                0x0000dc4c                CHeapAllocator::DoAllocate(unsigned int)
                0x0000de5c                CHeapAllocator::Allocate(unsigned int)
                0x0000de60                CHeapAllocator::DoFree(void*)
                0x0000dfa0                CHeapAllocator::Free(void*)
                0x0000dfa4                CHeapAllocator::DoReAllocate(void*, unsigned int)
                0x0000e0a8                CHeapAllocator::ReAllocate(void*, unsigned int)
 .text          0x0000e0ac        0x0 ../../circle/lib/libcircle.a(font8x16.o)
 .text          0x0000e0ac      0x1f4 ../../circle/lib/libcircle.a(cache-v7.o)
                0x0000e0ac                InvalidateDataCacheL1Only
                0x0000e118                InvalidateDataCache
                0x0000e1c0                CleanDataCache
                0x0000e268                CleanAndInvalidateDataCacheRange
 .text          0x0000e2a0      0x324 ../../circle/lib/libcircle.a(memory.o)
                0x0000e2a0                CMemorySystem::~CMemorySystem()
                0x0000e2a0                CMemorySystem::~CMemorySystem()
                0x0000e30c                CMemorySystem::Destructor()
                0x0000e35c                CMemorySystem::GetMemSize() const
                0x0000e394                CMemorySystem::Get()
                0x0000e3c0                CMemorySystem::EnableMMU()
                0x0000e47c                CMemorySystem::CMemorySystem(bool)
                0x0000e47c                CMemorySystem::CMemorySystem(bool)
                0x0000e5b8                CMemorySystem::GetCoherentPage(unsigned int)
 .text          0x0000e5c4       0x9c ../../circle/lib/libcircle.a(pagetable.o)
                0x0000e5c4                CPageTable::CPageTable(unsigned int)
                0x0000e5c4                CPageTable::CPageTable(unsigned int)
                0x0000e650                CPageTable::~CPageTable()
                0x0000e650                CPageTable::~CPageTable()
                0x0000e654                CPageTable::GetBaseAddress() const
 .text          0x0000e660        0x0 ../../circle/lib/libcircle.a(startup.o)
 .text          0x0000e660      0x134 ../../circle/lib/libcircle.a(synchronize.o)
                0x0000e660                CurrentExecutionLevel
                0x0000e674                EnterCritical
                0x0000e720                LeaveCritical
                0x0000e774                SyncDataAndInstructionCache
 .text          0x0000e794      0x750 ../../circle/lib/libcircle.a(interrupt.o)
                0x0000e7d0                CInterruptSystem::CInterruptSystem()
                0x0000e7d0                CInterruptSystem::CInterruptSystem()
                0x0000e804                CInterruptSystem::~CInterruptSystem()
                0x0000e804                CInterruptSystem::~CInterruptSystem()
                0x0000e824                CInterruptSystem::Destructor()
                0x0000e83c                CInterruptSystem::Initialize()
                0x0000e8f4                CInterruptSystem::ConnectFIQ(unsigned int, void (*)(void*), void*)
                0x0000e9c4                CInterruptSystem::DisconnectFIQ()
                0x0000ea3c                CInterruptSystem::EnableIRQ(unsigned int)
                0x0000ead8                CInterruptSystem::ConnectIRQ(unsigned int, void (*)(void*), void*)
                0x0000eb58                CInterruptSystem::DisableIRQ(unsigned int)
                0x0000ebf4                CInterruptSystem::DisconnectIRQ(unsigned int)
                0x0000ec8c                CInterruptSystem::EnableFIQ(unsigned int)
                0x0000ecc4                CInterruptSystem::DisableFIQ()
                0x0000ecd8                CInterruptSystem::Get()
                0x0000ed08                CInterruptSystem::CallIRQHandler(unsigned int)
                0x0000ed6c                CInterruptSystem::InterruptHandler()
                0x0000eee0                InterruptHandler
 .text          0x0000eee4      0xe7c ../../circle/lib/libcircle.a(gpiopin.o)
                0x0000eee4                CGPIOPin::~CGPIOPin()
                0x0000eee4                CGPIOPin::~CGPIOPin()
                0x0000eee8                CGPIOPin::~CGPIOPin()
                0x0000ef08                CGPIOPin::CGPIOPin()
                0x0000ef08                CGPIOPin::CGPIOPin()
                0x0000ef3c                CGPIOPin::AssignPin(unsigned int)
                0x0000efcc                CGPIOPin::Write(unsigned int)
                0x0000f050                CGPIOPin::Read() const
                0x0000f0bc                CGPIOPin::Invert()
                0x0000f148                CGPIOPin::ConnectInterrupt(void (*)(void*), void*, bool)
                0x0000f218                CGPIOPin::DisconnectInterrupt()
                0x0000f2c8                CGPIOPin::EnableInterrupt(TGPIOInterrupt)
                0x0000f3d8                CGPIOPin::DisableInterrupt()
                0x0000f4bc                CGPIOPin::EnableInterrupt2(TGPIOInterrupt)
                0x0000f5cc                CGPIOPin::DisableInterrupt2()
                0x0000f6b0                CGPIOPin::AcknowledgeInterrupt()
                0x0000f708                CGPIOPin::SetModeAll(unsigned int, unsigned int)
                0x0000f7f4                CGPIOPin::WriteAll(unsigned int, unsigned int)
                0x0000f82c                CGPIOPin::ReadAll()
                0x0000f83c                CGPIOPin::SetPullMode(TGPIOPullMode)
                0x0000f8f0                CGPIOPin::SetAlternateFunction(unsigned int)
                0x0000f9cc                CGPIOPin::SetMode(TGPIOMode, bool)
                0x0000fb94                CGPIOPin::CGPIOPin(unsigned int, TGPIOMode, CGPIOManager*)
                0x0000fb94                CGPIOPin::CGPIOPin(unsigned int, TGPIOMode, CGPIOManager*)
                0x0000fc44                CGPIOPin::InterruptHandler()
                0x0000fcc0                CGPIOPin::DisableAllInterrupts(unsigned int)
 .text.startup  0x0000fd60       0x14 ../../circle/lib/libcircle.a(gpiopin.o)
 .text          0x0000fd74       0x84 ../../circle/lib/libcircle.a(assert.o)
                0x0000fd74                assertion_failed
 .text          0x0000fdf8      0x7a8 ../../circle/lib/libcircle.a(bcmframebuffer.o)
                0x0000fdf8                CBcmFrameBuffer::SetPixel(unsigned int, unsigned int, unsigned int)
                0x0000fe54                CBcmFrameBuffer::GetWidth() const
                0x0000fe5c                CBcmFrameBuffer::GetHeight() const
                0x0000fe64                CBcmFrameBuffer::GetDepth() const
                0x0000fe6c                CBcmFrameBuffer::~CBcmFrameBuffer()
                0x0000fe6c                CBcmFrameBuffer::~CBcmFrameBuffer()
                0x0000feac                CBcmFrameBuffer::SetArea(CDisplay::TArea const&, void const*, void (*)(void*), void*)
                0x0000ff90                CBcmFrameBuffer::DMACompletionRoutine(unsigned int, unsigned int, bool, void*)
                0x0000ffa4                CBcmFrameBuffer::~CBcmFrameBuffer()
                0x0000fff0                CBcmFrameBuffer::CBcmFrameBuffer(unsigned int, unsigned int, unsigned int, unsigned int, unsigned int, unsigned int, bool)
                0x0000fff0                CBcmFrameBuffer::CBcmFrameBuffer(unsigned int, unsigned int, unsigned int, unsigned int, unsigned int, unsigned int, bool)
                0x000101d0                CBcmFrameBuffer::SetPalette(unsigned char, unsigned short)
                0x00010224                CBcmFrameBuffer::SetPalette32(unsigned char, unsigned int)
                0x00010258                CBcmFrameBuffer::GetVirtWidth() const
                0x00010260                CBcmFrameBuffer::GetVirtHeight() const
                0x00010268                CBcmFrameBuffer::GetPitch() const
                0x00010270                CBcmFrameBuffer::GetBuffer() const
                0x00010278                CBcmFrameBuffer::GetSize() const
                0x00010280                CBcmFrameBuffer::UpdatePalette()
                0x00010348                CBcmFrameBuffer::Initialize()
                0x00010478                CBcmFrameBuffer::SetVirtualOffset(unsigned int, unsigned int)
                0x000104f4                CBcmFrameBuffer::WaitForVerticalSync()
                0x00010540                CBcmFrameBuffer::SetBacklightBrightness(unsigned int)
                0x00010594                CBcmFrameBuffer::SetDisplay()
                0x00010598                CBcmFrameBuffer::GetNumDisplays()
 .text          0x000105a0      0x254 ../../circle/lib/libcircle.a(bcmpropertytags.o)
                0x000105a0                CBcmPropertyTags::CBcmPropertyTags(bool)
                0x000105a0                CBcmPropertyTags::CBcmPropertyTags(bool)
                0x000105bc                CBcmPropertyTags::~CBcmPropertyTags()
                0x000105bc                CBcmPropertyTags::~CBcmPropertyTags()
                0x000105d0                CBcmPropertyTags::GetTags(void*, unsigned int)
                0x000106fc                CBcmPropertyTags::GetTag(unsigned int, void*, unsigned int, unsigned int)
 .text          0x000107f4      0x278 ../../circle/lib/libcircle.a(debug.o)
                0x000107f4                DebugStackTrace(unsigned int const*, char const*)
                0x00010880                DebugHexDump(void const*, unsigned int, char const*, unsigned int)
 *fill*         0x00010a6c        0x4 
 .text          0x00010a70       0x14 ../../circle/lib/libcircle.a(delayloop.o)
                0x00010a70                DelayLoop
 .text          0x00010a84      0x308 ../../circle/lib/libcircle.a(device.o)
                0x00010a84                CDevice::Read(void*, unsigned int)
                0x00010a84                CDevice::Write(void const*, unsigned int)
                0x00010a8c                CDevice::Seek(unsigned long long)
                0x00010a98                CDevice::GetSize() const
                0x00010aa4                CDevice::IOCtl(unsigned long, void*)
                0x00010aac                CDevice::RemoveDevice()
                0x00010ab4                CDevice::CDevice(CDevice*)
                0x00010ab4                CDevice::CDevice(CDevice*)
                0x00010b20                CDevice::RegisterRemovedHandler(void (*)(CDevice*, void*), void*)
                0x00010bb0                CDevice::UnregisterRemovedHandler(void*)
                0x00010c1c                CDevice::SetProperty(CDevice::TProperty, char const*)
                0x00010c94                CDevice::GetProperty(CDevice::TProperty) const
                0x00010cc4                CDevice::~CDevice()
                0x00010cc4                CDevice::~CDevice()
                0x00010d6c                CDevice::~CDevice()
 .text          0x00010d8c     0x10c4 ../../circle/lib/libcircle.a(dmachannel.o)
                0x00010d8c                CDMAChannel::CDMAChannel(unsigned int, CInterruptSystem*)
                0x00010d8c                CDMAChannel::CDMAChannel(unsigned int, CInterruptSystem*)
                0x00010ea0                CDMAChannel::~CDMAChannel()
                0x00010ea0                CDMAChannel::~CDMAChannel()
                0x00010fa4                CDMAChannel::SetupMemCopy(void*, void const*, unsigned int, unsigned int, bool)
                0x00011198                CDMAChannel::SetupIORead(void*, unsigned int, unsigned int, TDREQ)
                0x00011330                CDMAChannel::SetupIOWrite(unsigned int, void const*, unsigned int, TDREQ)
                0x000114c4                CDMAChannel::SetupCyclicIOWrite(unsigned int, void const**, unsigned int, unsigned int, TDREQ)
                0x0001171c                CDMAChannel::SetupMemCopy2D(void*, void const*, unsigned int, unsigned int, unsigned int, unsigned int)
                0x0001193c                CDMAChannel::SetCompletionRoutine(void (*)(unsigned int, unsigned int, bool, void*), void*)
                0x000119ec                CDMAChannel::Start()
                0x00011b78                CDMAChannel::Wait()
                0x00011c04                CDMAChannel::GetStatus()
                0x00011c5c                CDMAChannel::Cancel()
                0x00011c9c                CDMAChannel::InterruptHandler()
                0x00011e28                CDMAChannel::InterruptStub(void*)
 .text          0x00011e50      0x9a4 ../../circle/lib/libcircle.a(logger.o)
                0x00011e50                CLogger::CLogger(unsigned int, CTimer*, bool)
                0x00011e50                CLogger::CLogger(unsigned int, CTimer*, bool)
                0x00011eac                CLogger::~CLogger()
                0x00011eac                CLogger::~CLogger()
                0x00011f24                CLogger::SetNewTarget(CDevice*)
                0x00011f2c                CLogger::GetTarget() const
                0x00011f34                CLogger::Get()
                0x00011fc8                CLogger::Write(char const*)
                0x000120d8                CLogger::WriteNoAlloc(char const*, TLogSeverity, char const*)
                0x000121b8                CLogger::Read(void*, unsigned int, bool)
                0x00012290                CLogger::WriteEvent(char const*, TLogSeverity, char const*)
                0x0001240c                CLogger::ReadEvent(TLogSeverity*, char*, char*, long*, unsigned int*, int*)
                0x00012514                CLogger::RegisterEventNotificationHandler(void (*)())
                0x0001251c                CLogger::RegisterPanicHandler(void (*)())
                0x00012524                CLogger::WriteV(char const*, TLogSeverity, char const*, std::__va_list)
                0x000126bc                CLogger::Write(char const*, TLogSeverity, char const*, ...)
                0x000126ec                CLogger::Initialize(CDevice*)
 .text          0x000127f4      0x450 ../../circle/lib/libcircle.a(ptrlist.o)
                0x000127f4                CPtrList::CPtrList()
                0x000127f4                CPtrList::CPtrList()
                0x00012800                CPtrList::~CPtrList()
                0x00012800                CPtrList::~CPtrList()
                0x00012828                CPtrList::GetFirst() const
                0x00012830                CPtrList::GetNext(TPtrListElement*) const
                0x00012888                CPtrList::GetPtr(TPtrListElement*)
                0x000128e0                CPtrList::InsertBefore(TPtrListElement*, void*)
                0x000129d0                CPtrList::InsertAfter(TPtrListElement*, void*)
                0x00012ac4                CPtrList::Remove(TPtrListElement*)
                0x00012bec                CPtrList::Find(void*) const
 .text          0x00012c44     0x1f64 ../../circle/lib/libcircle.a(terminal.o)
                0x00012c44                CTerminalDevice::~CTerminalDevice()
                0x00012c44                CTerminalDevice::~CTerminalDevice()
                0x00012cb4                CTerminalDevice::~CTerminalDevice()
                0x00012f70                CTerminalDevice::CTerminalDevice(CDisplay*, unsigned int, TFont const&, CCharGenerator::TFontFlags)
                0x00012f70                CTerminalDevice::CTerminalDevice(CDisplay*, unsigned int, TFont const&, CCharGenerator::TFontFlags)
                0x00013024                CTerminalDevice::GetWidth() const
                0x0001302c                CTerminalDevice::GetHeight() const
                0x00013034                CTerminalDevice::GetColumns() const
                0x00013044                CTerminalDevice::GetRows() const
                0x00013054                CTerminalDevice::GetDisplay()
                0x0001305c                CTerminalDevice::SetPixel(unsigned int, unsigned int, CDisplay::TColor)
                0x00013154                CTerminalDevice::SetPixel(unsigned int, unsigned int, unsigned int)
                0x0001320c                CTerminalDevice::GetPixel(unsigned int, unsigned int)
                0x000132c4                CTerminalDevice::SetCursorBlock(bool)
                0x000132cc                CTerminalDevice::Update(unsigned int)
                0x000133c8                CTerminalDevice::CarriageReturn()
                0x000133d4                CTerminalDevice::CursorHome()
                0x000133e8                CTerminalDevice::CursorLeft()
                0x00013434                CTerminalDevice::CursorMove(unsigned int, unsigned int)
                0x00013478                CTerminalDevice::CursorUp()
                0x00013494                CTerminalDevice::DeleteChars(unsigned int)
                0x00013498                CTerminalDevice::DeleteLines(unsigned int)
                0x0001349c                CTerminalDevice::GetTextBackgroundColor()
                0x000134b8                CTerminalDevice::GetTextColor()
                0x000134d4                CTerminalDevice::InsertLines(unsigned int)
                0x000134d8                CTerminalDevice::InsertMode(bool)
                0x000134e0                CTerminalDevice::ReverseScroll()
                0x000134e4                CTerminalDevice::SetAutoPageMode(bool)
                0x000134ec                CTerminalDevice::SetCursorMode(bool)
                0x000134f4                CTerminalDevice::SetScrollRegion(unsigned int, unsigned int)
                0x00013548                CTerminalDevice::SetStandoutMode(unsigned int)
                0x0001399c                CTerminalDevice::Scroll()
                0x00013afc                CTerminalDevice::CursorDown()
                0x00013b5c                CTerminalDevice::NewLine()
                0x00013bc0                CTerminalDevice::CursorRight()
                0x00013c3c                CTerminalDevice::Tabulator()
                0x00013cc4                CTerminalDevice::DisplayChar(char, unsigned int, unsigned int, unsigned int)
                0x00013e6c                CTerminalDevice::DisplayChar(char)
                0x00013f1c                CTerminalDevice::EraseChar(unsigned int, unsigned int)
                0x00014050                CTerminalDevice::ClearLineEnd()
                0x000141a8                CTerminalDevice::ClearDisplayEnd()
                0x000142dc                CTerminalDevice::Initialize()
                0x000144a8                CTerminalDevice::Write(char)
                0x00014a48                CTerminalDevice::Write(void const*, unsigned int)
                0x00014b4c                CTerminalDevice::EraseChars(unsigned int)
                0x00014b98                CTerminalDevice::InvertCursor()
 .text          0x00014ba8      0x1f0 ../../circle/lib/libcircle.a(pageallocator.o)
                0x00014ba8                CPageAllocator::CPageAllocator()
                0x00014ba8                CPageAllocator::CPageAllocator()
                0x00014bc4                CPageAllocator::~CPageAllocator()
                0x00014bc4                CPageAllocator::~CPageAllocator()
                0x00014bc8                CPageAllocator::Setup(unsigned int, unsigned int)
                0x00014c30                CPageAllocator::GetFreeSpace() const
                0x00014c3c                CPageAllocator::Allocate()
                0x00014d18                CPageAllocator::Free(void*)
 .text          0x00014d98      0x1c8 ../../circle/lib/libcircle.a(exceptionstub.o)
                0x00014d98                UndefinedInstructionInternal
                0x00014de8                PrefetchAbortStub
                0x00014e38                DataAbortStub
                0x00014e88                UndefinedInstructionStub
                0x00014ea4                IRQStub
                0x00014ee4                FIQStub
 .text          0x00014f60      0x378 ../../circle/lib/libcircle.a(gpiomanager.o)
                0x00014f60                CGPIOManager::CGPIOManager(CInterruptSystem*)
                0x00014f60                CGPIOManager::CGPIOManager(CInterruptSystem*)
                0x00014f84                CGPIOManager::~CGPIOManager()
                0x00014f84                CGPIOManager::~CGPIOManager()
                0x00015004                CGPIOManager::Initialize()
                0x00015080                CGPIOManager::ConnectInterrupt(CGPIOPin*)
                0x0001511c                CGPIOManager::DisconnectInterrupt(CGPIOPin*)
                0x000151bc                CGPIOManager::InterruptHandler()
                0x000152b0                CGPIOManager::InterruptStub(void*)
 .text          0x000152d8      0x3f4 ../../circle/lib/libcircle.a(display.o)
                0x000152d8                CDisplay::GetParent() const
                0x000152e0                CDisplay::GetOffsetX() const
                0x000152e0                CDisplay::GetOffsetY() const
                0x000152e8                CDisplay::CDisplay(CDisplay::TColorModel)
                0x000152e8                CDisplay::CDisplay(CDisplay::TColorModel)
                0x000152fc                CDisplay::GetColorModel() const
                0x00015304                CDisplay::GetColor(CDisplay::TColor) const
                0x000154dc                CDisplay::GetColor(unsigned int) const
 .text          0x000156cc      0x1a8 ../../circle/lib/libcircle.a(bcmmailbox.o)
                0x000156cc                CBcmMailBox::CBcmMailBox(unsigned int, bool)
                0x000156cc                CBcmMailBox::CBcmMailBox(unsigned int, bool)
                0x000156d8                CBcmMailBox::~CBcmMailBox()
                0x000156d8                CBcmMailBox::~CBcmMailBox()
                0x000156dc                CBcmMailBox::Flush()
                0x0001570c                CBcmMailBox::Read()
                0x00015744                CBcmMailBox::Write(unsigned int)
                0x00015794                CBcmMailBox::WriteRead(unsigned int)
 .text.startup  0x00015874       0x14 ../../circle/lib/libcircle.a(bcmmailbox.o)
 .text          0x00015888      0x130 ../../circle/lib/libcircle.a(chargenerator.o)
                0x00015888                CCharGenerator::CCharGenerator(TFont const&, CCharGenerator::TFontFlags)
                0x00015888                CCharGenerator::CCharGenerator(TFont const&, CCharGenerator::TFontFlags)
                0x000158dc                CCharGenerator::GetPixelLine(char, unsigned int) const
 .text          0x000159b8      0x398 ../../circle/lib/libcircle.a(exceptionhandler.o)
                0x000159b8                CExceptionHandler::~CExceptionHandler()
                0x000159b8                CExceptionHandler::~CExceptionHandler()
                0x000159cc                CExceptionHandler::~CExceptionHandler()
                0x000159fc                CExceptionHandler::Throw(unsigned int)
                0x00015a40                CExceptionHandler::Throw(unsigned int, TAbortFrame*)
                0x00015b40                CExceptionHandler::CExceptionHandler()
                0x00015b40                CExceptionHandler::CExceptionHandler()
                0x00015c14                CExceptionHandler::Get()
                0x00015c44                ExceptionHandler
                0x00015cb8                raise
 .text          0x00015d50       0x30 /opt/arm-gnu-toolchain-15.2.rel1-x86_64-arm-none-eabi/bin/../lib/gcc/arm-none-eabi/15.2.1/thumb/v8-a+simd/hard/libgcc.a(_aeabi_uldivmod.o)
                0x00015d50                __aeabi_uldivmod
 .text          0x00015d80        0x0 /opt/arm-gnu-toolchain-15.2.rel1-x86_64-arm-none-eabi/bin/../lib/gcc/arm-none-eabi/15.2.1/thumb/v8-a+simd/hard/libgcc.a(_udivmoddi4.o)
 .text.__udivmoddi4
                0x00015d80      0x39c /opt/arm-gnu-toolchain-15.2.rel1-x86_64-arm-none-eabi/bin/../lib/gcc/arm-none-eabi/15.2.1/thumb/v8-a+simd/hard/libgcc.a(_udivmoddi4.o)
                0x00015d80                __udivmoddi4
 .text          0x0001611c        0x4 /opt/arm-gnu-toolchain-15.2.rel1-x86_64-arm-none-eabi/bin/../lib/gcc/arm-none-eabi/15.2.1/thumb/v8-a+simd/hard/libgcc.a(_dvmd_tls.o)
                0x0001611c                __aeabi_ldiv0
                0x0001611c                __aeabi_idiv0
                0x00016120                        _etext = .

.glue_7         0x00016120        0x0
 .glue_7        0x00016120        0x0 linker stubs

.glue_7t        0x00016120        0x0
 .glue_7t       0x00016120        0x0 linker stubs

.vfp11_veneer   0x00016120        0x0
 .vfp11_veneer  0x00016120        0x0 linker stubs

.v4_bx          0x00016120        0x0
 .v4_bx         0x00016120        0x0 linker stubs

.iplt           0x00016120        0x0
 .iplt          0x00016120        0x0 main.o

.rodata         0x00016140     0x2ccc
 *(.rodata*)
 .rodata        0x00016140        0xa kernel.o
 *fill*         0x0001614a        0x2 
 .rodata.str1.4
                0x0001614c      0x9ec ../../circle/lib/libcircle.a(devicenameservice.o)
                                 0xc2 (size before relaxing)
 .rodata.str1.4
                0x00016b38        0x0 ../../circle/lib/libcircle.a(koptions.o)
                                 0xde (size before relaxing)
 .rodata        0x00016b38        0x2 ../../circle/lib/libcircle.a(koptions.o)
 *fill*         0x00016b3a        0x6 
 .rodata        0x00016b40      0x5d8 ../../circle/lib/libcircle.a(machineinfo.o)
 .rodata        0x00017118       0x54 ../../circle/lib/libcircle.a(screen.o)
                0x00017138                vtable for CScreenDevice
 .rodata.str1.4
                0x0001716c        0x0 ../../circle/lib/libcircle.a(string.o)
                                 0x17 (size before relaxing)
 .rodata        0x0001716c       0x54 ../../circle/lib/libcircle.a(string.o)
                0x000171b0                vtable for CString
 .rodata        0x000171c0       0x16 ../../circle/lib/libcircle.a(sysinit.o)
 .rodata.str1.4
                0x000171d6        0x0 ../../circle/lib/libcircle.a(sysinit.o)
                                  0x3 (size before relaxing)
 .rodata.str1.4
                0x000171d6        0x0 ../../circle/lib/libcircle.a(timer.o)
                                0x210 (size before relaxing)
 *fill*         0x000171d6        0x2 
 .rodata        0x000171d8       0x36 ../../circle/lib/libcircle.a(timer.o)
                0x000171d8                CTimer::s_nDaysOfMonth
 *fill*         0x0001720e        0x2 
 .rodata        0x00017210       0x30 ../../circle/lib/libcircle.a(virtualgpiopin.o)
                0x00017230                vtable for CVirtualGPIOPin
 .rodata        0x00017240       0x2b ../../circle/lib/libcircle.a(new.o)
 .rodata.str1.4
                0x0001726b        0x0 ../../circle/lib/libcircle.a(heapallocator.o)
                                 0xaf (size before relaxing)
 *fill*         0x0001726b        0x5 
 .rodata        0x00017270      0xe08 ../../circle/lib/libcircle.a(font8x16.o)
                0x00017270                Font8x16
 .rodata        0x00018078       0x90 ../../circle/lib/libcircle.a(memory.o)
 .rodata.str1.4
                0x00018108        0x0 ../../circle/lib/libcircle.a(synchronize.o)
                                 0xb5 (size before relaxing)
 .rodata.str1.4
                0x00018108        0x0 ../../circle/lib/libcircle.a(interrupt.o)
                                0x111 (size before relaxing)
 .rodata        0x00018108      0x30d ../../circle/lib/libcircle.a(gpiopin.o)
                0x00018110                vtable for CGPIOPin
 .rodata.str1.4
                0x00018415        0x0 ../../circle/lib/libcircle.a(assert.o)
                                 0x1d (size before relaxing)
 *fill*         0x00018415        0x3 
 .rodata        0x00018418       0xa0 ../../circle/lib/libcircle.a(bcmframebuffer.o)
                0x00018418                vtable for CBcmFrameBuffer
                0x00018448                CBcmFrameBuffer::s_InitTags
 .rodata        0x000184b8       0x98 ../../circle/lib/libcircle.a(bcmpropertytags.o)
 .rodata.str1.4
                0x00018550        0x0 ../../circle/lib/libcircle.a(debug.o)
                                 0x54 (size before relaxing)
 .rodata        0x00018550        0x6 ../../circle/lib/libcircle.a(debug.o)
 .rodata.str1.4
                0x00018556        0x0 ../../circle/lib/libcircle.a(device.o)
                                 0x82 (size before relaxing)
 *fill*         0x00018556        0x2 
 .rodata        0x00018558       0x28 ../../circle/lib/libcircle.a(device.o)
                0x00018558                vtable for CDevice
 .rodata        0x00018580      0x433 ../../circle/lib/libcircle.a(dmachannel.o)
 *fill*         0x000189b3        0x1 
 .rodata        0x000189b4       0x94 ../../circle/lib/libcircle.a(logger.o)
 .rodata.str1.4
                0x00018a48        0x0 ../../circle/lib/libcircle.a(ptrlist.o)
                                0x176 (size before relaxing)
 .rodata        0x00018a48      0x30c ../../circle/lib/libcircle.a(terminal.o)
                0x00018d28                vtable for CTerminalDevice
 .rodata        0x00018d54       0x48 ../../circle/lib/libcircle.a(pageallocator.o)
 .rodata.str1.4
                0x00018d9c        0x0 ../../circle/lib/libcircle.a(gpiomanager.o)
                                 0x9c (size before relaxing)
 .rodata        0x00018d9c       0x4c ../../circle/lib/libcircle.a(display.o)
                0x00018db8                vtable for CDisplay
 .rodata.str1.4
                0x00018de8        0x0 ../../circle/lib/libcircle.a(bcmmailbox.o)
                                 0x23 (size before relaxing)
 .rodata        0x00018de8        0x4 ../../circle/lib/libcircle.a(chargenerator.o)
 .rodata.str1.4
                0x00018dec        0x0 ../../circle/lib/libcircle.a(exceptionhandler.o)
                                 0xe4 (size before relaxing)
 .rodata        0x00018dec       0x20 ../../circle/lib/libcircle.a(exceptionhandler.o)
                0x00018df4                vtable for CExceptionHandler

.ARM.extab.text.__udivmoddi4
                0x00018e0c        0x0
 .ARM.extab.text.__udivmoddi4
                0x00018e0c        0x0 /opt/arm-gnu-toolchain-15.2.rel1-x86_64-arm-none-eabi/bin/../lib/gcc/arm-none-eabi/15.2.1/thumb/v8-a+simd/hard/libgcc.a(_udivmoddi4.o)

.init_array     0x00018e0c        0xc
                0x00018e0c                        __init_start = .
 *(.init_array*)
 .init_array    0x00018e0c        0x4 ../../circle/lib/libcircle.a(virtualgpiopin.o)
 .init_array    0x00018e10        0x4 ../../circle/lib/libcircle.a(gpiopin.o)
 .init_array    0x00018e14        0x4 ../../circle/lib/libcircle.a(bcmmailbox.o)
                0x00018e18                        __init_end = .

.ARM.exidx      0x00018e18        0x8
                0x00018e18                        __exidx_start = .
 *(.ARM.exidx*)
 .ARM.exidx.text.__udivmoddi4
                0x00018e18        0x8 /opt/arm-gnu-toolchain-15.2.rel1-x86_64-arm-none-eabi/bin/../lib/gcc/arm-none-eabi/15.2.1/thumb/v8-a+simd/hard/libgcc.a(_udivmoddi4.o)
                0x00018e20                        __exidx_end = .

.rel.dyn        0x00018e20        0x0
 .rel.iplt      0x00018e20        0x0 main.o

.eh_frame_hdr   0x00018e20        0x0
                0x00018e20                        __eh_frame_hdr_start = .
 *(.eh_frame_hdr)
 *(.eh_frame_hdr.*)
                0x00018e20                        __eh_frame_hdr_end = .

.eh_frame       0x00018e20        0x0
                0x00018e20                        __eh_frame_start = .
 *(.eh_frame)
 *(.eh_frame.*)
                0x00018e20                        __eh_frame_end = .

.data           0x00018e20       0xac
 *(.data*)
 .data          0x00018e20        0x0 main.o
 .data          0x00018e20        0x0 kernel.o
 .data          0x00018e20        0x0 ../../circle/lib/libcircle.a(actled.o)
 .data          0x00018e20       0x36 ../../circle/lib/libcircle.a(devicenameservice.o)
 .data          0x00018e56        0x0 ../../circle/lib/libcircle.a(koptions.o)
 .data          0x00018e56        0x0 ../../circle/lib/libcircle.a(machineinfo.o)
 .data          0x00018e56        0x0 ../../circle/lib/libcircle.a(screen.o)
 .data          0x00018e56        0x0 ../../circle/lib/libcircle.a(string.o)
 .data          0x00018e56        0x0 ../../circle/lib/libcircle.a(sysinit.o)
 *fill*         0x00018e56        0x2 
 .data          0x00018e58       0x30 ../../circle/lib/libcircle.a(timer.o)
                0x00018e58                CTimer::s_pMonthName
 .data          0x00018e88        0x0 ../../circle/lib/libcircle.a(util.o)
 .data          0x00018e88        0x0 ../../circle/lib/libcircle.a(util_fast.o)
 .data          0x00018e88        0x0 ../../circle/lib/libcircle.a(virtualgpiopin.o)
 .data          0x00018e88        0x0 ../../circle/lib/libcircle.a(chainboot.o)
 .data          0x00018e88        0x0 ../../circle/lib/libcircle.a(new.o)
 .data          0x00018e88       0x1c ../../circle/lib/libcircle.a(heapallocator.o)
                0x00018e88                CHeapAllocator::s_nBucketSize
 .data          0x00018ea4        0x0 ../../circle/lib/libcircle.a(font8x16.o)
 .data          0x00018ea4        0x0 ../../circle/lib/libcircle.a(cache-v7.o)
 .data          0x00018ea4        0x0 ../../circle/lib/libcircle.a(memory.o)
 .data          0x00018ea4        0x0 ../../circle/lib/libcircle.a(pagetable.o)
 .data          0x00018ea4        0x0 ../../circle/lib/libcircle.a(startup.o)
 .data          0x00018ea4        0x0 ../../circle/lib/libcircle.a(synchronize.o)
 .data          0x00018ea4        0x0 ../../circle/lib/libcircle.a(interrupt.o)
 .data          0x00018ea4        0x0 ../../circle/lib/libcircle.a(gpiopin.o)
 .data          0x00018ea4        0x0 ../../circle/lib/libcircle.a(assert.o)
 .data          0x00018ea4        0x0 ../../circle/lib/libcircle.a(bcmframebuffer.o)
 .data          0x00018ea4        0x0 ../../circle/lib/libcircle.a(bcmpropertytags.o)
 .data          0x00018ea4        0x0 ../../circle/lib/libcircle.a(debug.o)
 .data          0x00018ea4        0x0 ../../circle/lib/libcircle.a(delayloop.o)
 .data          0x00018ea4        0x0 ../../circle/lib/libcircle.a(device.o)
 .data          0x00018ea4        0x0 ../../circle/lib/libcircle.a(dmachannel.o)
 .data          0x00018ea4        0x0 ../../circle/lib/libcircle.a(logger.o)
 .data          0x00018ea4        0x0 ../../circle/lib/libcircle.a(ptrlist.o)
 .data          0x00018ea4        0x0 ../../circle/lib/libcircle.a(terminal.o)
 .data          0x00018ea4        0x0 ../../circle/lib/libcircle.a(pageallocator.o)
 .data          0x00018ea4       0x10 ../../circle/lib/libcircle.a(exceptionstub.o)
                0x00018ea4                FIQData
                0x00018eb0                IRQReturnAddress
 .data          0x00018eb4        0x0 ../../circle/lib/libcircle.a(gpiomanager.o)
 .data          0x00018eb4        0x0 ../../circle/lib/libcircle.a(display.o)
 .data          0x00018eb4        0x0 ../../circle/lib/libcircle.a(bcmmailbox.o)
 .data          0x00018eb4        0x0 ../../circle/lib/libcircle.a(chargenerator.o)
 *fill*         0x00018eb4        0x4 
 .data          0x00018eb8       0x14 ../../circle/lib/libcircle.a(exceptionhandler.o)
                0x00018eb8                CExceptionHandler::s_pExceptionName
 .data          0x00018ecc        0x0 /opt/arm-gnu-toolchain-15.2.rel1-x86_64-arm-none-eabi/bin/../lib/gcc/arm-none-eabi/15.2.1/thumb/v8-a+simd/hard/libgcc.a(_aeabi_uldivmod.o)
 .data          0x00018ecc        0x0 /opt/arm-gnu-toolchain-15.2.rel1-x86_64-arm-none-eabi/bin/../lib/gcc/arm-none-eabi/15.2.1/thumb/v8-a+simd/hard/libgcc.a(_udivmoddi4.o)
 .data          0x00018ecc        0x0 /opt/arm-gnu-toolchain-15.2.rel1-x86_64-arm-none-eabi/bin/../lib/gcc/arm-none-eabi/15.2.1/thumb/v8-a+simd/hard/libgcc.a(_dvmd_tls.o)

.igot.plt       0x00018ecc        0x0
 .igot.plt      0x00018ecc        0x0 main.o

.tdata          0x00018ed0        0x0
                0x00018ed0                        __tdata_start = .
 *(.tdata .tdata.*)
                0x00018ed0                        __tdata_end = .

.bss            0x00018ed0       0xac
                0x00018ed0                        __bss_start = .
 *(.bss*)
 .bss           0x00018ed0        0x0 main.o
 .bss           0x00018ed0        0x0 kernel.o
 .bss           0x00018ed0        0x4 ../../circle/lib/libcircle.a(actled.o)
                0x00018ed0                CActLED::s_pThis
 .bss           0x00018ed4        0x4 ../../circle/lib/libcircle.a(devicenameservice.o)
                0x00018ed4                CDeviceNameService::s_This
 .bss           0x00018ed8        0x4 ../../circle/lib/libcircle.a(koptions.o)
                0x00018ed8                CKernelOptions::s_pThis
 .bss           0x00018edc        0x4 ../../circle/lib/libcircle.a(machineinfo.o)
                0x00018edc                CMachineInfo::s_pThis
 .bss           0x00018ee0        0x0 ../../circle/lib/libcircle.a(screen.o)
 .bss           0x00018ee0        0x0 ../../circle/lib/libcircle.a(string.o)
 .bss           0x00018ee0       0x14 ../../circle/lib/libcircle.a(sysinit.o)
                0x00018ee4                circle_version_string
                0x00018ef0                __dso_handle
 .bss           0x00018ef4        0x4 ../../circle/lib/libcircle.a(timer.o)
                0x00018ef4                CTimer::s_pThis
 .bss           0x00018ef8        0x0 ../../circle/lib/libcircle.a(util.o)
 .bss           0x00018ef8        0x0 ../../circle/lib/libcircle.a(util_fast.o)
 .bss           0x00018ef8        0x8 ../../circle/lib/libcircle.a(virtualgpiopin.o)
                0x00018ef8                CVirtualGPIOPin::s_nGPIOBaseAddress
                0x00018efc                CVirtualGPIOPin::s_SpinLock
 .bss           0x00018f00        0x8 ../../circle/lib/libcircle.a(chainboot.o)
 .bss           0x00018f08        0x0 ../../circle/lib/libcircle.a(new.o)
 .bss           0x00018f08        0x0 ../../circle/lib/libcircle.a(heapallocator.o)
 .bss           0x00018f08        0x0 ../../circle/lib/libcircle.a(font8x16.o)
 .bss           0x00018f08        0x0 ../../circle/lib/libcircle.a(cache-v7.o)
 .bss           0x00018f08        0x4 ../../circle/lib/libcircle.a(memory.o)
                0x00018f08                CMemorySystem::s_pThis
 .bss           0x00018f0c        0x0 ../../circle/lib/libcircle.a(pagetable.o)
 .bss           0x00018f0c        0x0 ../../circle/lib/libcircle.a(startup.o)
 *fill*         0x00018f0c        0x4 
 .bss           0x00018f10       0x58 ../../circle/lib/libcircle.a(synchronize.o)
 .bss           0x00018f68        0x4 ../../circle/lib/libcircle.a(interrupt.o)
                0x00018f68                CInterruptSystem::s_pThis
 .bss           0x00018f6c        0x4 ../../circle/lib/libcircle.a(gpiopin.o)
                0x00018f6c                CGPIOPin::s_SpinLock
 .bss           0x00018f70        0x0 ../../circle/lib/libcircle.a(assert.o)
 .bss           0x00018f70        0x0 ../../circle/lib/libcircle.a(bcmframebuffer.o)
 .bss           0x00018f70        0x0 ../../circle/lib/libcircle.a(bcmpropertytags.o)
 .bss           0x00018f70        0x0 ../../circle/lib/libcircle.a(debug.o)
 .bss           0x00018f70        0x0 ../../circle/lib/libcircle.a(delayloop.o)
 .bss           0x00018f70        0x0 ../../circle/lib/libcircle.a(device.o)
 .bss           0x00018f70        0x0 ../../circle/lib/libcircle.a(dmachannel.o)
 .bss           0x00018f70        0x4 ../../circle/lib/libcircle.a(logger.o)
                0x00018f70                CLogger::s_pThis
 .bss           0x00018f74        0x0 ../../circle/lib/libcircle.a(ptrlist.o)
 .bss           0x00018f74        0x0 ../../circle/lib/libcircle.a(terminal.o)
 .bss           0x00018f74        0x0 ../../circle/lib/libcircle.a(pageallocator.o)
 .bss           0x00018f74        0x0 ../../circle/lib/libcircle.a(exceptionstub.o)
 .bss           0x00018f74        0x0 ../../circle/lib/libcircle.a(gpiomanager.o)
 .bss           0x00018f74        0x0 ../../circle/lib/libcircle.a(display.o)
 .bss           0x00018f74        0x4 ../../circle/lib/libcircle.a(bcmmailbox.o)
                0x00018f74                CBcmMailBox::s_SpinLock
 .bss           0x00018f78        0x0 ../../circle/lib/libcircle.a(chargenerator.o)
 .bss           0x00018f78        0x4 ../../circle/lib/libcircle.a(exceptionhandler.o)
                0x00018f78                CExceptionHandler::s_pThis
 .bss           0x00018f7c        0x0 /opt/arm-gnu-toolchain-15.2.rel1-x86_64-arm-none-eabi/bin/../lib/gcc/arm-none-eabi/15.2.1/thumb/v8-a+simd/hard/libgcc.a(_aeabi_uldivmod.o)
 .bss           0x00018f7c        0x0 /opt/arm-gnu-toolchain-15.2.rel1-x86_64-arm-none-eabi/bin/../lib/gcc/arm-none-eabi/15.2.1/thumb/v8-a+simd/hard/libgcc.a(_udivmoddi4.o)
 .bss           0x00018f7c        0x0 /opt/arm-gnu-toolchain-15.2.rel1-x86_64-arm-none-eabi/bin/../lib/gcc/arm-none-eabi/15.2.1/thumb/v8-a+simd/hard/libgcc.a(_dvmd_tls.o)
 *(COMMON)
                0x00018f7c                        __bss_end = .

.tbss           0x00018f80        0x0
                0x00018f80                        __tbss_start = .
 *(.tbss .tbss.*)
                0x00018f80                        __tbss_end = .
                0x00018f80                        _end = .
LOAD main.o
LOAD kernel.o
START GROUP
LOAD ../../circle/lib/libcircle.a
LOAD /opt/arm-gnu-toolchain-15.2.rel1-x86_64-arm-none-eabi/bin/../lib/gcc/arm-none-eabi/15.2.1/thumb/v8-a+simd/hard/libgcc.a
LOAD /opt/arm-gnu-toolchain-15.2.rel1-x86_64-arm-none-eabi/bin/../lib/gcc/arm-none-eabi/15.2.1/../../../../arm-none-eabi/lib/thumb/v8-a+simd/hard/libm.a
END GROUP
OUTPUT(kernel8-32.elf elf32-littlearm)
LOAD linker stubs

.debug_info     0x00000000    0x2d6ae
 .debug_info    0x00000000      0xb70 main.o
 .debug_info    0x00000b70     0x1afc kernel.o
 .debug_info    0x0000266c     0x144a ../../circle/lib/libcircle.a(actled.o)
 .debug_info    0x00003ab6     0x12c4 ../../circle/lib/libcircle.a(devicenameservice.o)
 .debug_info    0x00004d7a     0x19aa ../../circle/lib/libcircle.a(koptions.o)
 .debug_info    0x00006724     0x10af ../../circle/lib/libcircle.a(machineinfo.o)
 .debug_info    0x000077d3     0x1589 ../../circle/lib/libcircle.a(screen.o)
 .debug_info    0x00008d5c     0x2eb6 ../../circle/lib/libcircle.a(string.o)
 .debug_info    0x0000bc12     0x1be9 ../../circle/lib/libcircle.a(sysinit.o)
 .debug_info    0x0000d7fb     0x28ad ../../circle/lib/libcircle.a(timer.o)
 .debug_info    0x000100a8      0xb07 ../../circle/lib/libcircle.a(util.o)
 .debug_info    0x00010baf     0x10db ../../circle/lib/libcircle.a(virtualgpiopin.o)
 .debug_info    0x00011c8a      0x23e ../../circle/lib/libcircle.a(chainboot.o)
 .debug_info    0x00011ec8      0xe2f ../../circle/lib/libcircle.a(new.o)
 .debug_info    0x00012cf7     0x18b2 ../../circle/lib/libcircle.a(heapallocator.o)
 .debug_info    0x000145a9       0xdc ../../circle/lib/libcircle.a(font8x16.o)
 .debug_info    0x00014685      0xfc6 ../../circle/lib/libcircle.a(memory.o)
 .debug_info    0x0001564b      0x2b0 ../../circle/lib/libcircle.a(pagetable.o)
 .debug_info    0x000158fb      0x227 ../../circle/lib/libcircle.a(synchronize.o)
 .debug_info    0x00015b22     0x120e ../../circle/lib/libcircle.a(interrupt.o)
 .debug_info    0x00016d30     0x2c8a ../../circle/lib/libcircle.a(gpiopin.o)
 .debug_info    0x000199ba      0xf00 ../../circle/lib/libcircle.a(assert.o)
 .debug_info    0x0001a8ba     0x2470 ../../circle/lib/libcircle.a(bcmframebuffer.o)
 .debug_info    0x0001cd2a      0xd47 ../../circle/lib/libcircle.a(bcmpropertytags.o)
 .debug_info    0x0001da71     0x11e8 ../../circle/lib/libcircle.a(debug.o)
 .debug_info    0x0001ec59      0xd91 ../../circle/lib/libcircle.a(device.o)
 .debug_info    0x0001f9ea     0x26cb ../../circle/lib/libcircle.a(dmachannel.o)
 .debug_info    0x000220b5     0x2483 ../../circle/lib/libcircle.a(logger.o)
 .debug_info    0x00024538      0x7c8 ../../circle/lib/libcircle.a(ptrlist.o)
 .debug_info    0x00024d00     0x4a43 ../../circle/lib/libcircle.a(terminal.o)
 .debug_info    0x00029743      0x5bb ../../circle/lib/libcircle.a(pageallocator.o)
 .debug_info    0x00029cfe      0xa34 ../../circle/lib/libcircle.a(gpiomanager.o)
 .debug_info    0x0002a732      0x5a4 ../../circle/lib/libcircle.a(display.o)
 .debug_info    0x0002acd6     0x1042 ../../circle/lib/libcircle.a(bcmmailbox.o)
 .debug_info    0x0002bd18      0x44e ../../circle/lib/libcircle.a(chargenerator.o)
 .debug_info    0x0002c166     0x1548 ../../circle/lib/libcircle.a(exceptionhandler.o)

.debug_abbrev   0x00000000     0x90b3
 .debug_abbrev  0x00000000      0x2ac main.o
 .debug_abbrev  0x000002ac      0x491 kernel.o
 .debug_abbrev  0x0000073d      0x46a ../../circle/lib/libcircle.a(actled.o)
 .debug_abbrev  0x00000ba7      0x450 ../../circle/lib/libcircle.a(devicenameservice.o)
 .debug_abbrev  0x00000ff7      0x48c ../../circle/lib/libcircle.a(koptions.o)
 .debug_abbrev  0x00001483      0x45f ../../circle/lib/libcircle.a(machineinfo.o)
 .debug_abbrev  0x000018e2      0x480 ../../circle/lib/libcircle.a(screen.o)
 .debug_abbrev  0x00001d62      0x4b3 ../../circle/lib/libcircle.a(string.o)
 .debug_abbrev  0x00002215      0x593 ../../circle/lib/libcircle.a(sysinit.o)
 .debug_abbrev  0x000027a8      0x682 ../../circle/lib/libcircle.a(timer.o)
 .debug_abbrev  0x00002e2a      0x29e ../../circle/lib/libcircle.a(util.o)
 .debug_abbrev  0x000030c8      0x4e3 ../../circle/lib/libcircle.a(virtualgpiopin.o)
 .debug_abbrev  0x000035ab      0x14b ../../circle/lib/libcircle.a(chainboot.o)
 .debug_abbrev  0x000036f6      0x35b ../../circle/lib/libcircle.a(new.o)
 .debug_abbrev  0x00003a51      0x4fc ../../circle/lib/libcircle.a(heapallocator.o)
 .debug_abbrev  0x00003f4d       0x9e ../../circle/lib/libcircle.a(font8x16.o)
 .debug_abbrev  0x00003feb      0x47e ../../circle/lib/libcircle.a(memory.o)
 .debug_abbrev  0x00004469      0x1e7 ../../circle/lib/libcircle.a(pagetable.o)
 .debug_abbrev  0x00004650      0x12c ../../circle/lib/libcircle.a(synchronize.o)
 .debug_abbrev  0x0000477c      0x530 ../../circle/lib/libcircle.a(interrupt.o)
 .debug_abbrev  0x00004cac      0x646 ../../circle/lib/libcircle.a(gpiopin.o)
 .debug_abbrev  0x000052f2      0x2ec ../../circle/lib/libcircle.a(assert.o)
 .debug_abbrev  0x000055de      0x785 ../../circle/lib/libcircle.a(bcmframebuffer.o)
 .debug_abbrev  0x00005d63      0x340 ../../circle/lib/libcircle.a(bcmpropertytags.o)
 .debug_abbrev  0x000060a3      0x360 ../../circle/lib/libcircle.a(debug.o)
 .debug_abbrev  0x00006403      0x401 ../../circle/lib/libcircle.a(device.o)
 .debug_abbrev  0x00006804      0x53f ../../circle/lib/libcircle.a(dmachannel.o)
 .debug_abbrev  0x00006d43      0x5f9 ../../circle/lib/libcircle.a(logger.o)
 .debug_abbrev  0x0000733c      0x205 ../../circle/lib/libcircle.a(ptrlist.o)
 .debug_abbrev  0x00007541      0x78c ../../circle/lib/libcircle.a(terminal.o)
 .debug_abbrev  0x00007ccd      0x2af ../../circle/lib/libcircle.a(pageallocator.o)
 .debug_abbrev  0x00007f7c      0x389 ../../circle/lib/libcircle.a(gpiomanager.o)
 .debug_abbrev  0x00008305      0x2a0 ../../circle/lib/libcircle.a(display.o)
 .debug_abbrev  0x000085a5      0x424 ../../circle/lib/libcircle.a(bcmmailbox.o)
 .debug_abbrev  0x000089c9      0x1d7 ../../circle/lib/libcircle.a(chargenerator.o)
 .debug_abbrev  0x00008ba0      0x513 ../../circle/lib/libcircle.a(exceptionhandler.o)

.debug_loclists
                0x00000000    0x1046e
 .debug_loclists
                0x00000000       0x20 main.o
 .debug_loclists
                0x00000020      0x132 kernel.o
 .debug_loclists
                0x00000152      0x17a ../../circle/lib/libcircle.a(actled.o)
 .debug_loclists
                0x000002cc      0x795 ../../circle/lib/libcircle.a(devicenameservice.o)
 .debug_loclists
                0x00000a61      0x6eb ../../circle/lib/libcircle.a(koptions.o)
 .debug_loclists
                0x0000114c      0x535 ../../circle/lib/libcircle.a(machineinfo.o)
 .debug_loclists
                0x00001681      0x586 ../../circle/lib/libcircle.a(screen.o)
 .debug_loclists
                0x00001c07     0x23ca ../../circle/lib/libcircle.a(string.o)
 .debug_loclists
                0x00003fd1       0xc5 ../../circle/lib/libcircle.a(sysinit.o)
 .debug_loclists
                0x00004096     0x1223 ../../circle/lib/libcircle.a(timer.o)
 .debug_loclists
                0x000052b9     0x141a ../../circle/lib/libcircle.a(util.o)
 .debug_loclists
                0x000066d3      0x2cd ../../circle/lib/libcircle.a(virtualgpiopin.o)
 .debug_loclists
                0x000069a0       0xf0 ../../circle/lib/libcircle.a(chainboot.o)
 .debug_loclists
                0x00006a90      0x42b ../../circle/lib/libcircle.a(new.o)
 .debug_loclists
                0x00006ebb      0x6b8 ../../circle/lib/libcircle.a(heapallocator.o)
 .debug_loclists
                0x00007573      0x24b ../../circle/lib/libcircle.a(memory.o)
 .debug_loclists
                0x000077be       0x8c ../../circle/lib/libcircle.a(pagetable.o)
 .debug_loclists
                0x0000784a       0xb4 ../../circle/lib/libcircle.a(synchronize.o)
 .debug_loclists
                0x000078fe      0x9fe ../../circle/lib/libcircle.a(interrupt.o)
 .debug_loclists
                0x000082fc     0x1854 ../../circle/lib/libcircle.a(gpiopin.o)
 .debug_loclists
                0x00009b50       0x44 ../../circle/lib/libcircle.a(assert.o)
 .debug_loclists
                0x00009b94      0x754 ../../circle/lib/libcircle.a(bcmframebuffer.o)
 .debug_loclists
                0x0000a2e8      0x2d8 ../../circle/lib/libcircle.a(bcmpropertytags.o)
 .debug_loclists
                0x0000a5c0      0x1de ../../circle/lib/libcircle.a(debug.o)
 .debug_loclists
                0x0000a79e      0x474 ../../circle/lib/libcircle.a(device.o)
 .debug_loclists
                0x0000ac12     0x1558 ../../circle/lib/libcircle.a(dmachannel.o)
 .debug_loclists
                0x0000c16a      0x884 ../../circle/lib/libcircle.a(logger.o)
 .debug_loclists
                0x0000c9ee      0x379 ../../circle/lib/libcircle.a(ptrlist.o)
 .debug_loclists
                0x0000cd67     0x26fd ../../circle/lib/libcircle.a(terminal.o)
 .debug_loclists
                0x0000f464      0x171 ../../circle/lib/libcircle.a(pageallocator.o)
 .debug_loclists
                0x0000f5d5      0x4b3 ../../circle/lib/libcircle.a(gpiomanager.o)
 .debug_loclists
                0x0000fa88      0x338 ../../circle/lib/libcircle.a(display.o)
 .debug_loclists
                0x0000fdc0      0x273 ../../circle/lib/libcircle.a(bcmmailbox.o)
 .debug_loclists
                0x00010033      0x173 ../../circle/lib/libcircle.a(chargenerator.o)
 .debug_loclists
                0x000101a6      0x2c8 ../../circle/lib/libcircle.a(exceptionhandler.o)

.debug_aranges  0x00000000      0x490
 .debug_aranges
                0x00000000       0x20 main.o
 .debug_aranges
                0x00000020       0x20 kernel.o
 .debug_aranges
                0x00000040       0x20 ../../circle/lib/libcircle.a(actled.o)
 .debug_aranges
                0x00000060       0x20 ../../circle/lib/libcircle.a(devicenameservice.o)
 .debug_aranges
                0x00000080       0x20 ../../circle/lib/libcircle.a(koptions.o)
 .debug_aranges
                0x000000a0       0x20 ../../circle/lib/libcircle.a(machineinfo.o)
 .debug_aranges
                0x000000c0       0x20 ../../circle/lib/libcircle.a(screen.o)
 .debug_aranges
                0x000000e0       0x20 ../../circle/lib/libcircle.a(string.o)
 .debug_aranges
                0x00000100       0x20 ../../circle/lib/libcircle.a(sysinit.o)
 .debug_aranges
                0x00000120       0x20 ../../circle/lib/libcircle.a(timer.o)
 .debug_aranges
                0x00000140       0x20 ../../circle/lib/libcircle.a(util.o)
 .debug_aranges
                0x00000160       0x28 ../../circle/lib/libcircle.a(virtualgpiopin.o)
 .debug_aranges
                0x00000188       0x20 ../../circle/lib/libcircle.a(chainboot.o)
 .debug_aranges
                0x000001a8       0x20 ../../circle/lib/libcircle.a(new.o)
 .debug_aranges
                0x000001c8       0x20 ../../circle/lib/libcircle.a(heapallocator.o)
 .debug_aranges
                0x000001e8       0x18 ../../circle/lib/libcircle.a(font8x16.o)
 .debug_aranges
                0x00000200       0x20 ../../circle/lib/libcircle.a(memory.o)
 .debug_aranges
                0x00000220       0x20 ../../circle/lib/libcircle.a(pagetable.o)
 .debug_aranges
                0x00000240       0x20 ../../circle/lib/libcircle.a(synchronize.o)
 .debug_aranges
                0x00000260       0x20 ../../circle/lib/libcircle.a(interrupt.o)
 .debug_aranges
                0x00000280       0x28 ../../circle/lib/libcircle.a(gpiopin.o)
 .debug_aranges
                0x000002a8       0x20 ../../circle/lib/libcircle.a(assert.o)
 .debug_aranges
                0x000002c8       0x20 ../../circle/lib/libcircle.a(bcmframebuffer.o)
 .debug_aranges
                0x000002e8       0x20 ../../circle/lib/libcircle.a(bcmpropertytags.o)
 .debug_aranges
                0x00000308       0x20 ../../circle/lib/libcircle.a(debug.o)
 .debug_aranges
                0x00000328       0x20 ../../circle/lib/libcircle.a(device.o)
 .debug_aranges
                0x00000348       0x20 ../../circle/lib/libcircle.a(dmachannel.o)
 .debug_aranges
                0x00000368       0x20 ../../circle/lib/libcircle.a(logger.o)
 .debug_aranges
                0x00000388       0x20 ../../circle/lib/libcircle.a(ptrlist.o)
 .debug_aranges
                0x000003a8       0x20 ../../circle/lib/libcircle.a(terminal.o)
 .debug_aranges
                0x000003c8       0x20 ../../circle/lib/libcircle.a(pageallocator.o)
 .debug_aranges
                0x000003e8       0x20 ../../circle/lib/libcircle.a(gpiomanager.o)
 .debug_aranges
                0x00000408       0x20 ../../circle/lib/libcircle.a(display.o)
 .debug_aranges
                0x00000428       0x28 ../../circle/lib/libcircle.a(bcmmailbox.o)
 .debug_aranges
                0x00000450       0x20 ../../circle/lib/libcircle.a(chargenerator.o)
 .debug_aranges
                0x00000470       0x20 ../../circle/lib/libcircle.a(exceptionhandler.o)

.debug_rnglists
                0x00000000     0x15ef
 .debug_rnglists
                0x00000000       0x13 main.o
 .debug_rnglists
                0x00000013       0x22 kernel.o
 .debug_rnglists
                0x00000035       0x4d ../../circle/lib/libcircle.a(actled.o)
 .debug_rnglists
                0x00000082       0xb7 ../../circle/lib/libcircle.a(devicenameservice.o)
 .debug_rnglists
                0x00000139       0xb1 ../../circle/lib/libcircle.a(koptions.o)
 .debug_rnglists
                0x000001ea       0x22 ../../circle/lib/libcircle.a(machineinfo.o)
 .debug_rnglists
                0x0000020c       0x3c ../../circle/lib/libcircle.a(screen.o)
 .debug_rnglists
                0x00000248      0x1ed ../../circle/lib/libcircle.a(string.o)
 .debug_rnglists
                0x00000435       0x20 ../../circle/lib/libcircle.a(sysinit.o)
 .debug_rnglists
                0x00000455      0x255 ../../circle/lib/libcircle.a(timer.o)
 .debug_rnglists
                0x000006aa       0xcc ../../circle/lib/libcircle.a(util.o)
 .debug_rnglists
                0x00000776       0x91 ../../circle/lib/libcircle.a(virtualgpiopin.o)
 .debug_rnglists
                0x00000807       0x3b ../../circle/lib/libcircle.a(new.o)
 .debug_rnglists
                0x00000842       0x98 ../../circle/lib/libcircle.a(heapallocator.o)
 .debug_rnglists
                0x000008da       0x36 ../../circle/lib/libcircle.a(memory.o)
 .debug_rnglists
                0x00000910       0x21 ../../circle/lib/libcircle.a(pagetable.o)
 .debug_rnglists
                0x00000931       0xe9 ../../circle/lib/libcircle.a(interrupt.o)
 .debug_rnglists
                0x00000a1a      0x22e ../../circle/lib/libcircle.a(gpiopin.o)
 .debug_rnglists
                0x00000c48       0x43 ../../circle/lib/libcircle.a(bcmframebuffer.o)
 .debug_rnglists
                0x00000c8b       0x67 ../../circle/lib/libcircle.a(debug.o)
 .debug_rnglists
                0x00000cf2       0x17 ../../circle/lib/libcircle.a(device.o)
 .debug_rnglists
                0x00000d09      0x12c ../../circle/lib/libcircle.a(dmachannel.o)
 .debug_rnglists
                0x00000e35       0xd2 ../../circle/lib/libcircle.a(logger.o)
 .debug_rnglists
                0x00000f07       0x1e ../../circle/lib/libcircle.a(ptrlist.o)
 .debug_rnglists
                0x00000f25      0x517 ../../circle/lib/libcircle.a(terminal.o)
 .debug_rnglists
                0x0000143c       0x5d ../../circle/lib/libcircle.a(pageallocator.o)
 .debug_rnglists
                0x00001499       0x39 ../../circle/lib/libcircle.a(gpiomanager.o)
 .debug_rnglists
                0x000014d2       0xc7 ../../circle/lib/libcircle.a(bcmmailbox.o)
 .debug_rnglists
                0x00001599       0x56 ../../circle/lib/libcircle.a(exceptionhandler.o)

.debug_line     0x00000000     0xf53f
 .debug_line    0x00000000      0x115 main.o
 .debug_line    0x00000115      0x29d kernel.o
 .debug_line    0x000003b2      0x320 ../../circle/lib/libcircle.a(actled.o)
 .debug_line    0x000006d2      0x7ad ../../circle/lib/libcircle.a(devicenameservice.o)
 .debug_line    0x00000e7f      0x8ab ../../circle/lib/libcircle.a(koptions.o)
 .debug_line    0x0000172a      0x5cd ../../circle/lib/libcircle.a(machineinfo.o)
 .debug_line    0x00001cf7      0x45b ../../circle/lib/libcircle.a(screen.o)
 .debug_line    0x00002152     0x198e ../../circle/lib/libcircle.a(string.o)
 .debug_line    0x00003ae0      0x3c9 ../../circle/lib/libcircle.a(sysinit.o)
 .debug_line    0x00003ea9     0x117e ../../circle/lib/libcircle.a(timer.o)
 .debug_line    0x00005027      0xb07 ../../circle/lib/libcircle.a(util.o)
 .debug_line    0x00005b2e      0x3c7 ../../circle/lib/libcircle.a(virtualgpiopin.o)
 .debug_line    0x00005ef5       0xe4 ../../circle/lib/libcircle.a(chainboot.o)
 .debug_line    0x00005fd9      0x285 ../../circle/lib/libcircle.a(new.o)
 .debug_line    0x0000625e      0x5db ../../circle/lib/libcircle.a(heapallocator.o)
 .debug_line    0x00006839       0x49 ../../circle/lib/libcircle.a(font8x16.o)
 .debug_line    0x00006882      0x367 ../../circle/lib/libcircle.a(memory.o)
 .debug_line    0x00006be9      0x139 ../../circle/lib/libcircle.a(pagetable.o)
 .debug_line    0x00006d22      0x152 ../../circle/lib/libcircle.a(synchronize.o)
 .debug_line    0x00006e74      0x943 ../../circle/lib/libcircle.a(interrupt.o)
 .debug_line    0x000077b7     0x1227 ../../circle/lib/libcircle.a(gpiopin.o)
 .debug_line    0x000089de      0x139 ../../circle/lib/libcircle.a(assert.o)
 .debug_line    0x00008b17      0x722 ../../circle/lib/libcircle.a(bcmframebuffer.o)
 .debug_line    0x00009239      0x2ae ../../circle/lib/libcircle.a(bcmpropertytags.o)
 .debug_line    0x000094e7      0x2ec ../../circle/lib/libcircle.a(debug.o)
 .debug_line    0x000097d3      0x332 ../../circle/lib/libcircle.a(device.o)
 .debug_line    0x00009b05     0x112a ../../circle/lib/libcircle.a(dmachannel.o)
 .debug_line    0x0000ac2f      0xa55 ../../circle/lib/libcircle.a(logger.o)
 .debug_line    0x0000b684      0x3ec ../../circle/lib/libcircle.a(ptrlist.o)
 .debug_line    0x0000ba70     0x298b ../../circle/lib/libcircle.a(terminal.o)
 .debug_line    0x0000e3fb      0x2b9 ../../circle/lib/libcircle.a(pageallocator.o)
 .debug_line    0x0000e6b4      0x40f ../../circle/lib/libcircle.a(gpiomanager.o)
 .debug_line    0x0000eac3      0x1dd ../../circle/lib/libcircle.a(display.o)
 .debug_line    0x0000eca0      0x37d ../../circle/lib/libcircle.a(bcmmailbox.o)
 .debug_line    0x0000f01d      0x17e ../../circle/lib/libcircle.a(chargenerator.o)
 .debug_line    0x0000f19b      0x3a4 ../../circle/lib/libcircle.a(exceptionhandler.o)

.debug_str      0x00000000     0x74cd
 .debug_str     0x00000000     0x74cd main.o
                                0xd24 (size before relaxing)
 .debug_str     0x000074cd        0x0 kernel.o
                               0x1c7d (size before relaxing)
 .debug_str     0x000074cd        0x0 ../../circle/lib/libcircle.a(actled.o)
                               0x172b (size before relaxing)
 .debug_str     0x000074cd        0x0 ../../circle/lib/libcircle.a(devicenameservice.o)
                                0x797 (size before relaxing)
 .debug_str     0x000074cd        0x0 ../../circle/lib/libcircle.a(koptions.o)
                                0xbe2 (size before relaxing)
 .debug_str     0x000074cd        0x0 ../../circle/lib/libcircle.a(machineinfo.o)
                                0xcd3 (size before relaxing)
 .debug_str     0x000074cd        0x0 ../../circle/lib/libcircle.a(screen.o)
                                0xea8 (size before relaxing)
 .debug_str     0x000074cd        0x0 ../../circle/lib/libcircle.a(string.o)
                                0x772 (size before relaxing)
 .debug_str     0x000074cd        0x0 ../../circle/lib/libcircle.a(sysinit.o)
                               0x1e0e (size before relaxing)
 .debug_str     0x000074cd        0x0 ../../circle/lib/libcircle.a(timer.o)
                               0x13ed (size before relaxing)
 .debug_str     0x000074cd        0x0 ../../circle/lib/libcircle.a(util.o)
                                0x35b (size before relaxing)
 .debug_str     0x000074cd        0x0 ../../circle/lib/libcircle.a(virtualgpiopin.o)
                                0xd94 (size before relaxing)
 .debug_str     0x000074cd        0x0 ../../circle/lib/libcircle.a(chainboot.o)
                                0x21d (size before relaxing)
 .debug_str     0x000074cd        0x0 ../../circle/lib/libcircle.a(new.o)
                                0x9dd (size before relaxing)
 .debug_str     0x000074cd        0x0 ../../circle/lib/libcircle.a(heapallocator.o)
                               0x13d7 (size before relaxing)
 .debug_str     0x000074cd        0x0 ../../circle/lib/libcircle.a(font8x16.o)
                                0x153 (size before relaxing)
 .debug_str     0x000074cd        0x0 ../../circle/lib/libcircle.a(memory.o)
                                0xc2f (size before relaxing)
 .debug_str     0x000074cd        0x0 ../../circle/lib/libcircle.a(pagetable.o)
                                0x256 (size before relaxing)
 .debug_str     0x000074cd        0x0 ../../circle/lib/libcircle.a(synchronize.o)
                                0x1fb (size before relaxing)
 .debug_str     0x000074cd        0x0 ../../circle/lib/libcircle.a(interrupt.o)
                                0x5e3 (size before relaxing)
 .debug_str     0x000074cd        0x0 ../../circle/lib/libcircle.a(gpiopin.o)
                               0x1e19 (size before relaxing)
 .debug_str     0x000074cd        0x0 ../../circle/lib/libcircle.a(assert.o)
                               0x114f (size before relaxing)
 .debug_str     0x000074cd        0x0 ../../circle/lib/libcircle.a(bcmframebuffer.o)
                               0x1c21 (size before relaxing)
 .debug_str     0x000074cd        0x0 ../../circle/lib/libcircle.a(bcmpropertytags.o)
                                0xb57 (size before relaxing)
 .debug_str     0x000074cd        0x0 ../../circle/lib/libcircle.a(debug.o)
                               0x1223 (size before relaxing)
 .debug_str     0x000074cd        0x0 ../../circle/lib/libcircle.a(device.o)
                                0x7a8 (size before relaxing)
 .debug_str     0x000074cd        0x0 ../../circle/lib/libcircle.a(dmachannel.o)
                               0x1a67 (size before relaxing)
 .debug_str     0x000074cd        0x0 ../../circle/lib/libcircle.a(logger.o)
                               0x1b98 (size before relaxing)
 .debug_str     0x000074cd        0x0 ../../circle/lib/libcircle.a(ptrlist.o)
                                0x336 (size before relaxing)
 .debug_str     0x000074cd        0x0 ../../circle/lib/libcircle.a(terminal.o)
                               0x20a1 (size before relaxing)
 .debug_str     0x000074cd        0x0 ../../circle/lib/libcircle.a(pageallocator.o)
                                0x3af (size before relaxing)
 .debug_str     0x000074cd        0x0 ../../circle/lib/libcircle.a(gpiomanager.o)
                                0x6f7 (size before relaxing)
 .debug_str     0x000074cd        0x0 ../../circle/lib/libcircle.a(display.o)
                                0x51b (size before relaxing)
 .debug_str     0x000074cd        0x0 ../../circle/lib/libcircle.a(bcmmailbox.o)
                                0xe9f (size before relaxing)
 .debug_str     0x000074cd        0x0 ../../circle/lib/libcircle.a(chargenerator.o)
                                0x451 (size before relaxing)
 .debug_str     0x000074cd        0x0 ../../circle/lib/libcircle.a(exceptionhandler.o)
                               0x13c1 (size before relaxing)

.comment        0x00000000       0x45
 .comment       0x00000000       0x45 main.o
                                 0x46 (size before relaxing)
 .comment       0x00000045        0x0 kernel.o
                                 0x46 (size before relaxing)
 .comment       0x00000045        0x0 ../../circle/lib/libcircle.a(actled.o)
                                 0x46 (size before relaxing)
 .comment       0x00000045        0x0 ../../circle/lib/libcircle.a(devicenameservice.o)
                                 0x46 (size before relaxing)
 .comment       0x00000045        0x0 ../../circle/lib/libcircle.a(koptions.o)
                                 0x46 (size before relaxing)
 .comment       0x00000045        0x0 ../../circle/lib/libcircle.a(machineinfo.o)
                                 0x46 (size before relaxing)
 .comment       0x00000045        0x0 ../../circle/lib/libcircle.a(screen.o)
                                 0x46 (size before relaxing)
 .comment       0x00000045        0x0 ../../circle/lib/libcircle.a(string.o)
                                 0x46 (size before relaxing)
 .comment       0x00000045        0x0 ../../circle/lib/libcircle.a(sysinit.o)
                                 0x46 (size before relaxing)
 .comment       0x00000045        0x0 ../../circle/lib/libcircle.a(timer.o)
                                 0x46 (size before relaxing)
 .comment       0x00000045        0x0 ../../circle/lib/libcircle.a(util.o)
                                 0x46 (size before relaxing)
 .comment       0x00000045        0x0 ../../circle/lib/libcircle.a(virtualgpiopin.o)
                                 0x46 (size before relaxing)
 .comment       0x00000045        0x0 ../../circle/lib/libcircle.a(chainboot.o)
                                 0x46 (size before relaxing)
 .comment       0x00000045        0x0 ../../circle/lib/libcircle.a(new.o)
                                 0x46 (size before relaxing)
 .comment       0x00000045        0x0 ../../circle/lib/libcircle.a(heapallocator.o)
                                 0x46 (size before relaxing)
 .comment       0x00000045        0x0 ../../circle/lib/libcircle.a(font8x16.o)
                                 0x46 (size before relaxing)
 .comment       0x00000045        0x0 ../../circle/lib/libcircle.a(memory.o)
                                 0x46 (size before relaxing)
 .comment       0x00000045        0x0 ../../circle/lib/libcircle.a(pagetable.o)
                                 0x46 (size before relaxing)
 .comment       0x00000045        0x0 ../../circle/lib/libcircle.a(synchronize.o)
                                 0x46 (size before relaxing)
 .comment       0x00000045        0x0 ../../circle/lib/libcircle.a(interrupt.o)
                                 0x46 (size before relaxing)
 .comment       0x00000045        0x0 ../../circle/lib/libcircle.a(gpiopin.o)
                                 0x46 (size before relaxing)
 .comment       0x00000045        0x0 ../../circle/lib/libcircle.a(assert.o)
                                 0x46 (size before relaxing)
 .comment       0x00000045        0x0 ../../circle/lib/libcircle.a(bcmframebuffer.o)
                                 0x46 (size before relaxing)
 .comment       0x00000045        0x0 ../../circle/lib/libcircle.a(bcmpropertytags.o)
                                 0x46 (size before relaxing)
 .comment       0x00000045        0x0 ../../circle/lib/libcircle.a(debug.o)
                                 0x46 (size before relaxing)
 .comment       0x00000045        0x0 ../../circle/lib/libcircle.a(device.o)
                                 0x46 (size before relaxing)
 .comment       0x00000045        0x0 ../../circle/lib/libcircle.a(dmachannel.o)
                                 0x46 (size before relaxing)
 .comment       0x00000045        0x0 ../../circle/lib/libcircle.a(logger.o)
                                 0x46 (size before relaxing)
 .comment       0x00000045        0x0 ../../circle/lib/libcircle.a(ptrlist.o)
                                 0x46 (size before relaxing)
 .comment       0x00000045        0x0 ../../circle/lib/libcircle.a(terminal.o)
                                 0x46 (size before relaxing)
 .comment       0x00000045        0x0 ../../circle/lib/libcircle.a(pageallocator.o)
                                 0x46 (size before relaxing)
 .comment       0x00000045        0x0 ../../circle/lib/libcircle.a(gpiomanager.o)
                                 0x46 (size before relaxing)
 .comment       0x00000045        0x0 ../../circle/lib/libcircle.a(display.o)
                                 0x46 (size before relaxing)
 .comment       0x00000045        0x0 ../../circle/lib/libcircle.a(bcmmailbox.o)
                                 0x46 (size before relaxing)
 .comment       0x00000045        0x0 ../../circle/lib/libcircle.a(chargenerator.o)
                                 0x46 (size before relaxing)
 .comment       0x00000045        0x0 ../../circle/lib/libcircle.a(exceptionhandler.o)
                                 0x46 (size before relaxing)

.ARM.attributes
                0x00000000       0x37
 .ARM.attributes
                0x00000000       0x39 main.o
 .ARM.attributes
                0x00000039       0x39 kernel.o
 .ARM.attributes
                0x00000072       0x37 ../../circle/lib/libcircle.a(actled.o)
 .ARM.attributes
                0x000000a9       0x37 ../../circle/lib/libcircle.a(devicenameservice.o)
 .ARM.attributes
                0x000000e0       0x37 ../../circle/lib/libcircle.a(koptions.o)
 .ARM.attributes
                0x00000117       0x37 ../../circle/lib/libcircle.a(machineinfo.o)
 .ARM.attributes
                0x0000014e       0x37 ../../circle/lib/libcircle.a(screen.o)
 .ARM.attributes
                0x00000185       0x37 ../../circle/lib/libcircle.a(string.o)
 .ARM.attributes
                0x000001bc       0x37 ../../circle/lib/libcircle.a(sysinit.o)
 .ARM.attributes
                0x000001f3       0x37 ../../circle/lib/libcircle.a(timer.o)
 .ARM.attributes
                0x0000022a       0x37 ../../circle/lib/libcircle.a(util.o)
 .ARM.attributes
                0x00000261       0x25 ../../circle/lib/libcircle.a(util_fast.o)
 .ARM.attributes
                0x00000286       0x37 ../../circle/lib/libcircle.a(virtualgpiopin.o)
 .ARM.attributes
                0x000002bd       0x37 ../../circle/lib/libcircle.a(chainboot.o)
 .ARM.attributes
                0x000002f4       0x37 ../../circle/lib/libcircle.a(new.o)
 .ARM.attributes
                0x0000032b       0x37 ../../circle/lib/libcircle.a(heapallocator.o)
 .ARM.attributes
                0x00000362       0x37 ../../circle/lib/libcircle.a(font8x16.o)
 .ARM.attributes
                0x00000399       0x25 ../../circle/lib/libcircle.a(cache-v7.o)
 .ARM.attributes
                0x000003be       0x37 ../../circle/lib/libcircle.a(memory.o)
 .ARM.attributes
                0x000003f5       0x37 ../../circle/lib/libcircle.a(pagetable.o)
 .ARM.attributes
                0x0000042c       0x25 ../../circle/lib/libcircle.a(startup.o)
 .ARM.attributes
                0x00000451       0x37 ../../circle/lib/libcircle.a(synchronize.o)
 .ARM.attributes
                0x00000488       0x37 ../../circle/lib/libcircle.a(interrupt.o)
 .ARM.attributes
                0x000004bf       0x37 ../../circle/lib/libcircle.a(gpiopin.o)
 .ARM.attributes
                0x000004f6       0x37 ../../circle/lib/libcircle.a(assert.o)
 .ARM.attributes
                0x0000052d       0x37 ../../circle/lib/libcircle.a(bcmframebuffer.o)
 .ARM.attributes
                0x00000564       0x37 ../../circle/lib/libcircle.a(bcmpropertytags.o)
 .ARM.attributes
                0x0000059b       0x37 ../../circle/lib/libcircle.a(debug.o)
 .ARM.attributes
                0x000005d2       0x25 ../../circle/lib/libcircle.a(delayloop.o)
 .ARM.attributes
                0x000005f7       0x37 ../../circle/lib/libcircle.a(device.o)
 .ARM.attributes
                0x0000062e       0x37 ../../circle/lib/libcircle.a(dmachannel.o)
 .ARM.attributes
                0x00000665       0x37 ../../circle/lib/libcircle.a(logger.o)
 .ARM.attributes
                0x0000069c       0x37 ../../circle/lib/libcircle.a(ptrlist.o)
 .ARM.attributes
                0x000006d3       0x37 ../../circle/lib/libcircle.a(terminal.o)
 .ARM.attributes
                0x0000070a       0x37 ../../circle/lib/libcircle.a(pageallocator.o)
 .ARM.attributes
                0x00000741       0x25 ../../circle/lib/libcircle.a(exceptionstub.o)
 .ARM.attributes
                0x00000766       0x37 ../../circle/lib/libcircle.a(gpiomanager.o)
 .ARM.attributes
                0x0000079d       0x37 ../../circle/lib/libcircle.a(display.o)
 .ARM.attributes
                0x000007d4       0x37 ../../circle/lib/libcircle.a(bcmmailbox.o)
 .ARM.attributes
                0x0000080b       0x37 ../../circle/lib/libcircle.a(chargenerator.o)
 .ARM.attributes
                0x00000842       0x37 ../../circle/lib/libcircle.a(exceptionhandler.o)
 .ARM.attributes
                0x00000879       0x27 /opt/arm-gnu-toolchain-15.2.rel1-x86_64-arm-none-eabi/bin/../lib/gcc/arm-none-eabi/15.2.1/thumb/v8-a+simd/hard/libgcc.a(_aeabi_uldivmod.o)
 .ARM.attributes
                0x000008a0       0x39 /opt/arm-gnu-toolchain-15.2.rel1-x86_64-arm-none-eabi/bin/../lib/gcc/arm-none-eabi/15.2.1/thumb/v8-a+simd/hard/libgcc.a(_udivmoddi4.o)
 .ARM.attributes
                0x000008d9       0x27 /opt/arm-gnu-toolchain-15.2.rel1-x86_64-arm-none-eabi/bin/../lib/gcc/arm-none-eabi/15.2.1/thumb/v8-a+simd/hard/libgcc.a(_dvmd_tls.o)

.debug_frame    0x00000000     0x2d6c
 .debug_frame   0x00000000       0x30 main.o
 .debug_frame   0x00000030       0x80 kernel.o
 .debug_frame   0x000000b0       0x9c ../../circle/lib/libcircle.a(actled.o)
 .debug_frame   0x0000014c      0x1b4 ../../circle/lib/libcircle.a(devicenameservice.o)
 .debug_frame   0x00000300      0x238 ../../circle/lib/libcircle.a(koptions.o)
 .debug_frame   0x00000538      0x1c8 ../../circle/lib/libcircle.a(machineinfo.o)
 .debug_frame   0x00000700      0x178 ../../circle/lib/libcircle.a(screen.o)
 .debug_frame   0x00000878      0x388 ../../circle/lib/libcircle.a(string.o)
 .debug_frame   0x00000c00       0xb4 ../../circle/lib/libcircle.a(sysinit.o)
 .debug_frame   0x00000cb4      0x314 ../../circle/lib/libcircle.a(timer.o)
 .debug_frame   0x00000fc8      0x1bc ../../circle/lib/libcircle.a(util.o)
 .debug_frame   0x00001184       0xb0 ../../circle/lib/libcircle.a(virtualgpiopin.o)
 .debug_frame   0x00001234       0x58 ../../circle/lib/libcircle.a(chainboot.o)
 .debug_frame   0x0000128c      0x120 ../../circle/lib/libcircle.a(new.o)
 .debug_frame   0x000013ac      0x11c ../../circle/lib/libcircle.a(heapallocator.o)
 .debug_frame   0x000014c8       0xc8 ../../circle/lib/libcircle.a(memory.o)