Archive member included to satisfy reference by file (symbol)

../../circle/addon/wlan/hostap/wpa_supplicant/libwpa_supplicant.a(wpasupplicant.o)
                              core0.o (CWPASupplicant::CWPASupplicant(char const*))
../../circle/addon/wlan/hostap/wpa_supplicant/libwpa_supplicant.a(eloop_circle.o)
                              ../../circle/addon/wlan/hostap/wpa_supplicant/libwpa_supplicant.a(wpasupplicant.o) (eloop_terminate)
../../circle/addon/wlan/hostap/wpa_supplicant/libwpa_supplicant.a(os_circle.o)
                              ../../circle/addon/wlan/hostap/wpa_supplicant/libwpa_supplicant.a(eloop_circle.o) (os_get_reltime)
../../circle/addon/wlan/hostap/wpa_supplicant/libwpa_supplicant.a(main_circle.o)
                              ../../circle/addon/wlan/hostap/wpa_supplicant/libwpa_supplicant.a(wpasupplicant.o) (wpa_supplicant_is_connected())
../../circle/addon/wlan/hostap/wpa_supplicant/libwpa_supplicant.a(wpa_supplicant.o)
                              ../../circle/addon/wlan/hostap/wpa_supplicant/libwpa_supplicant.a(main_circle.o) (wpa_supplicant_init)
../../circle/addon/wlan/hostap/wpa_supplicant/libwpa_supplicant.a(wpas_glue.o)
                              ../../circle/addon/wlan/hostap/wpa_supplicant/libwpa_supplicant.a(wpa_supplicant.o) (wpa_supplicant_init_eapol)
../../circle/addon/wlan/hostap/wpa_supplicant/libwpa_supplicant.a(hw_features_common.o)
                              ../../circle/addon/wlan/hostap/wpa_supplicant/libwpa_supplicant.a(wpa_supplicant.o) (hw_get_channel_chan)
../../circle/addon/wlan/hostap/wpa_supplicant/libwpa_supplicant.a(ieee802_11_common.o)
                              ../../circle/addon/wlan/hostap/wpa_supplicant/libwpa_supplicant.a(hw_features_common.o) (ieee802_11_parse_elems)
../../circle/addon/wlan/hostap/wpa_supplicant/libwpa_supplicant.a(ptksa_cache.o)
                              ../../circle/addon/wlan/hostap/wpa_supplicant/libwpa_supplicant.a(wpas_glue.o) (ptksa_cache_init)
../../circle/addon/wlan/hostap/wpa_supplicant/libwpa_supplicant.a(wpa_common.o)
                              ../../circle/addon/wlan/hostap/wpa_supplicant/libwpa_supplicant.a(wpa_supplicant.o) (wpa_default_rsn_cipher)
../../circle/addon/wlan/hostap/wpa_supplicant/libwpa_supplicant.a(aes-omac1.o)
                              ../../circle/addon/wlan/hostap/wpa_supplicant/libwpa_supplicant.a(wpa_common.o) (omac1_aes_128)
../../circle/addon/wlan/hostap/wpa_supplicant/libwpa_supplicant.a(md5.o)
                              ../../circle/addon/wlan/hostap/wpa_supplicant/libwpa_supplicant.a(wpa_common.o) (hmac_md5)
../../circle/addon/wlan/hostap/wpa_supplicant/libwpa_supplicant.a(sha1-pbkdf2.o)
                              ../../circle/addon/wlan/hostap/wpa_supplicant/libwpa_supplicant.a(wpa_supplicant.o) (pbkdf2_sha1)
../../circle/addon/wlan/hostap/wpa_supplicant/libwpa_supplicant.a(sha1-prf.o)
                              ../../circle/addon/wlan/hostap/wpa_supplicant/libwpa_supplicant.a(wpa_common.o) (sha1_prf)
../../circle/addon/wlan/hostap/wpa_supplicant/libwpa_supplicant.a(sha1.o)
                              ../../circle/addon/wlan/hostap/wpa_supplicant/libwpa_supplicant.a(wpa_common.o) (hmac_sha1_vector)
../../circle/addon/wlan/hostap/wpa_supplicant/libwpa_supplicant.a(sha256-prf.o)
                              ../../circle/addon/wlan/hostap/wpa_supplicant/libwpa_supplicant.a(wpa_common.o) (sha256_prf)
../../circle/addon/wlan/hostap/wpa_supplicant/libwpa_supplicant.a(sha256.o)
                              ../../circle/addon/wlan/hostap/wpa_supplicant/libwpa_supplicant.a(wpa_common.o) (hmac_sha256_vector)
../../circle/addon/wlan/hostap/wpa_supplicant/libwpa_supplicant.a(driver_common.o)
                              ../../circle/addon/wlan/hostap/wpa_supplicant/libwpa_supplicant.a(wpa_supplicant.o) (wpa_scan_results_free)
../../circle/addon/wlan/hostap/wpa_supplicant/libwpa_supplicant.a(drivers.o)
                              ../../circle/addon/wlan/hostap/wpa_supplicant/libwpa_supplicant.a(wpa_supplicant.o) (wpa_drivers)
../../circle/addon/wlan/hostap/wpa_supplicant/libwpa_supplicant.a(eap_methods.o)
                              ../../circle/addon/wlan/hostap/wpa_supplicant/libwpa_supplicant.a(wpa_supplicant.o) (eap_peer_unregister_methods)
../../circle/addon/wlan/hostap/wpa_supplicant/libwpa_supplicant.a(eapol_supp_sm.o)
                              ../../circle/addon/wlan/hostap/wpa_supplicant/libwpa_supplicant.a(wpa_supplicant.o) (eapol_sm_get_method_name)
../../circle/addon/wlan/hostap/wpa_supplicant/libwpa_supplicant.a(l2_packet_circle.o)
                              ../../circle/addon/wlan/hostap/wpa_supplicant/libwpa_supplicant.a(wpa_supplicant.o) (l2_packet_init)
../../circle/addon/wlan/hostap/wpa_supplicant/libwpa_supplicant.a(pmksa_cache.o)
                              ../../circle/addon/wlan/hostap/wpa_supplicant/libwpa_supplicant.a(wpas_glue.o) (pmksa_cache_get_current)
[...]
Memory Configuration

Name             Origin             Length             Attributes
*default*        0x00000000         0xffffffff

Linker script and memory map

Address of section .init set to 0x8000

.init           0x00008000       0xe8
 *(.init)
 .init          0x00008000       0xe8 ../../circle/lib/libcircle.a(startup.o)
                0x00008000                _start
                0x00008064                _start_secondary

.text           0x000080e8    0x94610
 *(.text*)
 .text          0x000080e8        0x0 main.o
 .text.startup  0x000080e8       0x3c main.o
                0x000080e8                main
 .text          0x00008124      0x23c kernel.o
                0x00008124                CKernel::CKernel()
                0x00008124                CKernel::CKernel()
                0x00008190                CKernel::Initialize()
                0x000081b4                CKernel::QueueEvent(unsigned int, Event const&)
                0x000081bc                CKernel::Subscribe(unsigned int, EventType)
                0x000081c4                CKernel::Unsubscribe(unsigned int, EventType)
                0x000081cc                CKernel::PublishEvent(Event const&)
                0x000081dc                CKernel::~CKernel()
                0x000081dc                CKernel::~CKernel()
                0x00008258                CKernel::~CKernel()
                0x000082e0                CKernel::Run(unsigned int)
                0x00008324                CKernel::Run()
 .text          0x00008360      0x19c core.o
                0x00008360                CCore::Run()
                0x000083b0                CCore::CCore(CEventRouter*, unsigned int, bool)
                0x000083b0                CCore::CCore(CEventRouter*, unsigned int, bool)
                0x00008418                CCore::~CCore()
                0x00008418                CCore::~CCore()
                0x00008438                CCore::~CCore()
                0x00008464                CCore::SendEventToCore(unsigned int, Event const&)
                0x00008498                CCore::Subscribe(EventType)
                0x000084a4                CCore::Unsubscribe(EventType)
                0x000084b0                CCore::PublishEvent(Event const&)
                0x000084bc                CCore::ProcessEvents()
 .text          0x000084fc      0x53c core0.o
                0x000084fc                CCore0::HandleEvent(Event const&)
                0x00008500                CCore0::CCore0(CEventRouter*)
                0x00008500                CCore0::CCore0(CEventRouter*)
                0x000086cc                CCore0::~CCore0()
                0x000086cc                CCore0::~CCore0()
                0x000087b8                CCore0::~CCore0()
                0x000087d8                CCore0::Initialize()
                0x00008988                CCore0::Run()
 .text          0x00008a38       0x2c core1.o
                0x00008a38                CCore1::HandleEvent(Event const&)
                0x00008a3c                CCore1::CCore1(CEventRouter*)
                0x00008a3c                CCore1::CCore1(CEventRouter*)
 .text._ZN6CCore1D2Ev
                0x00008a64       0x20 core1.o
                0x00008a64                CCore1::~CCore1()
                0x00008a64                CCore1::~CCore1()
 .text._ZN6CCore1D0Ev
                0x00008a84       0x2c core1.o
                0x00008a84                CCore1::~CCore1()
 .text          0x00008ab0       0x2c core2.o
                0x00008ab0                CCore2::HandleEvent(Event const&)
                0x00008ab4                CCore2::CCore2(CEventRouter*)
                0x00008ab4                CCore2::CCore2(CEventRouter*)
 .text._ZN6CCore2D2Ev
                0x00008adc       0x20 core2.o
                0x00008adc                CCore2::~CCore2()
                0x00008adc                CCore2::~CCore2()
 .text._ZN6CCore2D0Ev
                0x00008afc       0x2c core2.o
                0x00008afc                CCore2::~CCore2()
 .text          0x00008b28       0x2c core3.o
                0x00008b28                CCore3::HandleEvent(Event const&)
                0x00008b2c                CCore3::CCore3(CEventRouter*)
                0x00008b2c                CCore3::CCore3(CEventRouter*)
 .text._ZN6CCore3D2Ev
                0x00008b54       0x20 core3.o
                0x00008b54                CCore3::~CCore3()
                0x00008b54                CCore3::~CCore3()
 .text._ZN6CCore3D0Ev
                0x00008b74       0x2c core3.o
                0x00008b74                CCore3::~CCore3()
 .text          0x00008ba0      0x110 eventqueue.o
                0x00008ba0                CEventQueue::CEventQueue()
                0x00008ba0                CEventQueue::CEventQueue()
                0x00008bd0                CEventQueue::Push(Event const&)
                0x00008c38                CEventQueue::Pop(Event&)
 .text          0x00008cb0      0x3f8 eventrouter.o
                0x00008cb0                CEventRouter::CEventRouter()
                0x00008cb0                CEventRouter::CEventRouter()
                0x00008cf4                CEventRouter::RegisterCore(unsigned int, CEventQueue*, bool)
                0x00008d90                CEventRouter::QueueEvent(unsigned int, Event const&)
                0x00008e3c                CEventRouter::Subscribe(unsigned int, EventType)
                0x00008edc                CEventRouter::Unsubscribe(unsigned int, EventType)
                0x00008f7c                CEventRouter::Publish(unsigned int, Event const&)
 .text          0x000090a8      0x218 executor.o
                0x000090a8                CExecutor::CExecutor(CEventQueue*)
                0x000090a8                CExecutor::CExecutor(CEventQueue*)
                0x000090f8                CExecutor::RegisterService(CService*)
                0x0000916c                CExecutor::Initialize()
                0x000091dc                CExecutor::Run()
 .text          0x000092c0      0x33c keyboardservice.o
                0x000092c0                CKeyboardService::OnEvent(Event const&)
                0x000092c4                CKeyboardService::~CKeyboardService()
                0x000092c4                CKeyboardService::~CKeyboardService()
                0x00009300                CKeyboardService::~CKeyboardService()
                0x00009348                CKeyboardService::Update()
                0x000093e8                CKeyboardService::KeyboardRemovedHandler(CDevice*, void*)
                0x00009438                CKeyboardService::KeyPressedHandler(char const*)
                0x00009498                CKeyboardService::InitService()
                0x0000955c                CKeyboardService::CKeyboardService(CDeviceNameService*, CScreenDevice*)
                0x0000955c                CKeyboardService::CKeyboardService(CDeviceNameService*, CScreenDevice*)
 .text          0x000095fc      0x2b0 mouseservice.o
                0x000095fc                CMouseService::OnEvent(Event const&)
                0x00009600                CMouseService::MouseEventHandler(TMouseEvent, unsigned int, unsigned int, unsigned int, int)
                0x00009604                CMouseService::~CMouseService()
                0x00009604                CMouseService::~CMouseService()
                0x00009640                CMouseService::~CMouseService()
                0x00009688                CMouseService::Update()
                0x00009788                CMouseService::InitService()
                0x000097bc                CMouseService::MouseRemovedHandler(CDevice*, void*)
                0x0000980c                CMouseService::CMouseService(CDeviceNameService*, CScreenDevice*)
                0x0000980c                CMouseService::CMouseService(CDeviceNameService*, CScreenDevice*)
 .text          0x000098ac      0x17c networkservice.o
                0x000098ac                CNetworkService::OnEvent(Event const&)
                0x000098b0                CNetworkService::~CNetworkService()
                0x000098b0                CNetworkService::~CNetworkService()
                0x000098d8                CNetworkService::InitService()
                0x000098ec                CNetworkService::~CNetworkService()
                0x00009920                CNetworkService::CNetworkService()
                0x00009920                CNetworkService::CNetworkService()
                0x00009980                CNetworkService::IsRunning() const
                0x00009988                CNetworkService::GetNetSubSystem()
                0x00009990                CNetworkService::Update()
 .text          0x00009a28       0xcc screenservice.o
                0x00009a28                CScreenService::Update()
                0x00009a2c                CScreenService::OnEvent(Event const&)
                0x00009a30                CScreenService::InitService()
                0x00009a38                CScreenService::CScreenService(unsigned int, unsigned int)
                0x00009a38                CScreenService::CScreenService(unsigned int, unsigned int)
                0x00009a90                CScreenService::GetScreen()
                0x00009a98                CScreenService::~CScreenService()
                0x00009a98                CScreenService::~CScreenService()
                0x00009ac0                CScreenService::~CScreenService()
 .text          0x00009af4       0xc8 service.o
                0x00009af4                CService::InitService()
                0x00009afc                CService::CService(unsigned int)
                0x00009afc                CService::CService(unsigned int)
                0x00009b18                CService::~CService()
                0x00009b18                CService::~CService()
                0x00009b1c                CService::~CService()
                0x00009b3c                CService::ResetTimer()
                0x00009b8c                CService::IsUpdateDue(unsigned long long) const
 .text          0x00009bbc       0xe4 usbhostservice.o
                0x00009bbc                CUSBHostService::OnEvent(Event const&)
                0x00009bc0                CUSBHostService::CUSBHostService(CInterruptSystem*, CTimer*)
                0x00009bc0                CUSBHostService::CUSBHostService(CInterruptSystem*, CTimer*)
                0x00009c30                CUSBHostService::~CUSBHostService()
                0x00009c30                CUSBHostService::~CUSBHostService()
                0x00009c58                CUSBHostService::~CUSBHostService()
                0x00009c8c                CUSBHostService::InitService()
                0x00009c98                CUSBHostService::Update()
 .text          0x00009ca0      0x95c webserver.o
                0x00009ca0                CSDWebServer::CreateWorker(CNetSubSystem*, CSocket*)
                0x00009f58                CSDWebServer::CSDWebServer(CNetSubSystem*, char const*, CTimer*, CScreenDevice*, CSocket*)
                0x00009f58                CSDWebServer::CSDWebServer(CNetSubSystem*, char const*, CTimer*, CScreenDevice*, CSocket*)
                0x00009fcc                CSDWebServer::IsSafePath(char const*) const
                0x0000a064                CSDWebServer::IsJSONPayload(char const*) const
                0x0000a15c                CSDWebServer::GetAction(char const*, unsigned char*, unsigned int*, char const**)
                0x0000a21c                CSDWebServer::GetStatus(unsigned char*, unsigned int*, char const**)
                0x0000a3b0                CSDWebServer::GetContent(char const*, char const*, char const*, unsigned char*, unsigned int*, char const**)
 .text._ZN12CSDWebServerD2Ev
                0x0000a5fc       0x20 webserver.o
                0x0000a5fc                CSDWebServer::~CSDWebServer()
                0x0000a5fc                CSDWebServer::~CSDWebServer()
 .text._ZN12CSDWebServerD0Ev
                0x0000a61c       0x2c webserver.o
                0x0000a61c                CSDWebServer::~CSDWebServer()
 .text          0x0000a648      0x1e4 webserverservice.o
                0x0000a648                CWebServerService::InitService()
                0x0000a65c                CWebServerService::OnEvent(Event const&)
                0x0000a660                CWebServerService::~CWebServerService()
                0x0000a660                CWebServerService::~CWebServerService()
                0x0000a694                CWebServerService::~CWebServerService()
                0x0000a6d4                CWebServerService::Update()
                0x0000a768                CWebServerService::CWebServerService(CNetworkService*, CTimer*, CScreenDevice*, char const*)
                0x0000a768                CWebServerService::CWebServerService(CNetworkService*, CTimer*, CScreenDevice*, char const*)
 .text          0x0000a82c      0x118 ../../circle/addon/wlan/hostap/wpa_supplicant/libwpa_supplicant.a(wpasupplicant.o)
                0x0000a82c                CWPASupplicant::IsConnected()
                0x0000a840                CWPASupplicant::ProcEntry(void*)
                0x0000a888                CWPASupplicant::CWPASupplicant(char const*)
                0x0000a888                CWPASupplicant::CWPASupplicant(char const*)
                0x0000a8b0                CWPASupplicant::Initialize()
                0x0000a90c                CWPASupplicant::~CWPASupplicant()
                0x0000a90c                CWPASupplicant::~CWPASupplicant()
 .text          0x0000a944      0x710 ../../circle/addon/wlan/hostap/wpa_supplicant/libwpa_supplicant.a(eloop_circle.o)
                0x0000a944                eloop_init
                0x0000a964                eloop_register_read_sock
                0x0000a9f4                eloop_unregister_read_sock
                0x0000aa98                eloop_sock_requeue
                0x0000aaa0                eloop_register_timeout
                0x0000aba4                eloop_cancel_timeout
                0x0000ac80                eloop_cancel_timeout_one
                0x0000ad98                eloop_deplete_timeout
                0x0000aea8                eloop_is_timeout_registered
                0x0000af00                eloop_register_signal_terminate
                0x0000af08                eloop_register_signal_reconfig
                0x0000af10                eloop_run
                0x0000b008                eloop_terminate
                0x0000b01c                eloop_destroy
 .text          0x0000b054      0x7c4 ../../circle/addon/wlan/hostap/wpa_supplicant/libwpa_supplicant.a(os_circle.o)
                0x0000b054                __wpa_abs
                0x0000b060                __wpa_isblank
                0x0000b074                __wpa_isprint
                0x0000b088                __wpa_isspace
                0x0000b0c4                __wpa_strrchr
                0x0000b104                __wpa_strdup
                0x0000b140                __wpa_strtol
                0x0000b144                __wpa_sscanf
                0x0000b154                __wpa_qsort
                0x0000b27c                __wpa_abort
                0x0000b280                os_daemonize
                0x0000b288                os_daemonize_terminate
                0x0000b2a0                os_get_random
                0x0000b35c                os_random
                0x0000b384                os_rel2abs_path
                0x0000b3d0                os_get_time
                0x0000b400                os_get_reltime
                0x0000b430                os_sleep
                0x0000b488                os_strlcpy
                0x0000b4d8                os_memcmp_const
                0x0000b5a8                os_memdup
                0x0000b5fc                os_zalloc
                0x0000b63c                os_hexdump
                0x0000b654                __wpa_vsnprintf
                0x0000b6dc                __wpa_snprintf
                0x0000b708                __wpa_vprintf
                0x0000b7ec                __wpa_printf
 .text          0x0000b818       0xe8 ../../circle/addon/wlan/hostap/wpa_supplicant/libwpa_supplicant.a(main_circle.o)
                0x0000b818                wpa_supplicant_is_connected()
                0x0000b848                wpa_supplicant_main(char const*)
 .text          0x0000b900     0xa930 ../../circle/addon/wlan/hostap/wpa_supplicant/libwpa_supplicant.a(wpa_supplicant.o)
                0x0000bdbc                wpas_clear_disabled_interface
                0x0000c078                wpa_supplicant_set_wpa_none_key
                0x0000c240                wpa_supplicant_req_auth_timeout
                0x0000c2c8                wpas_auth_timeout_restart
                0x0000c358                wpa_supplicant_cancel_auth_timeout
                0x0000c3a8                wpa_supplicant_initiate_eapol
                0x0000c4a4                wpa_supplicant_set_non_wpa_policy
                0x0000c5cc                free_hw_features
                0x0000c5dc                free_bss_tmp_disallowed
                0x0000c648                wpas_flush_fils_hlp_req
                0x0000c6a8                wpa_clear_keys
                0x0000c8b0                wpa_supplicant_state_txt
                0x0000c8cc                wpa_supplicant_reinit_autoscan
                0x0000c8d0                wpa_supplicant_terminate_proc
                0x0000c8d4                wpas_set_mgmt_group_cipher
                0x0000cab8                wpas_build_ext_capab
                0x0000cbf0                wpas_valid_bss_ssid
                0x0000cc60                wpas_connect_work_free
                0x0000cc6c                wpa_s_setup_sae_pt
                0x0000cc70                wpa_s_clear_sae_rejected
                0x0000cc74                ibss_mesh_setup_freq
                0x0000d6fc                wpa_is_non_eht_scs_traffic_desc_supported
                0x0000d76c                wpa_supplicant_add_network
                0x0000d7a8                wpa_supplicant_enable_network
                0x0000d98c                wpas_set_pkcs11_engine_and_module_path
                0x0000da70                wpa_supplicant_set_ap_scan
                0x0000db08                wpa_supplicant_set_bss_expiration_age
                0x0000db64                wpa_supplicant_set_bss_expiration_count
                0x0000dbbc                wpa_supplicant_set_scan_interval
                0x0000dc14                wpa_supplicant_set_debug_params
                0x0000dcb8                wpa_supplicant_get_ssid
                0x0000de8c                wpa_supplicant_rx_eapol
                0x0000e310                wpa_supplicant_update_mac_addr
                0x0000e488                wpas_update_random_addr
                0x0000e6e8                wpas_update_random_addr_disassoc
                0x0000e718                wpas_restore_permanent_mac_addr
                0x0000e7b0                wpa_supplicant_update_bridge_ifname
                0x0000e8e0                wpa_supplicant_apply_eht_overrides
                0x0000e8f0                wpas_init_ext_pw
                0x0000e994                wpas_freq_to_band
                0x0000e9bc                wpas_get_bands
                0x0000ea28                radio_remove_pending_work
                0x0000eaa8                radio_work_check_next
                0x0000eb24                radio_remove_works
                0x0000eff4                radio_add_work
                0x0000f1d0                wpa_supplicant_associate
                0x0000f478                radio_work_done
                0x0000f54c                wpas_connect_work_done
                0x0000f59c                wpa_supplicant_deauthenticate
                0x0000fab0                wpa_supplicant_reconnect
                0x0000fac4                wpa_supplicant_remove_network
                0x0000fbc0                wpas_remove_cred
                0x0000fca0                wpas_remove_all_creds
                0x0000fd18                wpa_supplicant_remove_all_networks
                0x0000fdf8                wpa_supplicant_disable_network
                0x0000ff3c                wpa_supplicant_set_state
                0x000104b0                wpa_supplicant_clear_status
                0x0001052c                wpa_supplicant_driver_init
                0x000107ac                radio_work_pending
                0x0001080c                wpa_supplicant_remove_iface
                0x00010f94                wpa_supplicant_get_eap_mode
                0x00010fe8                wpa_supplicant_get_iface
                0x00011034                wpa_supplicant_init
                0x000112c0                wpa_supplicant_run
                0x00011360                wpa_supplicant_deinit
                0x0001136c                wpa_supplicant_update_config
                0x000114f8                wpa_supplicant_reload_configuration
                0x0001179c                add_freq
                0x000117e8                wpas_driver_bss_selection
                0x00011804                wpas_network_disabled
                0x000118ac                wpas_get_ssid_pmf
                0x00011914                pmf_in_use
                0x00011a00                wpas_is_p2p_prioritized
                0x00011a24                wpas_auth_failed
                0x00011b80                wpa_supplicant_set_suites
                0x00012bd0                wpas_connection_failed
                0x00014424                wpas_clear_temp_disabled
                0x0001450c                wpa_supplicant_select_network
                0x000147c0                disallowed_bssid
                0x00014834                disallowed_ssid
                0x000148c4                wpas_request_connection
                0x0001491c                wpas_request_disconnection
                0x00014998                dump_freq_data
                0x00014a0c                get_shared_radio_freqs_data
                0x00014ba4                get_shared_radio_freqs
                0x00014c44                wpas_vendor_elem
                0x00014c48                wpas_vendor_elem_update
                0x00014ce4                wpas_vendor_elem_remove
                0x00014da8                get_mode
                0x00014e1c                get_mode_with_freq
                0x00014e90                wpa_bss_tmp_disallow
                0x00014f78                wpa_is_bss_tmp_disallowed
                0x00015028                wpas_enable_mac_addr_randomization
                0x0001515c                wpas_disable_mac_addr_randomization
                0x000151c0                wpa_drv_signal_poll
                0x000151e0                wpa_drv_get_scan_results
                0x00015214                wpas_ap_link_address
                0x00015284                wpa_drv_send_action
                0x00015470                wpas_is_6ghz_supported
                0x00015540                wpa_supplicant_add_iface
 .text          0x00016230     0x1998 ../../circle/addon/wlan/hostap/wpa_supplicant/libwpa_supplicant.a(wpas_glue.o)
                0x00016ff4                wpa_ether_send
                0x00017344                wpa_supplicant_ctrl_req_from_string
                0x00017468                wpa_supplicant_ctrl_req_to_string
                0x00017638                wpas_send_ctrl_req
                0x00017680                wpa_supplicant_init_eapol
                0x000177ec                wpas_transition_disable
                0x000178e4                wpa_supplicant_init_wpa
                0x00017af4                wpa_supplicant_rsn_supp_set_config
 .text          0x00017bc8     0x1604 ../../circle/addon/wlan/hostap/wpa_supplicant/libwpa_supplicant.a(hw_features_common.o)
                0x00017c4c                hw_get_channel_chan
                0x00017cb0                hw_mode_get_channel
                0x00017d00                hw_get_channel_freq
                0x00017da0                hw_get_freq
                0x00017dec                hw_get_chan
                0x00017e10                allowed_ht40_channel_pair
                0x00017f68                get_pri_sec_chan
                0x00017fe8                check_40mhz_5g
                0x00018190                check_40mhz_2g4
                0x000185b0                punct_update_legacy_bw
                0x00018674                hostapd_set_freq_params
                0x0001902c                set_disable_ht40
                0x00019044                num_chan_to_bw
                0x00019074                chan_bw_allowed
                0x000190fc                chan_pri_allowed
                0x00019114                is_punct_bitmap_valid
 *fill*         0x000191cc        0x4 
 .text          0x000191d0     0x3cec ../../circle/addon/wlan/hostap/wpa_supplicant/libwpa_supplicant.a(ieee802_11_common.o)
                0x00019ca0                ieee802_11_parse_elems
                0x00019cf8                ieee802_11_elems_clear_ids
                0x0001a08c                ieee802_11_elems_clear_ext_ids
                0x0001a2c4                ieee802_11_parse_link_assoc_req
                0x0001a590                ieee802_11_ie_count
                0x0001a5dc                ieee802_11_vendor_ie_concat
                0x0001a6f4                get_hdr_bssid
                0x0001a764                hostapd_config_wmm_ac
                0x0001a9a4                hostapd_config_tx_queue
                0x0001abdc                ieee80211_freq_to_channel_ext
                0x0001b0cc                ieee80211_freq_to_chan
                0x0001b0f0                ieee80211_chaninfo_to_channel
                0x0001b160                ieee80211_chan_to_freq
                0x0001b688                ieee80211_is_dfs
                0x0001b72c                is_dfs_global_op_class
                0x0001b740                is_80plus_op_class
                0x0001b754                supp_rates_11b_only
                0x0001bab8                fc2str
                0x0001bc84                reason2str
                0x0001bcac                status2str
                0x0001bccc                mb_ies_info_by_ies
                0x0001bdc0                mb_ies_by_info
                0x0001be9c                ieee80211_get_phy_type
                0x0001bef8                get_ie
                0x0001bf54                get_ie_ext
                0x0001bfe4                get_vendor_ie
                0x0001c070                mbo_add_ie
                0x0001c0e0                check_multi_ap_ie
                0x0001c2bc                add_multi_ap_ie
                0x0001c398                country_to_global_op_class
                0x0001c4d4                get_oper_class
                0x0001c540                oper_class_bw_to_int
                0x0001c560                center_idx_to_bw_6ghz
                0x0001c5cc                is_6ghz_freq
                0x0001c664                is_6ghz_op_class
                0x0001c67c                is_6ghz_psc_frequency
                0x0001c710                get_6ghz_sec_channel
                0x0001c728                is_same_band
                0x0001c7e8                ieee802_11_parse_candidate_list
                0x0001ca6c                ieee802_11_ext_capab
                0x0001ca9c                ieee802_11_rsnx_capab_len
                0x0001cb14                ieee802_11_rsnx_capab
                0x0001cb2c                hostapd_encode_edmg_chan
                0x0001cbc0                ieee802_edmg_is_allowed
                0x0001cc0c                op_class_to_bandwidth
                0x0001cc30                op_class_to_ch_width
                0x0001cc50                chwidth_freq2_to_ch_width
                0x0001cce0                ieee802_11_defrag
                0x0001cde4                get_ml_ie
                0x0001ce98                get_basic_mle_mld_addr
 .text          0x0001cebc       0x28 ../../circle/addon/wlan/hostap/wpa_supplicant/libwpa_supplicant.a(ptksa_cache.o)
                0x0001cebc                ptksa_cache_init
                0x0001cec4                ptksa_cache_deinit
                0x0001cec8                ptksa_cache_get
                0x0001ced0                ptksa_cache_list
                0x0001ced8                ptksa_cache_add
                0x0001cee0                ptksa_cache_flush
 *fill*         0x0001cee4        0x4 
 .text          0x0001cee8     0x2f94 ../../circle/addon/wlan/hostap/wpa_supplicant/libwpa_supplicant.a(wpa_common.o)
                0x0001cee8                wpa_mic_len
                0x0001cf78                wpa_use_akm_defined
                0x0001cfb8                wpa_use_cmac
                0x0001d008                wpa_use_aes_key_wrap
                0x0001d044                wpa_eapol_key_mic
                0x0001d184                wpa_cipher_valid_group
                0x0001d1c0                wpa_cipher_valid_mgmt_group
                0x0001d1f0                wpa_parse_wpa_ie_rsn
                0x0001d874                wpa_parse_wpa_ie_wpa
                0x0001dbcc                wpa_default_rsn_cipher
                0x0001dbe0                rsn_pmkid
                0x0001dcb4                wpa_cipher_txt
                0x0001dddc                wpa_key_mgmt_txt
                0x0001e048                wpa_akm_to_suite
                0x0001e200                wpa_compare_rsn_ie
                0x0001e254                wpa_insert_pmkid
                0x0001e49c                wpa_cipher_key_len
                0x0001e52c                wpa_pmk_to_ptk
                0x0001ea4c                wpa_cipher_rsc_len
                0x0001ea88                wpa_cipher_to_alg
                0x0001eb24                wpa_cipher_valid_pairwise
                0x0001eb54                wpa_cipher_to_suite
                0x0001ec6c                rsn_cipher_put_suites
                0x0001ece4                wpa_cipher_put_suites
                0x0001ed2c                wpa_pick_pairwise_cipher
                0x0001ed98                wpa_pick_group_cipher
                0x0001edf8                wpa_parse_cipher
                0x0001f000                wpa_write_ciphers
                0x0001f3c0                wpa_select_ap_group_cipher
                0x0001f428                wpa_parse_kde_ies
 .text          0x0001fe7c      0x398 ../../circle/addon/wlan/hostap/wpa_supplicant/libwpa_supplicant.a(aes-omac1.o)
                0x0001fe7c                omac1_aes_vector
                0x0002017c                omac1_aes_128_vector
                0x000201ac                omac1_aes_128
                0x000201e0                omac1_aes_256
 *fill*         0x00020214        0x4 
 .text          0x00020218      0x1d8 ../../circle/addon/wlan/hostap/wpa_supplicant/libwpa_supplicant.a(md5.o)
                0x00020218                hmac_md5_vector
                0x000203c0                hmac_md5
 .text          0x000203f0      0x1b0 ../../circle/addon/wlan/hostap/wpa_supplicant/libwpa_supplicant.a(sha1-pbkdf2.o)
                0x000203f0                pbkdf2_sha1
 .text          0x000205a0      0x10c ../../circle/addon/wlan/hostap/wpa_supplicant/libwpa_supplicant.a(sha1-prf.o)
                0x000205a0                sha1_prf
 *fill*         0x000206ac        0x4 
 .text          0x000206b0      0x1d0 ../../circle/addon/wlan/hostap/wpa_supplicant/libwpa_supplicant.a(sha1.o)
                0x000206b0                hmac_sha1_vector
                0x00020850                hmac_sha1
 .text          0x00020880      0x158 ../../circle/addon/wlan/hostap/wpa_supplicant/libwpa_supplicant.a(sha256-prf.o)
                0x00020880                sha256_prf_bits
                0x000209c8                sha256_prf
 .text          0x000209d8      0x1d0 ../../circle/addon/wlan/hostap/wpa_supplicant/libwpa_supplicant.a(sha256.o)
                0x000209d8                hmac_sha256_vector
                0x00020b78                hmac_sha256
 .text          0x00020ba8      0xc44 ../../circle/addon/wlan/hostap/wpa_supplicant/libwpa_supplicant.a(driver_common.o)
                0x00020ba8                wpa_scan_results_free
                0x00020bf4                event_to_string
                0x00020c10                channel_width_to_string
                0x00020c30                channel_width_to_int
                0x00020c4c                ht_supported
                0x00020c6c                vht_supported
                0x00020c94                he_supported
                0x00020cc0                wpa_get_wowlan_triggers
                0x00020f50                driver_flag_to_string
                0x00021628                driver_flag2_to_string
 .text          0x000217ec        0x0 ../../circle/addon/wlan/hostap/wpa_supplicant/libwpa_supplicant.a(drivers.o)
 .text          0x000217ec      0x448 ../../circle/addon/wlan/hostap/wpa_supplicant/libwpa_supplicant.a(eap_methods.o)
                0x000217ec                eap_peer_get_eap_method
                0x00021830                eap_peer_get_type
                0x00021890                eap_get_name
                0x000218f4                eap_get_names
                0x000219c0                eap_get_names_as_string_array
                0x00021ab4                eap_peer_get_methods
                0x00021af4                eap_peer_method_alloc
                0x00021b40                eap_peer_method_register
                0x00021bf8                eap_peer_unregister_methods
 *fill*         0x00021c34        0x4 
 .text          0x00021c38     0x1b14 ../../circle/addon/wlan/hostap/wpa_supplicant/libwpa_supplicant.a(eapol_supp_sm.o)
                0x000221d4                eapol_sm_step
                0x00022d88                eapol_sm_configure
                0x00022db8                eapol_sm_get_method_name
                0x00022de0                eapol_sm_rx_eapol
                0x000230a0                eapol_sm_notify_tx_eapol_key
                0x000230b4                eapol_sm_notify_portEnabled
                0x0002310c                eapol_sm_notify_portValid
                0x00023154                eapol_sm_notify_eap_success
                0x000231c8                eapol_sm_notify_eap_fail
                0x00023214                eapol_sm_notify_config
                0x00023294                eapol_sm_get_key
                0x00023350                eapol_sm_get_session_id
                0x000233ac                eapol_sm_notify_logoff
                0x000233c4                eapol_sm_notify_cached
                0x000233fc                eapol_sm_notify_pmkid_attempt
                0x00023434                eapol_sm_register_scard_ctx
                0x0002344c                eapol_sm_notify_portControl
                0x000234a4                eapol_sm_notify_ctrl_attached
                0x000234b4                eapol_sm_notify_ctrl_response
                0x00023510                eapol_sm_request_reauth
                0x00023528                eapol_sm_notify_lower_layer_success
                0x0002356c                eapol_sm_invalidate_cached_session
                0x0002357c                eapol_sm_init
                0x0002368c                eapol_sm_deinit
                0x000236ec                eapol_sm_set_ext_pw_ctx
                0x00023704                eapol_sm_failed
                0x00023720                eapol_sm_erp_flush
                0x00023730                eapol_sm_build_erp_reauth_start
                0x00023738                eapol_sm_process_erp_finish
                0x0002373c                eapol_sm_update_erp_next_seq_num
                0x00023744                eapol_sm_get_erp_info
 .text          0x0002374c      0x4cc ../../circle/addon/wlan/hostap/wpa_supplicant/libwpa_supplicant.a(l2_packet_circle.o)
                0x00023860                l2_packet_init
                0x000239c4                l2_packet_init_bridge
                0x000239e8                l2_packet_deinit
                0x00023a14                l2_packet_get_own_addr
                0x00023a74                l2_packet_send
                0x00023b84                l2_packet_notify_auth_start
                0x00023bf8                l2_packet_get_ip_addr
                0x00023c00                l2_packet_set_packet_filter
                0x00023c08                l2_packet_auth_active
 .text          0x00023c18     0x1578 ../../circle/addon/wlan/hostap/wpa_supplicant/libwpa_supplicant.a(pmksa_cache.o)
                0x00024084                pmksa_cache_remove
                0x000240e8                pmksa_cache_flush
                0x00024228                pmksa_cache_add_entry
                0x0002455c                pmksa_cache_add
                0x0002470c                pmksa_cache_deinit
                0x00024754                pmksa_cache_get
                0x00024860                pmksa_cache_get_opportunistic
                0x00024a70                pmksa_cache_get_current
                0x00024a7c                pmksa_cache_clear_current
                0x00024acc                pmksa_cache_set_current
                0x00024e6c                pmksa_cache_list
                0x0002508c                pmksa_cache_head
                0x00025094                pmksa_cache_init
                0x000250c8                pmksa_cache_reconfig
 .text          0x00025190      0xcfc ../../circle/addon/wlan/hostap/wpa_supplicant/libwpa_supplicant.a(preauth.o)
                0x000253ac                pmksa_candidate_free
                0x00025404                rsn_preauth_init
                0x00025684                rsn_preauth_deinit
                0x0002569c                rsn_preauth_candidate_process
                0x00025b70                pmksa_candidate_add
                0x00025d20                rsn_preauth_scan_results
                0x00025d8c                rsn_preauth_scan_result
                0x00025e7c                rsn_preauth_in_progress
 *fill*         0x00025e8c        0x4 
 .text          0x00025e90     0x71bc ../../circle/addon/wlan/hostap/wpa_supplicant/libwpa_supplicant.a(wpa.o)
                0x00027cb0                wpa_eapol_key_send
                0x000286e8                wpa_sm_key_request
                0x00028954                wpa_supplicant_send_2_of_4
                0x00028b58                wpa_supplicant_send_4_of_4
                0x00029ecc                wpa_sm_aborted_cached
                0x00029f18                wpa_sm_aborted_external_cached
                0x00029f70                wpa_sm_init
                0x0002a038                wpa_sm_deinit
                0x0002a10c                wpa_sm_notify_assoc
                0x0002a1b8                wpa_sm_notify_disassoc
                0x0002a274                wpa_sm_set_pmk
                0x0002a318                wpa_sm_set_pmk_from_pmksa
                0x0002b054                wpa_sm_rx_eapol
                0x0002c180                wpa_sm_set_fast_reauth
                0x0002c18c                wpa_sm_set_scard_ctx
                0x0002c1a8                wpa_sm_set_config
                0x0002c2a4                wpa_sm_set_ssid
                0x0002c2e8                wpa_sm_set_mlo_params
                0x0002c548                wpa_sm_set_own_addr
                0x0002c560                wpa_sm_set_ifname
                0x0002c570                wpa_sm_set_eapol
                0x0002c57c                wpa_sm_set_param
                0x0002c68c                wpa_sm_get_status
                0x0002c798                wpa_sm_pmf_enabled
                0x0002c7f4                wpa_sm_ext_key_id
                0x0002c800                wpa_sm_ext_key_id_active
                0x0002c80c                wpa_sm_ocv_enabled
                0x0002c85c                wpa_sm_set_assoc_wpa_ie_default
                0x0002c8f0                wpa_sm_set_assoc_wpa_ie
                0x0002c988                wpa_sm_set_assoc_rsnxe_default
                0x0002ca24                wpa_sm_set_assoc_rsnxe
                0x0002cb10                wpa_sm_set_ap_wpa_ie
                0x0002cba8                wpa_sm_set_ap_rsn_ie
                0x0002cc40                wpa_sm_set_ap_rsnxe
                0x0002ccd8                wpa_sm_parse_own_wpa_ie
                0x0002cd30                wpa_sm_pmksa_cache_list
                0x0002cd38                wpa_sm_pmksa_cache_head
                0x0002cd40                wpa_sm_pmksa_cache_add_entry
                0x0002cd48                wpa_sm_pmksa_cache_add
                0x0002cda0                wpa_sm_pmksa_exists
                0x0002cdd4                wpa_sm_pmksa_cache_get
                0x0002ce08                wpa_sm_pmksa_cache_remove
                0x0002ce20                wpa_sm_drop_sa
                0x0002ce60                wpa_sm_has_ptk_installed
                0x0002ce8c                wpa_sm_update_replay_ctr
                0x0002ce98                wpa_sm_pmksa_cache_flush
                0x0002cebc                wpa_sm_external_pmksa_cache_flush
                0x0002cee4                wpa_sm_set_rx_replay_ctr
                0x0002cf2c                wpa_sm_set_ptk_kck_kek
                0x0002cfe0                wpa_sm_get_key_mgmt
                0x0002cfe8                wpa_sm_get_auth_addr
                0x0002d008                wpa_fils_is_completed
                0x0002d010                wpa_sm_set_fils_cache_id
                0x0002d014                wpa_sm_pmksa_cache_reconfig
                0x0002d024                wpa_sm_get_pmksa_cache
                0x0002d030                wpa_sm_set_cur_pmksa
                0x0002d03c                wpa_sm_set_driver_bss_selection
 .text          0x0002d04c      0x530 ../../circle/addon/wlan/hostap/wpa_supplicant/libwpa_supplicant.a(wpa_ie.o)
                0x0002d04c                wpa_parse_wpa_ie
                0x0002d0a4                rsn_supp_capab
                0x0002d0fc                wpa_gen_wpa_ie
                0x0002d498                wpa_gen_rsnxe
 *fill*         0x0002d57c        0x4 
 .text          0x0002d580     0x1b94 ../../circle/addon/wlan/hostap/wpa_supplicant/libwpa_supplicant.a(common.o)
                0x0002d670                hex2num
                0x0002d6b8                hex2byte
                0x0002d748                hwaddr_aton
                0x0002d760                hwaddr_masked_aton
                0x0002d7f8                hwaddr_compact_aton
                0x0002d8a8                hwaddr_aton2
                0x0002d97c                hexstr2bin
                0x0002da3c                hwaddr_mask_txt
                0x0002db34                inc_byte_array
                0x0002db68                buf_shift_right
                0x0002dcc8                wpa_get_ntp_timestamp
                0x0002dd3c                wpa_scnprintf
                0x0002dd98                wpa_snprintf_hex_sep
                0x0002de4c                wpa_snprintf_hex
                0x0002deec                wpa_snprintf_hex_uppercase
                0x0002df8c                printf_encode
                0x0002e078                printf_decode
                0x0002e2b4                wpa_ssid_txt
                0x0002e2f8                __hide_aliasing_typecast
                0x0002e2fc                wpa_config_parse_string
                0x0002e490                is_hex
                0x0002e4d0                has_ctrl_char
                0x0002e518                has_newline
                0x0002e550                merge_byte_arrays
                0x0002e5fc                dup_binstr
                0x0002e650                freq_range_list_parse
                0x0002e758                freq_range_list_includes
                0x0002e7b0                freq_range_list_str
                0x0002e8b8                int_array_len
                0x0002e8f0                int_array_concat
                0x0002ea04                int_array_sort_unique
                0x0002eab8                int_array_add_unique
                0x0002eb5c                int_array_includes
                0x0002eb98                str_clear_free
                0x0002ebd0                bin_clear_free
                0x0002ec00                random_mac_addr
                0x0002ec30                random_mac_addr_keep_oui
                0x0002ec64                cstr_token
                0x0002ed1c                str_token
                0x0002ed5c                utf8_unescape
                0x0002ee60                utf8_escape
                0x0002ef3c                is_ctrl_char
                0x0002ef54                ssid_parse
                0x0002f010                str_starts
                0x0002f048                rssi_to_rcpi
                0x0002f088                get_param
                0x0002f0fc                forced_memzero
 .text          0x0002f114      0x1b4 ../../circle/addon/wlan/hostap/wpa_supplicant/libwpa_supplicant.a(wpa_debug_circle.o)
                0x0002f114                wpa_debug_open_file
                0x0002f11c                wpa_debug_reopen_file
                0x0002f124                wpa_debug_close_file
                0x0002f128                wpa_debug_setup_stdout
                0x0002f12c                wpa_debug_stop_log
                0x0002f130                wpa_printf
                0x0002f180                wpa_hexdump
                0x0002f1b0                wpa_hexdump_key
                0x0002f1f4                wpa_hexdump_ascii
                0x0002f224                wpa_hexdump_ascii_key
                0x0002f268                wpa_msg
                0x0002f2b8                wpa_msg_ctrl
                0x0002f2c4                wpa_msg_register_ifname_cb
 .text          0x0002f2c8      0x844 ../../circle/addon/wlan/hostap/wpa_supplicant/libwpa_supplicant.a(wpabuf.o)
                0x0002f2c8                wpabuf_resize
                0x0002f3e4                wpabuf_alloc
                0x0002f408                wpabuf_alloc_ext_data
                0x0002f44c                wpabuf_alloc_copy
                0x0002f4d8                wpabuf_dup
                0x0002f570                wpabuf_free
                0x0002f5b4                wpabuf_clear_free
                0x0002f614                wpabuf_put
                0x0002f670                wpabuf_concat
                0x0002f874                wpabuf_zeropad
                0x0002f9b4                wpabuf_printf
                0x0002fa3c                wpabuf_parse_bin
 .text          0x0002fb0c     0x270c ../../circle/addon/wlan/hostap/wpa_supplicant/libwpa_supplicant.a(bss.o)
                0x0002fcfc                wpa_bss_anqp_alloc
                0x0002fd18                wpa_bss_anqp_unshare_alloc
                0x0002fdac                wpa_bss_remove
                0x0002ff7c                wpa_bss_get
                0x00030048                calculate_update_time
                0x00030094                notify_bss_changes
                0x000301b4                wpa_bss_update_start
                0x000301f0                wpa_bss_update_end
                0x00030370                wpa_bss_flush_by_age
                0x00030474                wpa_bss_init
                0x000304a0                wpa_bss_flush
                0x00030510                wpa_bss_deinit
                0x00030514                wpa_bss_get_bssid
                0x00030578                wpa_bss_get_bssid_latest
                0x00030610                wpa_bss_get_id
                0x00030640                wpa_bss_get_id_range
                0x00030690                wpa_bss_get_ie
                0x000306a4                wpa_bss_get_ie_beacon
                0x000306d8                wpa_bss_get_ie_ext
                0x000306ec                wpa_bss_get_vendor_ie
                0x00030780                wpa_bss_get_vendor_ie_beacon
                0x0003081c                wpa_bss_get_vendor_ie_multi
                0x00030a90                wpa_bss_update_scan_res
                0x00031624                wpa_bss_get_vendor_ie_multi_beacon
                0x00031714                wpa_bss_get_max_rate
                0x000318c0                wpa_bss_get_bit_rates
                0x000319fc                wpa_bss_ext_capab
                0x00031a28                wpa_bss_parse_basic_ml_element
                0x000320b8                wpa_bss_parse_reconf_ml_element
 .text          0x00032218      0x4f4 ../../circle/addon/wlan/hostap/wpa_supplicant/libwpa_supplicant.a(bssid_ignore.o)
                0x0003230c                wpa_bssid_ignore_del
                0x000323d8                wpa_bssid_ignore_clear
                0x0003245c                wpa_bssid_ignore_get
                0x00032504                wpa_bssid_ignore_add
                0x00032674                wpa_bssid_ignore_is_listed
                0x00032700                wpa_bssid_ignore_update
 *fill*         0x0003270c        0x4 
 .text          0x00032710     0x4f1c ../../circle/addon/wlan/hostap/wpa_supplicant/libwpa_supplicant.a(config.o)
                0x00034cb0                wpa_config_add_prio_network
                0x00034dd8                wpa_config_update_prio_list
                0x00034e3c                wpa_config_free_ssid
                0x00034fd4                wpa_config_free_cred
                0x00035108                wpa_config_flush_blobs
                0x0003514c                wpa_config_free
                0x0003532c                wpa_config_foreach_network
                0x00035360                wpa_config_get_network
                0x0003537c                wpa_config_add_network
                0x0003545c                wpa_config_remove_network
                0x000354fc                wpa_config_set_network_defaults
                0x00035578                wpa_config_set
                0x000356bc                wpa_config_set_quoted
                0x0003573c                wpa_config_get_all
                0x00035744                wpa_config_update_psk
                0x000357b8                wpa_config_set_cred
                0x00036460                wpa_config_get_cred_no_key
                0x00036f10                wpa_config_get_cred
                0x00036f38                wpa_config_add_cred
                0x00036fd4                wpa_config_remove_cred
                0x00037038                wpa_config_get_blob
                0x00037084                wpa_config_free_blob
                0x000370ac                wpa_config_remove_blob
                0x0003713c                wpa_config_set_blob
                0x00037160                wpa_config_alloc_empty
                0x0003732c                wpa_config_debug_dump_networks
                0x000373ac                wpa_config_dump_values
                0x00037430                wpa_config_get_value
                0x000374c0                wpa_config_get_num_global_field_names
                0x000374c8                wpa_config_get_global_field_name
                0x00037514                wpa_config_process_global
 .text          0x0003762c      0x954 ../../circle/addon/wlan/hostap/wpa_supplicant/libwpa_supplicant.a(config_file.o)
                0x0003762c                wpa_config_read
                0x00037f78                wpa_config_write
 .text          0x00037f80        0x8 ../../circle/addon/wlan/hostap/wpa_supplicant/libwpa_supplicant.a(eap_register.o)
                0x00037f80                eap_register_methods
 .text          0x00037f88     0x7ab8 ../../circle/addon/wlan/hostap/wpa_supplicant/libwpa_supplicant.a(events.o)
                0x00038ab4                wpa_supplicant_stop_countermeasures
                0x00039270                wpas_temp_disabled
                0x000392d4                wpas_reset_mlo_info
                0x00039328                wpa_supplicant_mark_disassoc
                0x00039d50                wpa_supplicant_scard_init
                0x00039d58                disabled_freq
                0x00039de8                wpa_scan_res_match
                0x0003b370                wpa_supplicant_pick_network
                0x0003b554                wpa_supplicant_connect
                0x0003be24                wpa_supplicant_need_to_roam_within_ess
                0x0003ce88                wpa_supplicant_fast_associate
                0x0003cf64                wpas_network_reenabled
                0x0003cfc0                wpa_wps_supplicant_fast_associate
                0x0003cfe4                wnm_bss_keep_alive_deinit
                0x0003cfe8                wpa_supplicant_update_channel_list
                0x0003d1fc                wpa_supplicant_event
                0x0003f9b4                wpa_supplicant_event_global
 .text          0x0003fa40      0x604 ../../circle/addon/wlan/hostap/wpa_supplicant/libwpa_supplicant.a(notify.o)
                0x0003fa40                wpas_notify_supplicant_initialized
                0x0003fa48                wpas_notify_supplicant_deinitialized
                0x0003fa4c                wpas_notify_iface_added
                0x0003fa54                wpas_notify_iface_removed
                0x0003fa58                wpas_notify_state_changed
                0x0003fa5c                wpas_notify_disconnect_reason
                0x0003fa60                wpas_notify_auth_status_code
                0x0003fa64                wpas_notify_assoc_status_code
                0x0003fa68                wpas_notify_roam_time
                0x0003fa6c                wpas_notify_roam_complete
                0x0003fa70                wpas_notify_session_length
                0x0003fa74                wpas_notify_bss_tm_status
                0x0003fa78                wpas_notify_network_changed
                0x0003fa7c                wpas_notify_ap_scan_changed
                0x0003fa80                wpas_notify_bssid_changed
                0x0003fa84                wpas_notify_mac_address_changed
                0x0003fa88                wpas_notify_auth_changed
                0x0003fa8c                wpas_notify_network_enabled_changed
                0x0003fa90                wpas_notify_network_selected
                0x0003fa94                wpas_notify_network_request
                0x0003fa98                wpas_notify_scanning
                0x0003fa9c                wpas_notify_scan_done
                0x0003faa0                wpas_notify_scan_results
                0x0003faa4                wpas_notify_wps_credential
                0x0003faa8                wpas_notify_wps_event_m2d
                0x0003faac                wpas_notify_wps_event_fail
                0x0003fab0                wpas_notify_wps_event_success
                0x0003fab4                wpas_notify_wps_event_pbc_overlap
                0x0003fab8                wpas_notify_network_added
                0x0003faf4                wpas_notify_persistent_group_added
                0x0003faf8                wpas_notify_persistent_group_removed
                0x0003fafc                wpas_notify_network_removed
                0x0003fc44                wpas_notify_bss_added
                0x0003fca0                wpas_notify_bss_removed
                0x0003fcfc                wpas_notify_bss_freq_changed
                0x0003fd00                wpas_notify_bss_signal_changed
                0x0003fd04                wpas_notify_bss_privacy_changed
                0x0003fd08                wpas_notify_bss_mode_changed
                0x0003fd0c                wpas_notify_bss_wpaie_changed
                0x0003fd10                wpas_notify_bss_rsnie_changed
                0x0003fd14                wpas_notify_bss_wps_changed
                0x0003fd18                wpas_notify_bss_ies_changed
                0x0003fd1c                wpas_notify_bss_rates_changed
                0x0003fd20                wpas_notify_bss_seen
                0x0003fd24                wpas_notify_bss_anqp_changed
                0x0003fd28                wpas_notify_blob_added
                0x0003fd2c                wpas_notify_blob_removed
                0x0003fd30                wpas_notify_debug_level_changed
                0x0003fd34                wpas_notify_debug_timestamp_changed
                0x0003fd38                wpas_notify_debug_show_keys_changed
                0x0003fd3c                wpas_notify_suspend
                0x0003fd90                wpas_notify_resume
                0x0003fe3c                wpas_notify_sta_authorized
                0x0003fe40                wpas_notify_certification
                0x0003ff80                wpas_notify_preq
                0x0003ff84                wpas_notify_eap_status
                0x0003ffac                wpas_notify_eap_error
                0x0003ffc0                wpas_notify_psk_mismatch
                0x0003ffc4                wpas_notify_network_bssid_set_changed
                0x00040038                wpas_notify_network_type_changed
                0x0004003c                wpas_notify_pmk_cache_added
                0x00040040                wpas_notify_signal_change
 .text          0x00040044      0xca8 ../../circle/addon/wlan/hostap/wpa_supplicant/libwpa_supplicant.a(op_classes.o)
                0x0004021c                verify_channel
                0x0004095c                wpas_supp_op_class_ie
                0x00040c50                wpas_supp_op_classes
 *fill*         0x00040cec        0x4 
 .text          0x00040cf0     0x2678 ../../circle/addon/wlan/hostap/wpa_supplicant/libwpa_supplicant.a(rrm.o)
                0x0004130c                wpas_rrm_reset
                0x000413b8                wpas_rrm_process_neighbor_rep
                0x000414f4                wpas_rrm_send_neighbor_rep_request
                0x00041968                wpas_get_op_chan_phy
                0x00041f3c                wpas_rrm_refuse_request
                0x0004209c                wpas_rrm_handle_radio_measurement_request
                0x00042dc8                wpas_rrm_handle_link_measurement_request
                0x00042f58                wpas_beacon_rep_scan_process
                0x0004331c                wpas_clear_beacon_rep_data
 .text          0x00043368     0x5628 ../../circle/addon/wlan/hostap/wpa_supplicant/libwpa_supplicant.a(scan.o)
                0x00043bbc                wpa_supplicant_enabled_networks
                0x00043c9c                wpa_supplicant_set_default_scan_ies
                0x00043dc4                wpa_add_scan_freqs_list
                0x00043f9c                wpa_supplicant_update_scan_int
                0x0004401c                wpa_supplicant_req_scan
                0x00044420                wpa_supplicant_delayed_sched_scan
                0x00044468                wpa_supplicant_req_sched_scan
                0x00044d38                wpa_supplicant_cancel_scan
                0x00044d68                wpa_supplicant_cancel_delayed_sched_scan
                0x00044da4                wpa_supplicant_cancel_sched_scan
                0x00044db4                wpa_supplicant_notify_scanning
                0x00044dc8                wpa_scan_get_ie
                0x00044de0                wpa_scan_get_ml_ie
                0x00044df8                wpa_scan_get_vendor_ie
                0x00045304                wpa_scan_get_vendor_ie_beacon
                0x000453a0                wpa_scan_get_vendor_ie_multi
                0x00045480                wpas_channel_width_rssi_bump
                0x000454d0                wpas_adjust_snr_by_chanwidth
                0x00045544                wpa_supplicant_filter_bssid_match
                0x000455c0                scan_snr
                0x0004564c                wpas_get_est_tpt
                0x000461e0                scan_est_throughput
                0x000463e8                wpa_supplicant_get_scan_results
                0x000468c4                wpa_supplicant_update_scan_results
                0x000468f4                scan_only_handler
                0x000469ac                wpas_scan_scheduled
                0x000469c0                wpa_scan_clone_params
                0x00046c1c                wpa_supplicant_trigger_scan
                0x00047eac                wpa_scan_free_params
                0x00047eb8                wpas_start_pno
                0x0004832c                wpas_stop_pno
                0x000483d8                wpas_mac_addr_rand_scan_clear
                0x0004846c                wpas_mac_addr_rand_scan_set
                0x0004853c                wpas_mac_addr_rand_scan_get_mask
                0x000485b4                wpas_abort_ongoing_scan
                0x0004867c                wpas_sched_scan_plans_set
                0x00048950                wpas_scan_reset_sched_scan
                0x00048970                wpas_scan_restart_sched_scan
 .text          0x00048990      0x434 ../../circle/addon/wlan/hostap/wpa_supplicant/libwpa_supplicant.a(aes-internal-enc.o)
                0x00048990                aes_encrypt_init
                0x000489f8                aes_encrypt
                0x00048da4                aes_encrypt_deinit
 .text          0x00048dc4      0x154 ../../circle/addon/wlan/hostap/wpa_supplicant/libwpa_supplicant.a(aes-unwrap.o)
                0x00048dc4                aes_unwrap
 .text          0x00048f18      0xc48 ../../circle/addon/wlan/hostap/wpa_supplicant/libwpa_supplicant.a(md5-internal.o)
                0x00049920                MD5Init
                0x00049948                MD5Update
                0x00049a24                MD5Final
                0x00049ae0                md5_vector
 .text          0x00049b60      0x188 ../../circle/addon/wlan/hostap/wpa_supplicant/libwpa_supplicant.a(rc4.o)
                0x00049b60                rc4_skip
 .text          0x00049ce8     0x1560 ../../circle/addon/wlan/hostap/wpa_supplicant/libwpa_supplicant.a(sha1-internal.o)
                0x00049ce8                SHA1Transform
                0x0004af94                SHA1Init
                0x0004afd0                SHA1Update
                0x0004b08c                SHA1Final
                0x0004b1b8                sha1_vector
 .text          0x0004b248      0x4e0 ../../circle/addon/wlan/hostap/wpa_supplicant/libwpa_supplicant.a(sha256-internal.o)
                0x0004b4d8                sha256_init
                0x0004b530                sha256_process
                0x0004b548                sha256_done
                0x0004b658                sha256_vector
 .text          0x0004b728      0xe10 ../../circle/addon/wlan/hostap/wpa_supplicant/libwpa_supplicant.a(driver_circle.o)
 .text          0x0004c538     0x313c ../../circle/addon/wlan/hostap/wpa_supplicant/libwpa_supplicant.a(eap.o)
                0x0004d1f8                eap_allowed_method
                0x0004d274                eap_peer_erp_free_keys
                0x0004d278                eap_peer_erp_init
                0x0004d27c                eap_sm_buildIdentity
                0x0004d56c                eap_peer_finish
                0x0004d570                eap_peer_sm_init
                0x0004d680                eap_peer_sm_step
                0x0004eaec                eap_sm_abort
                0x0004eb50                eap_peer_sm_deinit
                0x0004eb9c                eap_sm_get_method_name
                0x0004ebb4                eap_sm_request_identity
                0x0004ec24                eap_sm_request_password
                0x0004ec94                eap_sm_request_new_password
                0x0004ed04                eap_sm_request_pin
                0x0004ed74                eap_sm_request_otp
                0x0004ed84                eap_sm_request_passphrase
                0x0004edf4                eap_sm_request_sim
                0x0004ee58                eap_sm_notify_ctrl_attached
                0x0004ef4c                eap_get_phase2_type
                0x0004efb4                eap_get_phase2_types
                0x0004f094                eap_set_fast_reauth
                0x0004f09c                eap_set_workaround
                0x0004f0a4                eap_get_config
                0x0004f0b4                eap_get_config_identity
                0x0004f100                eap_get_config_password
                0x0004f190                eap_get_config_password2
                0x0004f250                eap_get_config_new_password
                0x0004f288                eap_get_config_otp
                0x0004f2c0                eap_clear_config_otp
                0x0004f304                eap_get_config_phase1
                0x0004f324                eap_get_config_phase2
                0x0004f344                eap_get_config_fragment_size
                0x0004f368                eap_key_available
                0x0004f374                eap_notify_success
                0x0004f38c                eap_notify_lower_layer_success
                0x0004f410                eap_get_eapSessionId
                0x0004f440                eap_get_eapKeyData
                0x0004f470                eap_get_eapRespData
                0x0004f494                eap_register_scard_ctx
                0x0004f4a0                eap_set_config_blob
                0x0004f4b0                eap_get_config_blob
                0x0004f4c0                eap_set_force_disabled
                0x0004f4c8                eap_set_external_sim
                0x0004f4d0                eap_notify_pending
                0x0004f4e0                eap_invalidate_cached_session
                0x0004f558                eap_is_wps_pbc_enrollee
                0x0004f5cc                eap_is_wps_pin_enrollee
                0x0004f640                eap_sm_set_ext_pw_ctx
                0x0004f650                eap_set_anon_id
                0x0004f668                eap_peer_was_failure_expected
 .text          0x0004f674      0x470 ../../circle/addon/wlan/hostap/wpa_supplicant/libwpa_supplicant.a(base64.o)
                0x0004fa60                base64_encode
                0x0004fa84                base64_encode_no_lf
                0x0004faa8                base64_url_encode
                0x0004facc                base64_decode
                0x0004fad8                base64_url_decode
 .text          0x0004fae4      0x124 ../../circle/addon/wlan/hostap/wpa_supplicant/libwpa_supplicant.a(bitfield.o)
                0x0004fae4                bitfield_alloc
                0x0004fb0c                bitfield_free
                0x0004fb10                bitfield_set
                0x0004fb38                bitfield_clear
                0x0004fb60                bitfield_is_set
                0x0004fb84                bitfield_get_first_zero
 .text          0x0004fc08      0x23c ../../circle/addon/wlan/hostap/wpa_supplicant/libwpa_supplicant.a(config.o)
                0x0004fc08                wpa_config_get_line
 .text          0x0004fe44      0x330 ../../circle/addon/wlan/hostap/wpa_supplicant/libwpa_supplicant.a(aes-internal.o)
                0x0004fe44                rijndaelKeySetupEnc
 .text          0x00050174      0x5a0 ../../circle/addon/wlan/hostap/wpa_supplicant/libwpa_supplicant.a(aes-internal-dec.o)
                0x00050174                aes_decrypt_init
                0x000502c0                aes_decrypt
                0x000506f4                aes_decrypt_deinit
 .text          0x00050714       0xfc ../../circle/addon/wlan/hostap/wpa_supplicant/libwpa_supplicant.a(tls_none.o)
                0x00050714                tls_init
                0x0005071c                tls_deinit
                0x00050720                tls_get_errors
                0x00050728                tls_connection_init
                0x00050730                tls_connection_deinit
                0x00050734                tls_connection_established
                0x0005073c                tls_connection_peer_serial_num
                0x00050744                tls_connection_shutdown
                0x0005074c                tls_connection_set_params
                0x00050754                tls_global_set_params
                0x0005075c                tls_global_set_verify
                0x00050764                tls_connection_set_verify
                0x0005076c                tls_connection_get_random
                0x00050774                tls_connection_export_key
                0x0005077c                tls_connection_get_eap_fast_key
                0x00050784                tls_connection_handshake
                0x0005078c                tls_connection_server_handshake
                0x00050794                tls_connection_encrypt
                0x0005079c                tls_connection_decrypt
                0x000507a4                tls_connection_resumed
                0x000507ac                tls_connection_set_cipher_list
                0x000507b4                tls_get_version
                0x000507bc                tls_get_cipher
                0x000507c4                tls_connection_enable_workaround
                0x000507cc                tls_connection_client_hello_ext
                0x000507d4                tls_connection_get_failed
                0x000507dc                tls_connection_get_read_alerts
                0x000507e4                tls_connection_get_write_alerts
                0x000507ec                tls_get_library_version
                0x000507f8                tls_connection_set_success_data
                0x00050800                tls_connection_set_success_data_resumed
                0x00050804                tls_connection_get_success_data
                0x0005080c                tls_connection_remove_session
 .text          0x00050810      0x2cc ../../circle/addon/wlan/hostap/wpa_supplicant/libwpa_supplicant.a(eap_common.o)
                0x00050810                eap_hdr_len_valid
                0x00050888                eap_hdr_validate
                0x000509a4                eap_msg_alloc
                0x00050a94                eap_update_len
                0x00050aac                eap_get_id
                0x00050ac4                eap_get_type
 .text          0x00050adc      0x984 ../../circle/addon/wlan/libwlan.a(bcm4343.o)
                0x00050adc                CBcm4343Device::GetMACAddress() const
                0x00050ae4                CBcm4343Device::SendFrame(void const*, unsigned int)
                0x00050bfc                CBcm4343Device::SetMulticastFilter(unsigned char const (*) [6])
                0x00050d00                CBcm4343Device::OpenNetEventHandler(ether_event_type_t, ether_event_params_t const*, void*)
                0x00050d50                CBcm4343Device::ReceiveFrame(void*, unsigned int*)
                0x00050db8                CBcm4343Device::IsLinkUp()
                0x00050de0                CBcm4343Device::CBcm4343Device(char const*)
                0x00050de0                CBcm4343Device::CBcm4343Device(char const*)
                0x00050e38                CBcm4343Device::Initialize()
                0x00050f1c                CBcm4343Device::RegisterEventHandler(void (*)(ether_event_type_t, ether_event_params_t const*, void*), void*)
                0x00050f4c                CBcm4343Device::RegisterConnectedProvider(bool (*)())
                0x00050f54                CBcm4343Device::ReceiveScanResult(void*, unsigned int*)
                0x00050fbc                CBcm4343Device::GetBSSID()
                0x00051018                CBcm4343Device::DumpStatus()
                0x00051074                CBcm4343Device::FrameReceived(void const*, unsigned int)
                0x000510b4                CBcm4343Device::ScanResultReceived(void const*, unsigned int)
                0x000510f4                etheriq
                0x00051160                etherscanresult
                0x000511b8                addethercard
                0x000511e8                CBcm4343Device::~CBcm4343Device()
                0x000511e8                CBcm4343Device::~CBcm4343Device()
                0x00051274                CBcm4343Device::~CBcm4343Device()
                0x00051294                CBcm4343Device::Control(char const*, ...)
                0x00051360                CBcm4343Device::JoinOpenNet(char const*)
                0x000513ec                CBcm4343Device::CreateOpenNet(char const*, int, bool)
                0x0005144c                CBcm4343Device::DestroyOpenNet()
 .text._ZN10CNetDevice20IsSendFrameAdvisableEv
                0x00051460        0x8 ../../circle/addon/wlan/libwlan.a(bcm4343.o)
                0x00051460                CNetDevice::IsSendFrameAdvisable()
 .text._ZN10CNetDevice12GetLinkSpeedEv
                0x00051468        0x8 ../../circle/addon/wlan/libwlan.a(bcm4343.o)
                0x00051468                CNetDevice::GetLinkSpeed()
 .text._ZN10CNetDevice9UpdatePHYEv
                0x00051470        0x8 ../../circle/addon/wlan/libwlan.a(bcm4343.o)
                0x00051470                CNetDevice::UpdatePHY()
 .text._ZN14CBcm4343Device7GetTypeEv
                0x00051478        0x8 ../../circle/addon/wlan/libwlan.a(bcm4343.o)
                0x00051478                CBcm4343Device::GetType()
 .text          0x00051480     0x45d8 ../../circle/addon/wlan/libwlan.a(ether4330.o)
                0x00055a44                ether4330link
 .text          0x00055a58      0xd50 ../../circle/addon/wlan/libwlan.a(emmc.o)
                0x000566d0                sdiocardintr
 .text          0x000567a8      0x220 ../../circle/addon/wlan/libwlan.a(p9arch.o)
                0x0005682c                gpiosel
                0x0005686c                gpiopulloff
                0x00056874                gpiopullup
                0x0005687c                getclkrate
                0x0005689c                __p9delay
                0x000568b4                __p9microdelay
                0x000568cc                coherence
                0x000568d4                intrenable
                0x00056910                dmastart
                0x0005696c                dmawait
                0x00056988                cachedinvse
                0x0005698c                p9arch_init
 .text          0x000569c8      0x278 ../../circle/addon/wlan/libwlan.a(p9chan.o)
                0x00056a98                cclose
                0x00056ae8                p9chan_init
                0x00056b48                namec
 .text          0x00056c40      0x224 ../../circle/addon/wlan/libwlan.a(p9cmd.o)
                0x00056c40                cmderror
                0x00056cec                lookupcmd
                0x00056d6c                parsecmd
 .text          0x00056e64      0x1a4 ../../circle/addon/wlan/libwlan.a(p9error.o)
                0x00056e64                __p9error
                0x00056ef8                pusherror
                0x00056f38                nexterror
                0x00056fa8                poperror
                0x00057004                okay
 .text          0x00057008      0x328 ../../circle/addon/wlan/libwlan.a(p9ether.o)
                0x00057008                allocb
                0x0005703c                freeb
                0x00057048                padblock
                0x000570c4                qlen
                0x000570cc                qget
                0x00057164                qpass
                0x00057220                __p9nhgets
                0x00057230                __p9nhgetl
                0x0005723c                parseether
 .text          0x00057330      0x278 ../../circle/addon/wlan/libwlan.a(p9proc.o)
                0x00057330                __p9lock
                0x00057368                __p9unlock
                0x00057384                qlock
                0x000573ac                qunlock
                0x000573e8                canqlock
                0x00057418                __p9sleep
                0x00057440                tsleep
                0x000574a4                __p9wakeup
                0x000574a8                return0
                0x000574b0                __p9kproc
                0x000574fc                p9proc_init
                0x0005755c                get_error_stack
 .text._ZN6CKProc3RunEv
                0x000575a8       0x2c ../../circle/addon/wlan/libwlan.a(p9proc.o)
                0x000575a8                CKProc::Run()
 .text._ZN6CKProcD2Ev
                0x000575d4       0x20 ../../circle/addon/wlan/libwlan.a(p9proc.o)
                0x000575d4                CKProc::~CKProc()
                0x000575d4                CKProc::~CKProc()
 .text._ZN6CKProcD0Ev
                0x000575f4       0x2c ../../circle/addon/wlan/libwlan.a(p9proc.o)
                0x000575f4                CKProc::~CKProc()
 .text          0x00057620      0x344 ../../circle/addon/wlan/libwlan.a(p9util.o)
                0x00057620                __p9readstr
                0x000576a4                __p9hexdump
                0x000576ac                __p9print
                0x000577ac                __p9sprint
                0x00057818                __p9snprint
                0x000578ac                __p9seprint
 *fill*         0x00057964        0x4 
 .text          0x00057968     0x5914 ../../circle/addon/fatfs/libfatfs.a(ff.o)
                0x0005a018                f_mount
                0x0005a140                f_open
                0x0005a524                f_read
                0x0005a7e0                f_write
                0x0005ab04                f_sync
                0x0005ac80                f_close
                0x0005acdc                f_chdrive
                0x0005ad10                f_chdir
                0x0005ae5c                f_getcwd
                0x0005b1d4                f_lseek
                0x0005b4b0                f_opendir
                0x0005b634                f_closedir
                0x0005b6f0                f_readdir
                0x0005b834                f_findnext
                0x0005b8c0                f_findfirst
                0x0005b8f0                f_stat
                0x0005ba20                f_getfree
                0x0005bba4                f_truncate
                0x0005bd90                f_unlink
                0x0005bf54                f_mkdir
                0x0005c1f8                f_rename
                0x0005c480                f_chmod
                0x0005c5c4                f_utime
                0x0005c718                f_gets
                0x0005c7a0                f_putc
                0x0005c878                f_puts
                0x0005c978                f_printf
 .text          0x0005d27c      0x404 ../../circle/addon/fatfs/libfatfs.a(diskio.o)
                0x0005d288                disk_status
                0x0005d2a8                disk_initialize
                0x0005d30c                disk_read
                0x0005d40c                disk_write
                0x0005d4e8                disk_ioctl
 .text          0x0005d680      0x2d8 ../../circle/addon/fatfs/libfatfs.a(ffsystem.o)
                0x0005d680                ff_mutex_create
                0x0005d70c                ff_mutex_delete
                0x0005d794                ff_mutex_take
                0x0005d7f0                ff_mutex_give
                0x0005d848                ff_memalloc
                0x0005d84c                ff_memfree
                0x0005d850                get_fattime
 .text          0x0005d958      0x248 ../../circle/addon/fatfs/libfatfs.a(ffunicode.o)
                0x0005d958                ff_uni2oem
                0x0005da60                ff_oem2uni
                0x0005daa0                ff_wtoupper
 .text          0x0005dba0     0x16e8 ../../circle/addon/SDCard/libsdcard.a(emmc.o)
                0x0005dba0                CEMMCDevice::Seek(unsigned long long)
                0x0005dbb4                CEMMCDevice::GetSize() const
                0x0005dbc0                CEMMCDevice::CEMMCDevice(CInterruptSystem*, CTimer*, CActLED*, CEMMCDevice::TDeviceSelector)
                0x0005dbc0                CEMMCDevice::CEMMCDevice(CInterruptSystem*, CTimer*, CActLED*, CEMMCDevice::TDeviceSelector)
                0x0005dca4                CEMMCDevice::GetCSDField(unsigned int, unsigned int) const
                0x0005dce4                CEMMCDevice::usDelay(unsigned int)
                0x0005dd14                CEMMCDevice::LogWrite(TLogSeverity, char const*, ...)
                0x0005dd98                CEMMCDevice::IssueCommandInt(unsigned int, unsigned int, int)
                0x0005df70                CEMMCDevice::IssueCommand(unsigned int, unsigned int, int)
                0x0005e078                CEMMCDevice::DoDataCommand(int, unsigned char*, unsigned int, unsigned int)
                0x0005e1dc                CEMMCDevice::CardReset()
                0x0005ebd8                CEMMCDevice::CardInit()
                0x0005ec20                CEMMCDevice::EnsureDataMode()
                0x0005eed4                CEMMCDevice::DoRead(unsigned char*, unsigned int, unsigned int)
                0x0005ef2c                CEMMCDevice::DoWrite(unsigned char*, unsigned int, unsigned int)
                0x0005ef84                CEMMCDevice::Read(void*, unsigned int)
                0x0005f030                CEMMCDevice::Write(void const*, unsigned int)
                0x0005f0e0                CEMMCDevice::GetID()
                0x0005f0e8                CEMMCDevice::~CEMMCDevice()
                0x0005f0e8                CEMMCDevice::~CEMMCDevice()
                0x0005f178                CEMMCDevice::~CEMMCDevice()
                0x0005f198                CEMMCDevice::Initialize()
 .text          0x0005f288      0x40c ../../circle/addon/SDCard/libsdcard.a(mmchost.o)
                0x0005f288                CMMCHost::CMMCHost()
                0x0005f288                CMMCHost::CMMCHost()
                0x0005f2b0                CMMCHost::~CMMCHost()
                0x0005f2b0                CMMCHost::~CMMCHost()
                0x0005f2b4                CMMCHost::~CMMCHost()
                0x0005f2d4                CMMCHost::SetClock(unsigned int)
                0x0005f2ec                CMMCHost::SetBusWidth(unsigned int)
                0x0005f33c                CMMCHost::RequestSync(mmc_request*)
                0x0005f388                CMMCHost::PrepareRequest(mmc_request*)
                0x0005f440                CMMCHost::Command(mmc_command*, unsigned int)
                0x0005f578                mmc_request_done(mmc_host*, mmc_request*)
                0x0005f5ac                CMMCHost::sg_miter_start(sg_mapping_iter*, void*, unsigned int, unsigned int)
                0x0005f61c                CMMCHost::sg_miter_next(sg_mapping_iter*)
                0x0005f690                CMMCHost::sg_miter_stop(sg_mapping_iter*)
 *fill*         0x0005f694        0x4 
 .text          0x0005f698     0x250c ../../circle/addon/SDCard/libsdcard.a(sdhost.o)
                0x0005f734                CSDHOSTDevice::CSDHOSTDevice(CInterruptSystem*, CTimer*)
                0x0005f734                CSDHOSTDevice::CSDHOSTDevice(CInterruptSystem*, CTimer*)
                0x0005f818                CSDHOSTDevice::set_sdhost_clock(unsigned int*)
                0x0005f89c                CSDHOSTDevice::dumpcmd(mmc_command*, char const*)
                0x0005f8a8                CSDHOSTDevice::dumpregs()
                0x0005fbc0                CSDHOSTDevice::set_power(bool)
                0x0005fbd0                CSDHOSTDevice::reset_internal()
                0x0005fc94                CSDHOSTDevice::Reset()
                0x0005fcb8                CSDHOSTDevice::reset(mmc_host*)
                0x0005fcdc                CSDHOSTDevice::wait_transfer_complete()
                0x0005fdb8                CSDHOSTDevice::read_block_pio()
                0x0005ffbc                CSDHOSTDevice::write_block_pio()
                0x000601c4                CSDHOSTDevice::transfer_pio()
                0x00060304                CSDHOSTDevice::set_transfer_irqs()
                0x00060328                CSDHOSTDevice::prepare_data(mmc_command*)
                0x00060448                CSDHOSTDevice::set_clock(unsigned int)
                0x000606fc                CSDHOSTDevice::set_ios(mmc_host*, mmc_ios*)
                0x000607e8                CSDHOSTDevice::SetIOS(mmc_ios*)
                0x00060814                CSDHOSTDevice::init(int)
                0x0006086c                CSDHOSTDevice::tasklet_finish()
                0x000609fc                CSDHOSTDevice::send_command(mmc_command*)
                0x00060c4c                CSDHOSTDevice::finish_command()
                0x0006108c                CSDHOSTDevice::transfer_complete()
                0x000611a4                CSDHOSTDevice::finish_data()
                0x00061220                CSDHOSTDevice::data_irq(unsigned int)
                0x000612e8                CSDHOSTDevice::block_irq(unsigned int)
                0x000613e0                CSDHOSTDevice::busy_irq(unsigned int)
                0x0006152c                CSDHOSTDevice::irq_handler()
                0x000615c4                CSDHOSTDevice::irq_stub(void*)
                0x000615ec                CSDHOSTDevice::request(mmc_host*, mmc_request*)
                0x000618ac                CSDHOSTDevice::Request(mmc_request*)
                0x000618d8                CSDHOSTDevice::add_host()
                0x000619f0                CSDHOSTDevice::probe()
                0x00061abc                CSDHOSTDevice::Initialize()
                0x00061acc                CSDHOSTDevice::remove()
                0x00061af8                CSDHOSTDevice::~CSDHOSTDevice()
                0x00061af8                CSDHOSTDevice::~CSDHOSTDevice()
                0x00061b84                CSDHOSTDevice::~CSDHOSTDevice()
 .text          0x00061ba4      0x3a8 ../../circle/lib/net/libnet.a(netsubsystem.o)
                0x00061ba4                CNetSubSystem::CNetSubSystem(unsigned char const*, unsigned char const*, unsigned char const*, unsigned char const*, char const*, TNetDeviceType)
                0x00061ba4                CNetSubSystem::CNetSubSystem(unsigned char const*, unsigned char const*, unsigned char const*, unsigned char const*, char const*, TNetDeviceType)
                0x00061cc8                CNetSubSystem::Initialize(bool)
                0x00061db8                CNetSubSystem::Process()
                0x00061e68                CNetSubSystem::GetConfig()
                0x00061e70                CNetSubSystem::GetNetDeviceLayer()
                0x00061e78                CNetSubSystem::GetLinkLayer()
                0x00061e80                CNetSubSystem::GetNetworkLayer()
                0x00061e88                CNetSubSystem::GetTransportLayer()
                0x00061e90                CNetSubSystem::IsRunning() const
                0x00061ec8                CNetSubSystem::GetHostname() const
                0x00061ecc                CNetSubSystem::Get()
                0x00061efc                CNetSubSystem::~CNetSubSystem()
                0x00061efc                CNetSubSystem::~CNetSubSystem()
 .text          0x00061f4c       0xe0 ../../circle/lib/net/libnet.a(nettask.o)
                0x00061f4c                CNetTask::~CNetTask()
                0x00061f4c                CNetTask::~CNetTask()
                0x00061f74                CNetTask::~CNetTask()
                0x00061fa8                CNetTask::Run()
                0x00061fec                CNetTask::CNetTask(CNetSubSystem*)
                0x00061fec                CNetTask::CNetTask(CNetSubSystem*)
 .text          0x0006202c     0x16d4 ../../circle/lib/net/libnet.a(transportlayer.o)
                0x0006202c                CTransportLayer::CTransportLayer(CNetConfig*, CNetworkLayer*)
                0x0006202c                CTransportLayer::CTransportLayer(CNetConfig*, CNetworkLayer*)
                0x000620c8                CTransportLayer::Initialize()
                0x000620d0                CTransportLayer::Bind(unsigned short, int)
                0x000622b8                CTransportLayer::Connect(CIPAddress const&, unsigned short, unsigned short, int)
                0x00062544                CTransportLayer::Listen(unsigned short, int)
                0x000626a4                CTransportLayer::Accept(CIPAddress*, unsigned short*, int)
                0x00062788                CTransportLayer::Disconnect(int)
                0x00062818                CTransportLayer::Send(CNetBuffer*, int, int)
                0x000628dc                CTransportLayer::Receive(CNetBuffer**, int, int)
                0x000629a0                CTransportLayer::SendTo(CNetBuffer*, int, CIPAddress const&, unsigned short, int)
                0x00062a78                CTransportLayer::ReceiveFrom(CNetBuffer**, int, CIPAddress*, unsigned short*, int)
                0x00062b50                CTransportLayer::SetOptionReceiveTimeout(unsigned int, int)
                0x00062be8                CTransportLayer::SetOptionSendTimeout(unsigned int, int)
                0x00062c80                CTransportLayer::SetOptionBroadcast(bool, int)
                0x00062d18                CTransportLayer::SetOptionAddMembership(CIPAddress const&, int)
                0x00062db0                CTransportLayer::SetOptionDropMembership(CIPAddress const&, int)
                0x00062e48                CTransportLayer::IsConnected(int) const
                0x00062ec8                CTransportLayer::GetForeignIP(int) const
                0x00062f30                CTransportLayer::GetOwnPort(int) const
                0x00062f98                CTransportLayer::GetMSS(int) const
                0x00063000                CTransportLayer::GetStatus(int) const
                0x000630b0                CTransportLayer::~CTransportLayer()
                0x000630b0                CTransportLayer::~CTransportLayer()
                0x000630e0                CTransportLayer::Process()
                0x00063434                CTransportLayer::ListConnections(CDevice*)
 .text._ZN12CTCPRejector7ConnectEv
                0x00063700        0x8 ../../circle/lib/net/libnet.a(transportlayer.o)
                0x00063700                CTCPRejector::Connect()
 .text._ZN12CTCPRejector6AcceptEP10CIPAddressPt
                0x00063708        0x8 ../../circle/lib/net/libnet.a(transportlayer.o)
                0x00063708                CTCPRejector::Accept(CIPAddress*, unsigned short*)
 .text._ZN12CTCPRejector5CloseEv
                0x00063710        0x8 ../../circle/lib/net/libnet.a(transportlayer.o)
                0x00063710                CTCPRejector::Close()
 .text._ZN12CTCPRejector4SendEP10CNetBufferi
                0x00063718        0x8 ../../circle/lib/net/libnet.a(transportlayer.o)
                0x00063718                CTCPRejector::Send(CNetBuffer*, int)
 .text._ZN12CTCPRejector7ReceiveEPP10CNetBufferi
                0x00063720        0x8 ../../circle/lib/net/libnet.a(transportlayer.o)
                0x00063720                CTCPRejector::Receive(CNetBuffer**, int)
 .text._ZN12CTCPRejector6SendToEP10CNetBufferiRK10CIPAddresst
                0x00063728        0x8 ../../circle/lib/net/libnet.a(transportlayer.o)
                0x00063728                CTCPRejector::SendTo(CNetBuffer*, int, CIPAddress const&, unsigned short)
 .text._ZN12CTCPRejector11ReceiveFromEPP10CNetBufferiP10CIPAddressPt
                0x00063730        0x8 ../../circle/lib/net/libnet.a(transportlayer.o)
                0x00063730                CTCPRejector::ReceiveFrom(CNetBuffer**, int, CIPAddress*, unsigned short*)
 .text._ZN12CTCPRejector23SetOptionReceiveTimeoutEj
                0x00063738        0x8 ../../circle/lib/net/libnet.a(transportlayer.o)
                0x00063738                CTCPRejector::SetOptionReceiveTimeout(unsigned int)
 .text._ZN12CTCPRejector20SetOptionSendTimeoutEj
                0x00063740        0x8 ../../circle/lib/net/libnet.a(transportlayer.o)
                0x00063740                CTCPRejector::SetOptionSendTimeout(unsigned int)
 .text._ZN12CTCPRejector18SetOptionBroadcastEb
                0x00063748        0x8 ../../circle/lib/net/libnet.a(transportlayer.o)
                0x00063748                CTCPRejector::SetOptionBroadcast(bool)
 .text._ZN12CTCPRejector22SetOptionAddMembershipERK10CIPAddress
                0x00063750        0x8 ../../circle/lib/net/libnet.a(transportlayer.o)
                0x00063750                CTCPRejector::SetOptionAddMembership(CIPAddress const&)
 .text._ZN12CTCPRejector23SetOptionDropMembershipERK10CIPAddress
                0x00063758        0x8 ../../circle/lib/net/libnet.a(transportlayer.o)
                0x00063758                CTCPRejector::SetOptionDropMembership(CIPAddress const&)
 .text._ZNK12CTCPRejector11IsConnectedEv
                0x00063760        0x8 ../../circle/lib/net/libnet.a(transportlayer.o)
                0x00063760                CTCPRejector::IsConnected() const
 .text._ZNK12CTCPRejector12IsTerminatedEv
                0x00063768        0x8 ../../circle/lib/net/libnet.a(transportlayer.o)
                0x00063768                CTCPRejector::IsTerminated() const
 .text._ZN12CTCPRejector7ProcessEv
                0x00063770        0x4 ../../circle/lib/net/libnet.a(transportlayer.o)
                0x00063770                CTCPRejector::Process()
 .text._ZN12CTCPRejector20NotificationReceivedE21TICMPNotificationTypeR10CIPAddressS2_tti