Archive member included to satisfy reference by file (symbol)

../../circle/addon/wlan/hostap/wpa_supplicant/libwpa_supplicant.a(wpasupplicant.o)
                              core0.o (CWPASupplicant::CWPASupplicant(char const*))
../../circle/addon/wlan/hostap/wpa_supplicant/libwpa_supplicant.a(eloop_circle.o)
                              ../../circle/addon/wlan/hostap/wpa_supplicant/libwpa_supplicant.a(wpasupplicant.o) (eloop_terminate)
../../circle/addon/wlan/hostap/wpa_supplicant/libwpa_supplicant.a(os_circle.o)
                              ../../circle/addon/wlan/hostap/wpa_supplicant/libwpa_supplicant.a(eloop_circle.o) (os_get_reltime)
../../circle/addon/wlan/hostap/wpa_supplicant/libwpa_supplicant.a(main_circle.o)
                              ../../circle/addon/wlan/hostap/wpa_supplicant/libwpa_supplicant.a(wpasupplicant.o) (wpa_supplicant_is_connected())
../../circle/addon/wlan/hostap/wpa_supplicant/libwpa_supplicant.a(wpa_supplicant.o)
                              ../../circle/addon/wlan/hostap/wpa_supplicant/libwpa_supplicant.a(main_circle.o) (wpa_supplicant_init)
../../circle/addon/wlan/hostap/wpa_supplicant/libwpa_supplicant.a(wpas_glue.o)
                              ../../circle/addon/wlan/hostap/wpa_supplicant/libwpa_supplicant.a(wpa_supplicant.o) (wpa_supplicant_init_eapol)
../../circle/addon/wlan/hostap/wpa_supplicant/libwpa_supplicant.a(hw_features_common.o)
                              ../../circle/addon/wlan/hostap/wpa_supplicant/libwpa_supplicant.a(wpa_supplicant.o) (hw_get_channel_chan)
../../circle/addon/wlan/hostap/wpa_supplicant/libwpa_supplicant.a(ieee802_11_common.o)
                              ../../circle/addon/wlan/hostap/wpa_supplicant/libwpa_supplicant.a(hw_features_common.o) (ieee802_11_parse_elems)
../../circle/addon/wlan/hostap/wpa_supplicant/libwpa_supplicant.a(ptksa_cache.o)
                              ../../circle/addon/wlan/hostap/wpa_supplicant/libwpa_supplicant.a(wpas_glue.o) (ptksa_cache_init)
../../circle/addon/wlan/hostap/wpa_supplicant/libwpa_supplicant.a(wpa_common.o)
                              ../../circle/addon/wlan/hostap/wpa_supplicant/libwpa_supplicant.a(wpa_supplicant.o) (wpa_default_rsn_cipher)
../../circle/addon/wlan/hostap/wpa_supplicant/libwpa_supplicant.a(aes-omac1.o)
                              ../../circle/addon/wlan/hostap/wpa_supplicant/libwpa_supplicant.a(wpa_common.o) (omac1_aes_128)
../../circle/addon/wlan/hostap/wpa_supplicant/libwpa_supplicant.a(md5.o)
                              ../../circle/addon/wlan/hostap/wpa_supplicant/libwpa_supplicant.a(wpa_common.o) (hmac_md5)
../../circle/addon/wlan/hostap/wpa_supplicant/libwpa_supplicant.a(sha1-pbkdf2.o)
                              ../../circle/addon/wlan/hostap/wpa_supplicant/libwpa_supplicant.a(wpa_supplicant.o) (pbkdf2_sha1)
../../circle/addon/wlan/hostap/wpa_supplicant/libwpa_supplicant.a(sha1-prf.o)
                              ../../circle/addon/wlan/hostap/wpa_supplicant/libwpa_supplicant.a(wpa_common.o) (sha1_prf)
../../circle/addon/wlan/hostap/wpa_supplicant/libwpa_supplicant.a(sha1.o)
                              ../../circle/addon/wlan/hostap/wpa_supplicant/libwpa_supplicant.a(wpa_common.o) (hmac_sha1_vector)
../../circle/addon/wlan/hostap/wpa_supplicant/libwpa_supplicant.a(sha256-prf.o)
                              ../../circle/addon/wlan/hostap/wpa_supplicant/libwpa_supplicant.a(wpa_common.o) (sha256_prf)
../../circle/addon/wlan/hostap/wpa_supplicant/libwpa_supplicant.a(sha256.o)
                              ../../circle/addon/wlan/hostap/wpa_supplicant/libwpa_supplicant.a(wpa_common.o) (hmac_sha256_vector)
../../circle/addon/wlan/hostap/wpa_supplicant/libwpa_supplicant.a(driver_common.o)
                              ../../circle/addon/wlan/hostap/wpa_supplicant/libwpa_supplicant.a(wpa_supplicant.o) (wpa_scan_results_free)
../../circle/addon/wlan/hostap/wpa_supplicant/libwpa_supplicant.a(drivers.o)
                              ../../circle/addon/wlan/hostap/wpa_supplicant/libwpa_supplicant.a(wpa_supplicant.o) (wpa_drivers)
../../circle/addon/wlan/hostap/wpa_supplicant/libwpa_supplicant.a(eap_methods.o)
                              ../../circle/addon/wlan/hostap/wpa_supplicant/libwpa_supplicant.a(wpa_supplicant.o) (eap_peer_unregister_methods)
../../circle/addon/wlan/hostap/wpa_supplicant/libwpa_supplicant.a(eapol_supp_sm.o)
                              ../../circle/addon/wlan/hostap/wpa_supplicant/libwpa_supplicant.a(wpa_supplicant.o) (eapol_sm_get_method_name)
../../circle/addon/wlan/hostap/wpa_supplicant/libwpa_supplicant.a(l2_packet_circle.o)
                              ../../circle/addon/wlan/hostap/wpa_supplicant/libwpa_supplicant.a(wpa_supplicant.o) (l2_packet_init)
../../circle/addon/wlan/hostap/wpa_supplicant/libwpa_supplicant.a(pmksa_cache.o)
                              ../../circle/addon/wlan/hostap/wpa_supplicant/libwpa_supplicant.a(wpas_glue.o) (pmksa_cache_get_current)
[...]
Memory Configuration

Name             Origin             Length             Attributes
*default*        0x00000000         0xffffffff

Linker script and memory map

Address of section .init set to 0x8000

.init           0x00008000       0xe8
 *(.init)
 .init          0x00008000       0xe8 ../../circle/lib/libcircle.a(startup.o)
                0x00008000                _start
                0x00008064                _start_secondary

.text           0x000080e8    0x94ad8
 *(.text*)
 .text          0x000080e8        0x0 main.o
 .text.startup  0x000080e8       0x3c main.o
                0x000080e8                main
 .text          0x00008124      0x24c kernel.o
                0x00008124                CKernel::CKernel()
                0x00008124                CKernel::CKernel()
                0x00008194                CKernel::Initialize()
                0x000081b8                CKernel::QueueEvent(unsigned int, Event const&)
                0x000081c0                CKernel::Subscribe(unsigned int, EventType)
                0x000081c8                CKernel::Unsubscribe(unsigned int, EventType)
                0x000081d0                CKernel::PublishEvent(Event const&)
                0x000081e0                CKernel::~CKernel()
                0x000081e0                CKernel::~CKernel()
                0x00008260                CKernel::~CKernel()
                0x000082ec                CKernel::Run(unsigned int)
                0x00008334                CKernel::Run()
 .text          0x00008370      0x19c core.o
                0x00008370                CCore::Run()
                0x000083c0                CCore::CCore(CEventRouter*, unsigned int, bool)
                0x000083c0                CCore::CCore(CEventRouter*, unsigned int, bool)
                0x00008428                CCore::~CCore()
                0x00008428                CCore::~CCore()
                0x00008448                CCore::~CCore()
                0x00008474                CCore::SendEventToCore(unsigned int, Event const&)
                0x000084a8                CCore::Subscribe(EventType)
                0x000084b4                CCore::Unsubscribe(EventType)
                0x000084c0                CCore::PublishEvent(Event const&)
                0x000084cc                CCore::ProcessEvents()
 .text          0x0000850c      0x4c4 core0.o
                0x0000850c                CCore0::HandleEvent(Event const&)
                0x00008510                CCore0::CCore0(CEventRouter*)
                0x00008510                CCore0::CCore0(CEventRouter*)
                0x000086fc                CCore0::~CCore0()
                0x000086fc                CCore0::~CCore0()
                0x000087ec                CCore0::~CCore0()
                0x0000880c                CCore0::Initialize()
                0x00008918                CCore0::Run()
 .text          0x000089d0       0x2c core1.o
                0x000089d0                CCore1::HandleEvent(Event const&)
                0x000089d4                CCore1::CCore1(CEventRouter*)
                0x000089d4                CCore1::CCore1(CEventRouter*)
 .text._ZN6CCore1D2Ev
                0x000089fc       0x20 core1.o
                0x000089fc                CCore1::~CCore1()
                0x000089fc                CCore1::~CCore1()
 .text._ZN6CCore1D0Ev
                0x00008a1c       0x2c core1.o
                0x00008a1c                CCore1::~CCore1()
 .text          0x00008a48       0x2c core2.o
                0x00008a48                CCore2::HandleEvent(Event const&)
                0x00008a4c                CCore2::CCore2(CEventRouter*)
                0x00008a4c                CCore2::CCore2(CEventRouter*)
 .text._ZN6CCore2D2Ev
                0x00008a74       0x20 core2.o
                0x00008a74                CCore2::~CCore2()
                0x00008a74                CCore2::~CCore2()
 .text._ZN6CCore2D0Ev
                0x00008a94       0x2c core2.o
                0x00008a94                CCore2::~CCore2()
 .text          0x00008ac0       0x2c core3.o
                0x00008ac0                CCore3::HandleEvent(Event const&)
                0x00008ac4                CCore3::CCore3(CEventRouter*)
                0x00008ac4                CCore3::CCore3(CEventRouter*)
 .text._ZN6CCore3D2Ev
                0x00008aec       0x20 core3.o
                0x00008aec                CCore3::~CCore3()
                0x00008aec                CCore3::~CCore3()
 .text._ZN6CCore3D0Ev
                0x00008b0c       0x2c core3.o
                0x00008b0c                CCore3::~CCore3()
 .text          0x00008b38      0x110 eventqueue.o
                0x00008b38                CEventQueue::CEventQueue()
                0x00008b38                CEventQueue::CEventQueue()
                0x00008b68                CEventQueue::Push(Event const&)
                0x00008bd0                CEventQueue::Pop(Event&)
 .text          0x00008c48      0x3f8 eventrouter.o
                0x00008c48                CEventRouter::CEventRouter()
                0x00008c48                CEventRouter::CEventRouter()
                0x00008c8c                CEventRouter::RegisterCore(unsigned int, CEventQueue*, bool)
                0x00008d28                CEventRouter::QueueEvent(unsigned int, Event const&)
                0x00008dd4                CEventRouter::Subscribe(unsigned int, EventType)
                0x00008e74                CEventRouter::Unsubscribe(unsigned int, EventType)
                0x00008f14                CEventRouter::Publish(unsigned int, Event const&)
 .text          0x00009040      0x218 executor.o
                0x00009040                CExecutor::CExecutor(CEventQueue*)
                0x00009040                CExecutor::CExecutor(CEventQueue*)
                0x00009090                CExecutor::RegisterService(CService*)
                0x00009104                CExecutor::Initialize()
                0x00009174                CExecutor::Run()
 .text          0x00009258      0x33c keyboardservice.o
                0x00009258                CKeyboardService::OnEvent(Event const&)
                0x0000925c                CKeyboardService::~CKeyboardService()
                0x0000925c                CKeyboardService::~CKeyboardService()
                0x00009298                CKeyboardService::~CKeyboardService()
                0x000092e0                CKeyboardService::Update()
                0x00009380                CKeyboardService::KeyboardRemovedHandler(CDevice*, void*)
                0x000093d0                CKeyboardService::KeyPressedHandler(char const*)
                0x00009430                CKeyboardService::InitService()
                0x000094f4                CKeyboardService::CKeyboardService(CDeviceNameService*, CScreenDevice*)
                0x000094f4                CKeyboardService::CKeyboardService(CDeviceNameService*, CScreenDevice*)
 .text          0x00009594      0x1a0 loggerservice.o
                0x00009594                CLoggerService::Update()
                0x00009598                CLoggerService::OnEvent(Event const&)
                0x0000959c                CLoggerService::~CLoggerService()
                0x0000959c                CLoggerService::~CLoggerService()
                0x000095d8                CLoggerService::InitService()
                0x00009600                CLoggerService::~CLoggerService()
                0x00009648                CLoggerService::CLoggerService(unsigned int, CTimer*, CDeviceNameService*, char const*, CDevice*)
                0x00009648                CLoggerService::CLoggerService(unsigned int, CTimer*, CDeviceNameService*, char const*, CDevice*)
                0x0000972c                CLoggerService::GetLogger()
 .text          0x00009734      0x2b0 mouseservice.o
                0x00009734                CMouseService::OnEvent(Event const&)
                0x00009738                CMouseService::MouseEventHandler(TMouseEvent, unsigned int, unsigned int, unsigned int, int)
                0x0000973c                CMouseService::~CMouseService()
                0x0000973c                CMouseService::~CMouseService()
                0x00009778                CMouseService::~CMouseService()
                0x000097c0                CMouseService::Update()
                0x000098c0                CMouseService::InitService()
                0x000098f4                CMouseService::MouseRemovedHandler(CDevice*, void*)
                0x00009944                CMouseService::CMouseService(CDeviceNameService*, CScreenDevice*)
                0x00009944                CMouseService::CMouseService(CDeviceNameService*, CScreenDevice*)
 .text          0x000099e4      0x17c networkservice.o
                0x000099e4                CNetworkService::OnEvent(Event const&)
                0x000099e8                CNetworkService::~CNetworkService()
                0x000099e8                CNetworkService::~CNetworkService()
                0x00009a10                CNetworkService::InitService()
                0x00009a24                CNetworkService::~CNetworkService()
                0x00009a58                CNetworkService::CNetworkService()
                0x00009a58                CNetworkService::CNetworkService()
                0x00009ab8                CNetworkService::IsRunning() const
                0x00009ac0                CNetworkService::GetNetSubSystem()
                0x00009ac8                CNetworkService::Update()
 .text          0x00009b60       0xcc screenservice.o
                0x00009b60                CScreenService::Update()
                0x00009b64                CScreenService::OnEvent(Event const&)
                0x00009b68                CScreenService::InitService()
                0x00009b70                CScreenService::CScreenService(unsigned int, unsigned int)
                0x00009b70                CScreenService::CScreenService(unsigned int, unsigned int)
                0x00009bc8                CScreenService::GetScreen()
                0x00009bd0                CScreenService::~CScreenService()
                0x00009bd0                CScreenService::~CScreenService()
                0x00009bf8                CScreenService::~CScreenService()
 .text          0x00009c2c       0xd8 serialservice.o
                0x00009c2c                CSerialService::Update()
                0x00009c30                CSerialService::OnEvent(Event const&)
                0x00009c34                CSerialService::InitService()
                0x00009c60                CSerialService::CSerialService(unsigned int)
                0x00009c60                CSerialService::CSerialService(unsigned int)
                0x00009ca0                CSerialService::GetSerial()
                0x00009ca8                CSerialService::~CSerialService()
                0x00009ca8                CSerialService::~CSerialService()
                0x00009cd0                CSerialService::~CSerialService()
 .text          0x00009d04       0xc8 service.o
                0x00009d04                CService::InitService()
                0x00009d0c                CService::CService(unsigned int)
                0x00009d0c                CService::CService(unsigned int)
                0x00009d28                CService::~CService()
                0x00009d28                CService::~CService()
                0x00009d2c                CService::~CService()
                0x00009d4c                CService::ResetTimer()
                0x00009d9c                CService::IsUpdateDue(unsigned long long) const
 .text          0x00009dcc      0x1d8 storageservice.o
                0x00009dcc                CStorageService::Update()
                0x00009dd0                CStorageService::OnEvent(Event const&)
                0x00009dd4                CStorageService::InitService()
                0x00009e48                CStorageService::CStorageService(CInterruptSystem*, CTimer*, CActLED*, char const*)
                0x00009e48                CStorageService::CStorageService(CInterruptSystem*, CTimer*, CActLED*, char const*)
                0x00009f28                CStorageService::GetDrive() const
                0x00009f30                CStorageService::~CStorageService()
                0x00009f30                CStorageService::~CStorageService()
                0x00009f64                CStorageService::~CStorageService()
 .text          0x00009fa4       0xe4 usbhostservice.o
                0x00009fa4                CUSBHostService::OnEvent(Event const&)
                0x00009fa8                CUSBHostService::CUSBHostService(CInterruptSystem*, CTimer*)
                0x00009fa8                CUSBHostService::CUSBHostService(CInterruptSystem*, CTimer*)
                0x0000a018                CUSBHostService::~CUSBHostService()
                0x0000a018                CUSBHostService::~CUSBHostService()
                0x0000a040                CUSBHostService::~CUSBHostService()
                0x0000a074                CUSBHostService::InitService()
                0x0000a080                CUSBHostService::Update()
 .text          0x0000a088      0x95c webserver.o
                0x0000a088                CSDWebServer::CreateWorker(CNetSubSystem*, CSocket*)
                0x0000a340                CSDWebServer::CSDWebServer(CNetSubSystem*, char const*, CTimer*, CScreenDevice*, CSocket*)
                0x0000a340                CSDWebServer::CSDWebServer(CNetSubSystem*, char const*, CTimer*, CScreenDevice*, CSocket*)
                0x0000a3b4                CSDWebServer::IsSafePath(char const*) const
                0x0000a44c                CSDWebServer::IsJSONPayload(char const*) const
                0x0000a544                CSDWebServer::GetAction(char const*, unsigned char*, unsigned int*, char const**)
                0x0000a604                CSDWebServer::GetStatus(unsigned char*, unsigned int*, char const**)
                0x0000a798                CSDWebServer::GetContent(char const*, char const*, char const*, unsigned char*, unsigned int*, char const**)
 .text._ZN12CSDWebServerD2Ev
                0x0000a9e4       0x20 webserver.o
                0x0000a9e4                CSDWebServer::~CSDWebServer()
                0x0000a9e4                CSDWebServer::~CSDWebServer()
 .text._ZN12CSDWebServerD0Ev
                0x0000aa04       0x2c webserver.o
                0x0000aa04                CSDWebServer::~CSDWebServer()
 .text          0x0000aa30      0x1e4 webserverservice.o
                0x0000aa30                CWebServerService::InitService()
                0x0000aa44                CWebServerService::OnEvent(Event const&)
                0x0000aa48                CWebServerService::~CWebServerService()
                0x0000aa48                CWebServerService::~CWebServerService()
                0x0000aa7c                CWebServerService::~CWebServerService()
                0x0000aabc                CWebServerService::Update()
                0x0000ab50                CWebServerService::CWebServerService(CNetworkService*, CTimer*, CScreenDevice*, char const*)
                0x0000ab50                CWebServerService::CWebServerService(CNetworkService*, CTimer*, CScreenDevice*, char const*)
 .text          0x0000ac14       0xe0 wlanservice.o
                0x0000ac14                CWLANService::Update()
                0x0000ac18                CWLANService::OnEvent(Event const&)
                0x0000ac1c                CWLANService::InitService()
                0x0000ac24                CWLANService::CWLANService(char const*)
                0x0000ac24                CWLANService::CWLANService(char const*)
                0x0000ac80                CWLANService::~CWLANService()
                0x0000ac80                CWLANService::~CWLANService()
                0x0000acb4                CWLANService::~CWLANService()
 .text          0x0000acf4      0x118 ../../circle/addon/wlan/hostap/wpa_supplicant/libwpa_supplicant.a(wpasupplicant.o)
                0x0000acf4                CWPASupplicant::IsConnected()
                0x0000ad08                CWPASupplicant::ProcEntry(void*)
                0x0000ad50                CWPASupplicant::CWPASupplicant(char const*)
                0x0000ad50                CWPASupplicant::CWPASupplicant(char const*)
                0x0000ad78                CWPASupplicant::Initialize()
                0x0000add4                CWPASupplicant::~CWPASupplicant()
                0x0000add4                CWPASupplicant::~CWPASupplicant()
 .text          0x0000ae0c      0x710 ../../circle/addon/wlan/hostap/wpa_supplicant/libwpa_supplicant.a(eloop_circle.o)
                0x0000ae0c                eloop_init
                0x0000ae2c                eloop_register_read_sock
                0x0000aebc                eloop_unregister_read_sock
                0x0000af60                eloop_sock_requeue
                0x0000af68                eloop_register_timeout
                0x0000b06c                eloop_cancel_timeout
                0x0000b148                eloop_cancel_timeout_one
                0x0000b260                eloop_deplete_timeout
                0x0000b370                eloop_is_timeout_registered
                0x0000b3c8                eloop_register_signal_terminate
                0x0000b3d0                eloop_register_signal_reconfig
                0x0000b3d8                eloop_run
                0x0000b4d0                eloop_terminate
                0x0000b4e4                eloop_destroy
 .text          0x0000b51c      0x7c4 ../../circle/addon/wlan/hostap/wpa_supplicant/libwpa_supplicant.a(os_circle.o)
                0x0000b51c                __wpa_abs
                0x0000b528                __wpa_isblank
                0x0000b53c                __wpa_isprint
                0x0000b550                __wpa_isspace
                0x0000b58c                __wpa_strrchr
                0x0000b5cc                __wpa_strdup
                0x0000b608                __wpa_strtol
                0x0000b60c                __wpa_sscanf
                0x0000b61c                __wpa_qsort
                0x0000b744                __wpa_abort
                0x0000b748                os_daemonize
                0x0000b750                os_daemonize_terminate
                0x0000b768                os_get_random
                0x0000b824                os_random
                0x0000b84c                os_rel2abs_path
                0x0000b898                os_get_time
                0x0000b8c8                os_get_reltime
                0x0000b8f8                os_sleep
                0x0000b950                os_strlcpy
                0x0000b9a0                os_memcmp_const
                0x0000ba70                os_memdup
                0x0000bac4                os_zalloc
                0x0000bb04                os_hexdump
                0x0000bb1c                __wpa_vsnprintf
                0x0000bba4                __wpa_snprintf
                0x0000bbd0                __wpa_vprintf
                0x0000bcb4                __wpa_printf
 .text          0x0000bce0       0xe8 ../../circle/addon/wlan/hostap/wpa_supplicant/libwpa_supplicant.a(main_circle.o)
                0x0000bce0                wpa_supplicant_is_connected()
                0x0000bd10                wpa_supplicant_main(char const*)
 .text          0x0000bdc8     0xa930 ../../circle/addon/wlan/hostap/wpa_supplicant/libwpa_supplicant.a(wpa_supplicant.o)
                0x0000c284                wpas_clear_disabled_interface
                0x0000c540                wpa_supplicant_set_wpa_none_key
                0x0000c708                wpa_supplicant_req_auth_timeout
                0x0000c790                wpas_auth_timeout_restart
                0x0000c820                wpa_supplicant_cancel_auth_timeout
                0x0000c870                wpa_supplicant_initiate_eapol
                0x0000c96c                wpa_supplicant_set_non_wpa_policy
                0x0000ca94                free_hw_features
                0x0000caa4                free_bss_tmp_disallowed
                0x0000cb10                wpas_flush_fils_hlp_req
                0x0000cb70                wpa_clear_keys
                0x0000cd78                wpa_supplicant_state_txt
                0x0000cd94                wpa_supplicant_reinit_autoscan
                0x0000cd98                wpa_supplicant_terminate_proc
                0x0000cd9c                wpas_set_mgmt_group_cipher
                0x0000cf80                wpas_build_ext_capab
                0x0000d0b8                wpas_valid_bss_ssid
                0x0000d128                wpas_connect_work_free
                0x0000d134                wpa_s_setup_sae_pt
                0x0000d138                wpa_s_clear_sae_rejected
                0x0000d13c                ibss_mesh_setup_freq
                0x0000dbc4                wpa_is_non_eht_scs_traffic_desc_supported
                0x0000dc34                wpa_supplicant_add_network
                0x0000dc70                wpa_supplicant_enable_network
                0x0000de54                wpas_set_pkcs11_engine_and_module_path
                0x0000df38                wpa_supplicant_set_ap_scan
                0x0000dfd0                wpa_supplicant_set_bss_expiration_age
                0x0000e02c                wpa_supplicant_set_bss_expiration_count
                0x0000e084                wpa_supplicant_set_scan_interval
                0x0000e0dc                wpa_supplicant_set_debug_params
                0x0000e180                wpa_supplicant_get_ssid
                0x0000e354                wpa_supplicant_rx_eapol
                0x0000e7d8                wpa_supplicant_update_mac_addr
                0x0000e950                wpas_update_random_addr
                0x0000ebb0                wpas_update_random_addr_disassoc
                0x0000ebe0                wpas_restore_permanent_mac_addr
                0x0000ec78                wpa_supplicant_update_bridge_ifname
                0x0000eda8                wpa_supplicant_apply_eht_overrides
                0x0000edb8                wpas_init_ext_pw
                0x0000ee5c                wpas_freq_to_band
                0x0000ee84                wpas_get_bands
                0x0000eef0                radio_remove_pending_work
                0x0000ef70                radio_work_check_next
                0x0000efec                radio_remove_works
                0x0000f4bc                radio_add_work
                0x0000f698                wpa_supplicant_associate
                0x0000f940                radio_work_done
                0x0000fa14                wpas_connect_work_done
                0x0000fa64                wpa_supplicant_deauthenticate
                0x0000ff78                wpa_supplicant_reconnect
                0x0000ff8c                wpa_supplicant_remove_network
                0x00010088                wpas_remove_cred
                0x00010168                wpas_remove_all_creds
                0x000101e0                wpa_supplicant_remove_all_networks
                0x000102c0                wpa_supplicant_disable_network
                0x00010404                wpa_supplicant_set_state
                0x00010978                wpa_supplicant_clear_status
                0x000109f4                wpa_supplicant_driver_init
                0x00010c74                radio_work_pending
                0x00010cd4                wpa_supplicant_remove_iface
                0x0001145c                wpa_supplicant_get_eap_mode
                0x000114b0                wpa_supplicant_get_iface
                0x000114fc                wpa_supplicant_init
                0x00011788                wpa_supplicant_run
                0x00011828                wpa_supplicant_deinit
                0x00011834                wpa_supplicant_update_config
                0x000119c0                wpa_supplicant_reload_configuration
                0x00011c64                add_freq
                0x00011cb0                wpas_driver_bss_selection
                0x00011ccc                wpas_network_disabled
                0x00011d74                wpas_get_ssid_pmf
                0x00011ddc                pmf_in_use
                0x00011ec8                wpas_is_p2p_prioritized
                0x00011eec                wpas_auth_failed
                0x00012048                wpa_supplicant_set_suites
                0x00013098                wpas_connection_failed
                0x000148ec                wpas_clear_temp_disabled
                0x000149d4                wpa_supplicant_select_network
                0x00014c88                disallowed_bssid
                0x00014cfc                disallowed_ssid
                0x00014d8c                wpas_request_connection
                0x00014de4                wpas_request_disconnection
                0x00014e60                dump_freq_data
                0x00014ed4                get_shared_radio_freqs_data
                0x0001506c                get_shared_radio_freqs
                0x0001510c                wpas_vendor_elem
                0x00015110                wpas_vendor_elem_update
                0x000151ac                wpas_vendor_elem_remove
                0x00015270                get_mode
                0x000152e4                get_mode_with_freq
                0x00015358                wpa_bss_tmp_disallow
                0x00015440                wpa_is_bss_tmp_disallowed
                0x000154f0                wpas_enable_mac_addr_randomization
                0x00015624                wpas_disable_mac_addr_randomization
                0x00015688                wpa_drv_signal_poll
                0x000156a8                wpa_drv_get_scan_results
                0x000156dc                wpas_ap_link_address
                0x0001574c                wpa_drv_send_action
                0x00015938                wpas_is_6ghz_supported
                0x00015a08                wpa_supplicant_add_iface
 .text          0x000166f8     0x1998 ../../circle/addon/wlan/hostap/wpa_supplicant/libwpa_supplicant.a(wpas_glue.o)
                0x000174bc                wpa_ether_send
                0x0001780c                wpa_supplicant_ctrl_req_from_string
                0x00017930                wpa_supplicant_ctrl_req_to_string
                0x00017b00                wpas_send_ctrl_req
                0x00017b48                wpa_supplicant_init_eapol
                0x00017cb4                wpas_transition_disable
                0x00017dac                wpa_supplicant_init_wpa
                0x00017fbc                wpa_supplicant_rsn_supp_set_config
 .text          0x00018090     0x1604 ../../circle/addon/wlan/hostap/wpa_supplicant/libwpa_supplicant.a(hw_features_common.o)
                0x00018114                hw_get_channel_chan
                0x00018178                hw_mode_get_channel
                0x000181c8                hw_get_channel_freq
                0x00018268                hw_get_freq
                0x000182b4                hw_get_chan
                0x000182d8                allowed_ht40_channel_pair
                0x00018430                get_pri_sec_chan
                0x000184b0                check_40mhz_5g
                0x00018658                check_40mhz_2g4
                0x00018a78                punct_update_legacy_bw
                0x00018b3c                hostapd_set_freq_params
                0x000194f4                set_disable_ht40
                0x0001950c                num_chan_to_bw
                0x0001953c                chan_bw_allowed
                0x000195c4                chan_pri_allowed
                0x000195dc                is_punct_bitmap_valid
 *fill*         0x00019694        0x4 
 .text          0x00019698     0x3cec ../../circle/addon/wlan/hostap/wpa_supplicant/libwpa_supplicant.a(ieee802_11_common.o)
                0x0001a168                ieee802_11_parse_elems
                0x0001a1c0                ieee802_11_elems_clear_ids
                0x0001a554                ieee802_11_elems_clear_ext_ids
                0x0001a78c                ieee802_11_parse_link_assoc_req
                0x0001aa58                ieee802_11_ie_count
                0x0001aaa4                ieee802_11_vendor_ie_concat
                0x0001abbc                get_hdr_bssid
                0x0001ac2c                hostapd_config_wmm_ac
                0x0001ae6c                hostapd_config_tx_queue
                0x0001b0a4                ieee80211_freq_to_channel_ext
                0x0001b594                ieee80211_freq_to_chan
                0x0001b5b8                ieee80211_chaninfo_to_channel
                0x0001b628                ieee80211_chan_to_freq
                0x0001bb50                ieee80211_is_dfs
                0x0001bbf4                is_dfs_global_op_class
                0x0001bc08                is_80plus_op_class
                0x0001bc1c                supp_rates_11b_only
                0x0001bf80                fc2str
                0x0001c14c                reason2str
                0x0001c174                status2str
                0x0001c194                mb_ies_info_by_ies
                0x0001c288                mb_ies_by_info
                0x0001c364                ieee80211_get_phy_type
                0x0001c3c0                get_ie
                0x0001c41c                get_ie_ext
                0x0001c4ac                get_vendor_ie
                0x0001c538                mbo_add_ie
                0x0001c5a8                check_multi_ap_ie
                0x0001c784                add_multi_ap_ie
                0x0001c860                country_to_global_op_class
                0x0001c99c                get_oper_class
                0x0001ca08                oper_class_bw_to_int
                0x0001ca28                center_idx_to_bw_6ghz
                0x0001ca94                is_6ghz_freq
                0x0001cb2c                is_6ghz_op_class
                0x0001cb44                is_6ghz_psc_frequency
                0x0001cbd8                get_6ghz_sec_channel
                0x0001cbf0                is_same_band
                0x0001ccb0                ieee802_11_parse_candidate_list
                0x0001cf34                ieee802_11_ext_capab
                0x0001cf64                ieee802_11_rsnx_capab_len
                0x0001cfdc                ieee802_11_rsnx_capab
                0x0001cff4                hostapd_encode_edmg_chan
                0x0001d088                ieee802_edmg_is_allowed
                0x0001d0d4                op_class_to_bandwidth
                0x0001d0f8                op_class_to_ch_width
                0x0001d118                chwidth_freq2_to_ch_width
                0x0001d1a8                ieee802_11_defrag
                0x0001d2ac                get_ml_ie
                0x0001d360                get_basic_mle_mld_addr
 .text          0x0001d384       0x28 ../../circle/addon/wlan/hostap/wpa_supplicant/libwpa_supplicant.a(ptksa_cache.o)
                0x0001d384                ptksa_cache_init
                0x0001d38c                ptksa_cache_deinit
                0x0001d390                ptksa_cache_get
                0x0001d398                ptksa_cache_list
                0x0001d3a0                ptksa_cache_add
                0x0001d3a8                ptksa_cache_flush
 *fill*         0x0001d3ac        0x4 
 .text          0x0001d3b0     0x2f94 ../../circle/addon/wlan/hostap/wpa_supplicant/libwpa_supplicant.a(wpa_common.o)
                0x0001d3b0                wpa_mic_len
                0x0001d440                wpa_use_akm_defined
                0x0001d480                wpa_use_cmac
                0x0001d4d0                wpa_use_aes_key_wrap
                0x0001d50c                wpa_eapol_key_mic
                0x0001d64c                wpa_cipher_valid_group
                0x0001d688                wpa_cipher_valid_mgmt_group
                0x0001d6b8                wpa_parse_wpa_ie_rsn
                0x0001dd3c                wpa_parse_wpa_ie_wpa
                0x0001e094                wpa_default_rsn_cipher
                0x0001e0a8                rsn_pmkid
                0x0001e17c                wpa_cipher_txt
                0x0001e2a4                wpa_key_mgmt_txt
                0x0001e510                wpa_akm_to_suite
                0x0001e6c8                wpa_compare_rsn_ie
                0x0001e71c                wpa_insert_pmkid
                0x0001e964                wpa_cipher_key_len
                0x0001e9f4                wpa_pmk_to_ptk
                0x0001ef14                wpa_cipher_rsc_len
                0x0001ef50                wpa_cipher_to_alg
                0x0001efec                wpa_cipher_valid_pairwise
                0x0001f01c                wpa_cipher_to_suite
                0x0001f134                rsn_cipher_put_suites
                0x0001f1ac                wpa_cipher_put_suites
                0x0001f1f4                wpa_pick_pairwise_cipher
                0x0001f260                wpa_pick_group_cipher
                0x0001f2c0                wpa_parse_cipher
                0x0001f4c8                wpa_write_ciphers
                0x0001f888                wpa_select_ap_group_cipher
                0x0001f8f0                wpa_parse_kde_ies
 .text          0x00020344      0x398 ../../circle/addon/wlan/hostap/wpa_supplicant/libwpa_supplicant.a(aes-omac1.o)
                0x00020344                omac1_aes_vector
                0x00020644                omac1_aes_128_vector
                0x00020674                omac1_aes_128
                0x000206a8                omac1_aes_256
 *fill*         0x000206dc        0x4 
 .text          0x000206e0      0x1d8 ../../circle/addon/wlan/hostap/wpa_supplicant/libwpa_supplicant.a(md5.o)
                0x000206e0                hmac_md5_vector
                0x00020888                hmac_md5
 .text          0x000208b8      0x1b0 ../../circle/addon/wlan/hostap/wpa_supplicant/libwpa_supplicant.a(sha1-pbkdf2.o)
                0x000208b8                pbkdf2_sha1
 .text          0x00020a68      0x10c ../../circle/addon/wlan/hostap/wpa_supplicant/libwpa_supplicant.a(sha1-prf.o)
                0x00020a68                sha1_prf
 *fill*         0x00020b74        0x4 
 .text          0x00020b78      0x1d0 ../../circle/addon/wlan/hostap/wpa_supplicant/libwpa_supplicant.a(sha1.o)
                0x00020b78                hmac_sha1_vector
                0x00020d18                hmac_sha1
 .text          0x00020d48      0x158 ../../circle/addon/wlan/hostap/wpa_supplicant/libwpa_supplicant.a(sha256-prf.o)
                0x00020d48                sha256_prf_bits
                0x00020e90                sha256_prf
 .text          0x00020ea0      0x1d0 ../../circle/addon/wlan/hostap/wpa_supplicant/libwpa_supplicant.a(sha256.o)
                0x00020ea0                hmac_sha256_vector
                0x00021040                hmac_sha256
 .text          0x00021070      0xc44 ../../circle/addon/wlan/hostap/wpa_supplicant/libwpa_supplicant.a(driver_common.o)
                0x00021070                wpa_scan_results_free
                0x000210bc                event_to_string
                0x000210d8                channel_width_to_string
                0x000210f8                channel_width_to_int
                0x00021114                ht_supported
                0x00021134                vht_supported
                0x0002115c                he_supported
                0x00021188                wpa_get_wowlan_triggers
                0x00021418                driver_flag_to_string
                0x00021af0                driver_flag2_to_string
 .text          0x00021cb4        0x0 ../../circle/addon/wlan/hostap/wpa_supplicant/libwpa_supplicant.a(drivers.o)
 .text          0x00021cb4      0x448 ../../circle/addon/wlan/hostap/wpa_supplicant/libwpa_supplicant.a(eap_methods.o)
                0x00021cb4                eap_peer_get_eap_method
                0x00021cf8                eap_peer_get_type
                0x00021d58                eap_get_name
                0x00021dbc                eap_get_names
                0x00021e88                eap_get_names_as_string_array
                0x00021f7c                eap_peer_get_methods
                0x00021fbc                eap_peer_method_alloc
                0x00022008                eap_peer_method_register
                0x000220c0                eap_peer_unregister_methods
 *fill*         0x000220fc        0x4 
 .text          0x00022100     0x1b14 ../../circle/addon/wlan/hostap/wpa_supplicant/libwpa_supplicant.a(eapol_supp_sm.o)
                0x0002269c                eapol_sm_step
                0x00023250                eapol_sm_configure
                0x00023280                eapol_sm_get_method_name
                0x000232a8                eapol_sm_rx_eapol
                0x00023568                eapol_sm_notify_tx_eapol_key
                0x0002357c                eapol_sm_notify_portEnabled
                0x000235d4                eapol_sm_notify_portValid
                0x0002361c                eapol_sm_notify_eap_success
                0x00023690                eapol_sm_notify_eap_fail
                0x000236dc                eapol_sm_notify_config
                0x0002375c                eapol_sm_get_key
                0x00023818                eapol_sm_get_session_id
                0x00023874                eapol_sm_notify_logoff
                0x0002388c                eapol_sm_notify_cached
                0x000238c4                eapol_sm_notify_pmkid_attempt
                0x000238fc                eapol_sm_register_scard_ctx
                0x00023914                eapol_sm_notify_portControl
                0x0002396c                eapol_sm_notify_ctrl_attached
                0x0002397c                eapol_sm_notify_ctrl_response
                0x000239d8                eapol_sm_request_reauth
                0x000239f0                eapol_sm_notify_lower_layer_success
                0x00023a34                eapol_sm_invalidate_cached_session
                0x00023a44                eapol_sm_init
                0x00023b54                eapol_sm_deinit
                0x00023bb4                eapol_sm_set_ext_pw_ctx
                0x00023bcc                eapol_sm_failed
                0x00023be8                eapol_sm_erp_flush
                0x00023bf8                eapol_sm_build_erp_reauth_start
                0x00023c00                eapol_sm_process_erp_finish
                0x00023c04                eapol_sm_update_erp_next_seq_num
                0x00023c0c                eapol_sm_get_erp_info
 .text          0x00023c14      0x4cc ../../circle/addon/wlan/hostap/wpa_supplicant/libwpa_supplicant.a(l2_packet_circle.o)
                0x00023d28                l2_packet_init
                0x00023e8c                l2_packet_init_bridge
                0x00023eb0                l2_packet_deinit
                0x00023edc                l2_packet_get_own_addr
                0x00023f3c                l2_packet_send
                0x0002404c                l2_packet_notify_auth_start
                0x000240c0                l2_packet_get_ip_addr
                0x000240c8                l2_packet_set_packet_filter
                0x000240d0                l2_packet_auth_active
 .text          0x000240e0     0x1578 ../../circle/addon/wlan/hostap/wpa_supplicant/libwpa_supplicant.a(pmksa_cache.o)
                0x0002454c                pmksa_cache_remove
                0x000245b0                pmksa_cache_flush
                0x000246f0                pmksa_cache_add_entry
                0x00024a24                pmksa_cache_add
                0x00024bd4                pmksa_cache_deinit
                0x00024c1c                pmksa_cache_get
                0x00024d28                pmksa_cache_get_opportunistic
                0x00024f38                pmksa_cache_get_current
                0x00024f44                pmksa_cache_clear_current
                0x00024f94                pmksa_cache_set_current
                0x00025334                pmksa_cache_list
                0x00025554                pmksa_cache_head
                0x0002555c                pmksa_cache_init
                0x00025590                pmksa_cache_reconfig
 .text          0x00025658      0xcfc ../../circle/addon/wlan/hostap/wpa_supplicant/libwpa_supplicant.a(preauth.o)
                0x00025874                pmksa_candidate_free
                0x000258cc                rsn_preauth_init
                0x00025b4c                rsn_preauth_deinit
                0x00025b64                rsn_preauth_candidate_process
                0x00026038                pmksa_candidate_add
                0x000261e8                rsn_preauth_scan_results
                0x00026254                rsn_preauth_scan_result
                0x00026344                rsn_preauth_in_progress
 *fill*         0x00026354        0x4 
 .text          0x00026358     0x71bc ../../circle/addon/wlan/hostap/wpa_supplicant/libwpa_supplicant.a(wpa.o)
                0x00028178                wpa_eapol_key_send
                0x00028bb0                wpa_sm_key_request
                0x00028e1c                wpa_supplicant_send_2_of_4
                0x00029020                wpa_supplicant_send_4_of_4
                0x0002a394                wpa_sm_aborted_cached
                0x0002a3e0                wpa_sm_aborted_external_cached
                0x0002a438                wpa_sm_init
                0x0002a500                wpa_sm_deinit
                0x0002a5d4                wpa_sm_notify_assoc
                0x0002a680                wpa_sm_notify_disassoc
                0x0002a73c                wpa_sm_set_pmk
                0x0002a7e0                wpa_sm_set_pmk_from_pmksa
                0x0002b51c                wpa_sm_rx_eapol
                0x0002c648                wpa_sm_set_fast_reauth
                0x0002c654                wpa_sm_set_scard_ctx
                0x0002c670                wpa_sm_set_config
                0x0002c76c                wpa_sm_set_ssid
                0x0002c7b0                wpa_sm_set_mlo_params
                0x0002ca10                wpa_sm_set_own_addr
                0x0002ca28                wpa_sm_set_ifname
                0x0002ca38                wpa_sm_set_eapol
                0x0002ca44                wpa_sm_set_param
                0x0002cb54                wpa_sm_get_status
                0x0002cc60                wpa_sm_pmf_enabled
                0x0002ccbc                wpa_sm_ext_key_id
                0x0002ccc8                wpa_sm_ext_key_id_active
                0x0002ccd4                wpa_sm_ocv_enabled
                0x0002cd24                wpa_sm_set_assoc_wpa_ie_default
                0x0002cdb8                wpa_sm_set_assoc_wpa_ie
                0x0002ce50                wpa_sm_set_assoc_rsnxe_default
                0x0002ceec                wpa_sm_set_assoc_rsnxe
                0x0002cfd8                wpa_sm_set_ap_wpa_ie
                0x0002d070                wpa_sm_set_ap_rsn_ie
                0x0002d108                wpa_sm_set_ap_rsnxe
                0x0002d1a0                wpa_sm_parse_own_wpa_ie
                0x0002d1f8                wpa_sm_pmksa_cache_list
                0x0002d200                wpa_sm_pmksa_cache_head
                0x0002d208                wpa_sm_pmksa_cache_add_entry
                0x0002d210                wpa_sm_pmksa_cache_add
                0x0002d268                wpa_sm_pmksa_exists
                0x0002d29c                wpa_sm_pmksa_cache_get
                0x0002d2d0                wpa_sm_pmksa_cache_remove
                0x0002d2e8                wpa_sm_drop_sa
                0x0002d328                wpa_sm_has_ptk_installed
                0x0002d354                wpa_sm_update_replay_ctr
                0x0002d360                wpa_sm_pmksa_cache_flush
                0x0002d384                wpa_sm_external_pmksa_cache_flush
                0x0002d3ac                wpa_sm_set_rx_replay_ctr
                0x0002d3f4                wpa_sm_set_ptk_kck_kek
                0x0002d4a8                wpa_sm_get_key_mgmt
                0x0002d4b0                wpa_sm_get_auth_addr
                0x0002d4d0                wpa_fils_is_completed
                0x0002d4d8                wpa_sm_set_fils_cache_id
                0x0002d4dc                wpa_sm_pmksa_cache_reconfig
                0x0002d4ec                wpa_sm_get_pmksa_cache
                0x0002d4f8                wpa_sm_set_cur_pmksa
                0x0002d504                wpa_sm_set_driver_bss_selection
 .text          0x0002d514      0x530 ../../circle/addon/wlan/hostap/wpa_supplicant/libwpa_supplicant.a(wpa_ie.o)
                0x0002d514                wpa_parse_wpa_ie
                0x0002d56c                rsn_supp_capab
                0x0002d5c4                wpa_gen_wpa_ie
                0x0002d960                wpa_gen_rsnxe
 *fill*         0x0002da44        0x4 
 .text          0x0002da48     0x1b94 ../../circle/addon/wlan/hostap/wpa_supplicant/libwpa_supplicant.a(common.o)
                0x0002db38                hex2num
                0x0002db80                hex2byte
                0x0002dc10                hwaddr_aton
                0x0002dc28                hwaddr_masked_aton
                0x0002dcc0                hwaddr_compact_aton
                0x0002dd70                hwaddr_aton2
                0x0002de44                hexstr2bin
                0x0002df04                hwaddr_mask_txt
                0x0002dffc                inc_byte_array
                0x0002e030                buf_shift_right
                0x0002e190                wpa_get_ntp_timestamp
                0x0002e204                wpa_scnprintf
                0x0002e260                wpa_snprintf_hex_sep
                0x0002e314                wpa_snprintf_hex
                0x0002e3b4                wpa_snprintf_hex_uppercase
                0x0002e454                printf_encode
                0x0002e540                printf_decode
                0x0002e77c                wpa_ssid_txt
                0x0002e7c0                __hide_aliasing_typecast
                0x0002e7c4                wpa_config_parse_string
                0x0002e958                is_hex
                0x0002e998                has_ctrl_char
                0x0002e9e0                has_newline
                0x0002ea18                merge_byte_arrays
                0x0002eac4                dup_binstr
                0x0002eb18                freq_range_list_parse
                0x0002ec20                freq_range_list_includes
                0x0002ec78                freq_range_list_str
                0x0002ed80                int_array_len
                0x0002edb8                int_array_concat
                0x0002eecc                int_array_sort_unique
                0x0002ef80                int_array_add_unique
                0x0002f024                int_array_includes
                0x0002f060                str_clear_free
                0x0002f098                bin_clear_free
                0x0002f0c8                random_mac_addr
                0x0002f0f8                random_mac_addr_keep_oui
                0x0002f12c                cstr_token
                0x0002f1e4                str_token
                0x0002f224                utf8_unescape
                0x0002f328                utf8_escape
                0x0002f404                is_ctrl_char
                0x0002f41c                ssid_parse
                0x0002f4d8                str_starts
                0x0002f510                rssi_to_rcpi
                0x0002f550                get_param
                0x0002f5c4                forced_memzero
 .text          0x0002f5dc      0x1b4 ../../circle/addon/wlan/hostap/wpa_supplicant/libwpa_supplicant.a(wpa_debug_circle.o)
                0x0002f5dc                wpa_debug_open_file
                0x0002f5e4                wpa_debug_reopen_file
                0x0002f5ec                wpa_debug_close_file
                0x0002f5f0                wpa_debug_setup_stdout
                0x0002f5f4                wpa_debug_stop_log
                0x0002f5f8                wpa_printf
                0x0002f648                wpa_hexdump
                0x0002f678                wpa_hexdump_key
                0x0002f6bc                wpa_hexdump_ascii
                0x0002f6ec                wpa_hexdump_ascii_key
                0x0002f730                wpa_msg
                0x0002f780                wpa_msg_ctrl
                0x0002f78c                wpa_msg_register_ifname_cb
 .text          0x0002f790      0x844 ../../circle/addon/wlan/hostap/wpa_supplicant/libwpa_supplicant.a(wpabuf.o)
                0x0002f790                wpabuf_resize
                0x0002f8ac                wpabuf_alloc
                0x0002f8d0                wpabuf_alloc_ext_data
                0x0002f914                wpabuf_alloc_copy
                0x0002f9a0                wpabuf_dup
                0x0002fa38                wpabuf_free
                0x0002fa7c                wpabuf_clear_free
                0x0002fadc                wpabuf_put
                0x0002fb38                wpabuf_concat
                0x0002fd3c                wpabuf_zeropad
                0x0002fe7c                wpabuf_printf
                0x0002ff04                wpabuf_parse_bin
 .text          0x0002ffd4     0x270c ../../circle/addon/wlan/hostap/wpa_supplicant/libwpa_supplicant.a(bss.o)
                0x000301c4                wpa_bss_anqp_alloc
                0x000301e0                wpa_bss_anqp_unshare_alloc
                0x00030274                wpa_bss_remove
                0x00030444                wpa_bss_get
                0x00030510                calculate_update_time
                0x0003055c                notify_bss_changes
                0x0003067c                wpa_bss_update_start
                0x000306b8                wpa_bss_update_end
                0x00030838                wpa_bss_flush_by_age
                0x0003093c                wpa_bss_init
                0x00030968                wpa_bss_flush
                0x000309d8                wpa_bss_deinit
                0x000309dc                wpa_bss_get_bssid
                0x00030a40                wpa_bss_get_bssid_latest
                0x00030ad8                wpa_bss_get_id
                0x00030b08                wpa_bss_get_id_range
                0x00030b58                wpa_bss_get_ie
                0x00030b6c                wpa_bss_get_ie_beacon
                0x00030ba0                wpa_bss_get_ie_ext
                0x00030bb4                wpa_bss_get_vendor_ie
                0x00030c48                wpa_bss_get_vendor_ie_beacon
                0x00030ce4                wpa_bss_get_vendor_ie_multi
                0x00030f58                wpa_bss_update_scan_res
                0x00031aec                wpa_bss_get_vendor_ie_multi_beacon
                0x00031bdc                wpa_bss_get_max_rate
                0x00031d88                wpa_bss_get_bit_rates
                0x00031ec4                wpa_bss_ext_capab
                0x00031ef0                wpa_bss_parse_basic_ml_element
                0x00032580                wpa_bss_parse_reconf_ml_element
 .text          0x000326e0      0x4f4 ../../circle/addon/wlan/hostap/wpa_supplicant/libwpa_supplicant.a(bssid_ignore.o)
                0x000327d4                wpa_bssid_ignore_del
                0x000328a0                wpa_bssid_ignore_clear
                0x00032924                wpa_bssid_ignore_get
                0x000329cc                wpa_bssid_ignore_add
                0x00032b3c                wpa_bssid_ignore_is_listed
                0x00032bc8                wpa_bssid_ignore_update
 *fill*         0x00032bd4        0x4 
 .text          0x00032bd8     0x4f1c ../../circle/addon/wlan/hostap/wpa_supplicant/libwpa_supplicant.a(config.o)
                0x00035178                wpa_config_add_prio_network
                0x000352a0                wpa_config_update_prio_list
                0x00035304                wpa_config_free_ssid
                0x0003549c                wpa_config_free_cred
                0x000355d0                wpa_config_flush_blobs
                0x00035614                wpa_config_free
                0x000357f4                wpa_config_foreach_network
                0x00035828                wpa_config_get_network
                0x00035844                wpa_config_add_network
                0x00035924                wpa_config_remove_network
                0x000359c4                wpa_config_set_network_defaults
                0x00035a40                wpa_config_set
                0x00035b84                wpa_config_set_quoted
                0x00035c04                wpa_config_get_all
                0x00035c0c                wpa_config_update_psk
                0x00035c80                wpa_config_set_cred
                0x00036928                wpa_config_get_cred_no_key
                0x000373d8                wpa_config_get_cred
                0x00037400                wpa_config_add_cred
                0x0003749c                wpa_config_remove_cred
                0x00037500                wpa_config_get_blob
                0x0003754c                wpa_config_free_blob
                0x00037574                wpa_config_remove_blob
                0x00037604                wpa_config_set_blob
                0x00037628                wpa_config_alloc_empty
                0x000377f4                wpa_config_debug_dump_networks
                0x00037874                wpa_config_dump_values
                0x000378f8                wpa_config_get_value
                0x00037988                wpa_config_get_num_global_field_names
                0x00037990                wpa_config_get_global_field_name
                0x000379dc                wpa_config_process_global
 .text          0x00037af4      0x954 ../../circle/addon/wlan/hostap/wpa_supplicant/libwpa_supplicant.a(config_file.o)
                0x00037af4                wpa_config_read
                0x00038440                wpa_config_write
 .text          0x00038448        0x8 ../../circle/addon/wlan/hostap/wpa_supplicant/libwpa_supplicant.a(eap_register.o)
                0x00038448                eap_register_methods
 .text          0x00038450     0x7ab8 ../../circle/addon/wlan/hostap/wpa_supplicant/libwpa_supplicant.a(events.o)
                0x00038f7c                wpa_supplicant_stop_countermeasures
                0x00039738                wpas_temp_disabled
                0x0003979c                wpas_reset_mlo_info
                0x000397f0                wpa_supplicant_mark_disassoc
                0x0003a218                wpa_supplicant_scard_init
                0x0003a220                disabled_freq
                0x0003a2b0                wpa_scan_res_match
                0x0003b838                wpa_supplicant_pick_network
                0x0003ba1c                wpa_supplicant_connect
                0x0003c2ec                wpa_supplicant_need_to_roam_within_ess
                0x0003d350                wpa_supplicant_fast_associate
                0x0003d42c                wpas_network_reenabled
                0x0003d488                wpa_wps_supplicant_fast_associate
                0x0003d4ac                wnm_bss_keep_alive_deinit
                0x0003d4b0                wpa_supplicant_update_channel_list
                0x0003d6c4                wpa_supplicant_event
                0x0003fe7c                wpa_supplicant_event_global
 .text          0x0003ff08      0x604 ../../circle/addon/wlan/hostap/wpa_supplicant/libwpa_supplicant.a(notify.o)
                0x0003ff08                wpas_notify_supplicant_initialized
                0x0003ff10                wpas_notify_supplicant_deinitialized
                0x0003ff14                wpas_notify_iface_added
                0x0003ff1c                wpas_notify_iface_removed
                0x0003ff20                wpas_notify_state_changed
                0x0003ff24                wpas_notify_disconnect_reason
                0x0003ff28                wpas_notify_auth_status_code
                0x0003ff2c                wpas_notify_assoc_status_code
                0x0003ff30                wpas_notify_roam_time
                0x0003ff34                wpas_notify_roam_complete
                0x0003ff38                wpas_notify_session_length
                0x0003ff3c                wpas_notify_bss_tm_status
                0x0003ff40                wpas_notify_network_changed
                0x0003ff44                wpas_notify_ap_scan_changed
                0x0003ff48                wpas_notify_bssid_changed
                0x0003ff4c                wpas_notify_mac_address_changed
                0x0003ff50                wpas_notify_auth_changed
                0x0003ff54                wpas_notify_network_enabled_changed
                0x0003ff58                wpas_notify_network_selected
                0x0003ff5c                wpas_notify_network_request
                0x0003ff60                wpas_notify_scanning
                0x0003ff64                wpas_notify_scan_done
                0x0003ff68                wpas_notify_scan_results
                0x0003ff6c                wpas_notify_wps_credential
                0x0003ff70                wpas_notify_wps_event_m2d
                0x0003ff74                wpas_notify_wps_event_fail
                0x0003ff78                wpas_notify_wps_event_success
                0x0003ff7c                wpas_notify_wps_event_pbc_overlap
                0x0003ff80                wpas_notify_network_added
                0x0003ffbc                wpas_notify_persistent_group_added
                0x0003ffc0                wpas_notify_persistent_group_removed
                0x0003ffc4                wpas_notify_network_removed
                0x0004010c                wpas_notify_bss_added
                0x00040168                wpas_notify_bss_removed
                0x000401c4                wpas_notify_bss_freq_changed
                0x000401c8                wpas_notify_bss_signal_changed
                0x000401cc                wpas_notify_bss_privacy_changed
                0x000401d0                wpas_notify_bss_mode_changed
                0x000401d4                wpas_notify_bss_wpaie_changed
                0x000401d8                wpas_notify_bss_rsnie_changed
                0x000401dc                wpas_notify_bss_wps_changed
                0x000401e0                wpas_notify_bss_ies_changed
                0x000401e4                wpas_notify_bss_rates_changed
                0x000401e8                wpas_notify_bss_seen
                0x000401ec                wpas_notify_bss_anqp_changed
                0x000401f0                wpas_notify_blob_added
                0x000401f4                wpas_notify_blob_removed
                0x000401f8                wpas_notify_debug_level_changed
                0x000401fc                wpas_notify_debug_timestamp_changed
                0x00040200                wpas_notify_debug_show_keys_changed
                0x00040204                wpas_notify_suspend
                0x00040258                wpas_notify_resume
                0x00040304                wpas_notify_sta_authorized
                0x00040308                wpas_notify_certification
                0x00040448                wpas_notify_preq
                0x0004044c                wpas_notify_eap_status
                0x00040474                wpas_notify_eap_error
                0x00040488                wpas_notify_psk_mismatch
                0x0004048c                wpas_notify_network_bssid_set_changed
                0x00040500                wpas_notify_network_type_changed
                0x00040504                wpas_notify_pmk_cache_added
                0x00040508                wpas_notify_signal_change
 .text          0x0004050c      0xca8 ../../circle/addon/wlan/hostap/wpa_supplicant/libwpa_supplicant.a(op_classes.o)
                0x000406e4                verify_channel
                0x00040e24                wpas_supp_op_class_ie
                0x00041118                wpas_supp_op_classes
 *fill*         0x000411b4        0x4 
 .text          0x000411b8     0x2678 ../../circle/addon/wlan/hostap/wpa_supplicant/libwpa_supplicant.a(rrm.o)
                0x000417d4                wpas_rrm_reset
                0x00041880                wpas_rrm_process_neighbor_rep
                0x000419bc                wpas_rrm_send_neighbor_rep_request
                0x00041e30                wpas_get_op_chan_phy
                0x00042404                wpas_rrm_refuse_request
                0x00042564                wpas_rrm_handle_radio_measurement_request
                0x00043290                wpas_rrm_handle_link_measurement_request
                0x00043420                wpas_beacon_rep_scan_process
                0x000437e4                wpas_clear_beacon_rep_data
 .text          0x00043830     0x5628 ../../circle/addon/wlan/hostap/wpa_supplicant/libwpa_supplicant.a(scan.o)
                0x00044084                wpa_supplicant_enabled_networks
                0x00044164                wpa_supplicant_set_default_scan_ies
                0x0004428c                wpa_add_scan_freqs_list
                0x00044464                wpa_supplicant_update_scan_int
                0x000444e4                wpa_supplicant_req_scan
                0x000448e8                wpa_supplicant_delayed_sched_scan
                0x00044930                wpa_supplicant_req_sched_scan
                0x00045200                wpa_supplicant_cancel_scan
                0x00045230                wpa_supplicant_cancel_delayed_sched_scan
                0x0004526c                wpa_supplicant_cancel_sched_scan
                0x0004527c                wpa_supplicant_notify_scanning
                0x00045290                wpa_scan_get_ie
                0x000452a8                wpa_scan_get_ml_ie
                0x000452c0                wpa_scan_get_vendor_ie
                0x000457cc                wpa_scan_get_vendor_ie_beacon
                0x00045868                wpa_scan_get_vendor_ie_multi
                0x00045948                wpas_channel_width_rssi_bump
                0x00045998                wpas_adjust_snr_by_chanwidth
                0x00045a0c                wpa_supplicant_filter_bssid_match
                0x00045a88                scan_snr
                0x00045b14                wpas_get_est_tpt
                0x000466a8                scan_est_throughput
                0x000468b0                wpa_supplicant_get_scan_results
                0x00046d8c                wpa_supplicant_update_scan_results
                0x00046dbc                scan_only_handler
                0x00046e74                wpas_scan_scheduled
                0x00046e88                wpa_scan_clone_params
                0x000470e4                wpa_supplicant_trigger_scan
                0x00048374                wpa_scan_free_params
                0x00048380                wpas_start_pno
                0x000487f4                wpas_stop_pno
                0x000488a0                wpas_mac_addr_rand_scan_clear
                0x00048934                wpas_mac_addr_rand_scan_set
                0x00048a04                wpas_mac_addr_rand_scan_get_mask
                0x00048a7c                wpas_abort_ongoing_scan
                0x00048b44                wpas_sched_scan_plans_set
                0x00048e18                wpas_scan_reset_sched_scan
                0x00048e38                wpas_scan_restart_sched_scan
 .text          0x00048e58      0x434 ../../circle/addon/wlan/hostap/wpa_supplicant/libwpa_supplicant.a(aes-internal-enc.o)
                0x00048e58                aes_encrypt_init
                0x00048ec0                aes_encrypt
                0x0004926c                aes_encrypt_deinit
 .text          0x0004928c      0x154 ../../circle/addon/wlan/hostap/wpa_supplicant/libwpa_supplicant.a(aes-unwrap.o)
                0x0004928c                aes_unwrap
 .text          0x000493e0      0xc48 ../../circle/addon/wlan/hostap/wpa_supplicant/libwpa_supplicant.a(md5-internal.o)
                0x00049de8                MD5Init
                0x00049e10                MD5Update
                0x00049eec                MD5Final
                0x00049fa8                md5_vector
 .text          0x0004a028      0x188 ../../circle/addon/wlan/hostap/wpa_supplicant/libwpa_supplicant.a(rc4.o)
                0x0004a028                rc4_skip
 .text          0x0004a1b0     0x1560 ../../circle/addon/wlan/hostap/wpa_supplicant/libwpa_supplicant.a(sha1-internal.o)
                0x0004a1b0                SHA1Transform
                0x0004b45c                SHA1Init
                0x0004b498                SHA1Update
                0x0004b554                SHA1Final
                0x0004b680                sha1_vector
 .text          0x0004b710      0x4e0 ../../circle/addon/wlan/hostap/wpa_supplicant/libwpa_supplicant.a(sha256-internal.o)
                0x0004b9a0                sha256_init
                0x0004b9f8                sha256_process
                0x0004ba10                sha256_done
                0x0004bb20                sha256_vector
 .text          0x0004bbf0      0xe10 ../../circle/addon/wlan/hostap/wpa_supplicant/libwpa_supplicant.a(driver_circle.o)
 .text          0x0004ca00     0x313c ../../circle/addon/wlan/hostap/wpa_supplicant/libwpa_supplicant.a(eap.o)
                0x0004d6c0                eap_allowed_method
                0x0004d73c                eap_peer_erp_free_keys
                0x0004d740                eap_peer_erp_init
                0x0004d744                eap_sm_buildIdentity
                0x0004da34                eap_peer_finish
                0x0004da38                eap_peer_sm_init
                0x0004db48                eap_peer_sm_step
                0x0004efb4                eap_sm_abort
                0x0004f018                eap_peer_sm_deinit
                0x0004f064                eap_sm_get_method_name
                0x0004f07c                eap_sm_request_identity
                0x0004f0ec                eap_sm_request_password
                0x0004f15c                eap_sm_request_new_password
                0x0004f1cc                eap_sm_request_pin
                0x0004f23c                eap_sm_request_otp
                0x0004f24c                eap_sm_request_passphrase
                0x0004f2bc                eap_sm_request_sim
                0x0004f320                eap_sm_notify_ctrl_attached
                0x0004f414                eap_get_phase2_type
                0x0004f47c                eap_get_phase2_types
                0x0004f55c                eap_set_fast_reauth
                0x0004f564                eap_set_workaround
                0x0004f56c                eap_get_config
                0x0004f57c                eap_get_config_identity
                0x0004f5c8                eap_get_config_password
                0x0004f658                eap_get_config_password2
                0x0004f718                eap_get_config_new_password
                0x0004f750                eap_get_config_otp
                0x0004f788                eap_clear_config_otp
                0x0004f7cc                eap_get_config_phase1
                0x0004f7ec                eap_get_config_phase2
                0x0004f80c                eap_get_config_fragment_size
                0x0004f830                eap_key_available
                0x0004f83c                eap_notify_success
                0x0004f854                eap_notify_lower_layer_success
                0x0004f8d8                eap_get_eapSessionId
                0x0004f908                eap_get_eapKeyData
                0x0004f938                eap_get_eapRespData
                0x0004f95c                eap_register_scard_ctx
                0x0004f968                eap_set_config_blob
                0x0004f978                eap_get_config_blob
                0x0004f988                eap_set_force_disabled
                0x0004f990                eap_set_external_sim
                0x0004f998                eap_notify_pending
                0x0004f9a8                eap_invalidate_cached_session
                0x0004fa20                eap_is_wps_pbc_enrollee
                0x0004fa94                eap_is_wps_pin_enrollee
                0x0004fb08                eap_sm_set_ext_pw_ctx
                0x0004fb18                eap_set_anon_id
                0x0004fb30                eap_peer_was_failure_expected
 .text          0x0004fb3c      0x470 ../../circle/addon/wlan/hostap/wpa_supplicant/libwpa_supplicant.a(base64.o)
                0x0004ff28                base64_encode
                0x0004ff4c                base64_encode_no_lf
                0x0004ff70                base64_url_encode
                0x0004ff94                base64_decode
                0x0004ffa0                base64_url_decode
 .text          0x0004ffac      0x124 ../../circle/addon/wlan/hostap/wpa_supplicant/libwpa_supplicant.a(bitfield.o)
                0x0004ffac                bitfield_alloc
                0x0004ffd4                bitfield_free
                0x0004ffd8                bitfield_set
                0x00050000                bitfield_clear
                0x00050028                bitfield_is_set
                0x0005004c                bitfield_get_first_zero
 .text          0x000500d0      0x23c ../../circle/addon/wlan/hostap/wpa_supplicant/libwpa_supplicant.a(config.o)
                0x000500d0                wpa_config_get_line
 .text          0x0005030c      0x330 ../../circle/addon/wlan/hostap/wpa_supplicant/libwpa_supplicant.a(aes-internal.o)
                0x0005030c                rijndaelKeySetupEnc
 .text          0x0005063c      0x5a0 ../../circle/addon/wlan/hostap/wpa_supplicant/libwpa_supplicant.a(aes-internal-dec.o)
                0x0005063c                aes_decrypt_init
                0x00050788                aes_decrypt
                0x00050bbc                aes_decrypt_deinit
 .text          0x00050bdc       0xfc ../../circle/addon/wlan/hostap/wpa_supplicant/libwpa_supplicant.a(tls_none.o)
                0x00050bdc                tls_init
                0x00050be4                tls_deinit
                0x00050be8                tls_get_errors
                0x00050bf0                tls_connection_init
                0x00050bf8                tls_connection_deinit
                0x00050bfc                tls_connection_established
                0x00050c04                tls_connection_peer_serial_num
                0x00050c0c                tls_connection_shutdown
                0x00050c14                tls_connection_set_params
                0x00050c1c                tls_global_set_params
                0x00050c24                tls_global_set_verify
                0x00050c2c                tls_connection_set_verify
                0x00050c34                tls_connection_get_random
                0x00050c3c                tls_connection_export_key
                0x00050c44                tls_connection_get_eap_fast_key
                0x00050c4c                tls_connection_handshake
                0x00050c54                tls_connection_server_handshake
                0x00050c5c                tls_connection_encrypt
                0x00050c64                tls_connection_decrypt
                0x00050c6c                tls_connection_resumed
                0x00050c74                tls_connection_set_cipher_list
                0x00050c7c                tls_get_version
                0x00050c84                tls_get_cipher
                0x00050c8c                tls_connection_enable_workaround
                0x00050c94                tls_connection_client_hello_ext
                0x00050c9c                tls_connection_get_failed
                0x00050ca4                tls_connection_get_read_alerts
                0x00050cac                tls_connection_get_write_alerts
                0x00050cb4                tls_get_library_version
                0x00050cc0                tls_connection_set_success_data
                0x00050cc8                tls_connection_set_success_data_resumed
                0x00050ccc                tls_connection_get_success_data
                0x00050cd4                tls_connection_remove_session
 .text          0x00050cd8      0x2cc ../../circle/addon/wlan/hostap/wpa_supplicant/libwpa_supplicant.a(eap_common.o)
                0x00050cd8                eap_hdr_len_valid
                0x00050d50                eap_hdr_validate
                0x00050e6c                eap_msg_alloc
                0x00050f5c                eap_update_len
                0x00050f74                eap_get_id
                0x00050f8c                eap_get_type
 .text          0x00050fa4      0x984 ../../circle/addon/wlan/libwlan.a(bcm4343.o)
                0x00050fa4                CBcm4343Device::GetMACAddress() const
                0x00050fac                CBcm4343Device::SendFrame(void const*, unsigned int)
                0x000510c4                CBcm4343Device::SetMulticastFilter(unsigned char const (*) [6])
                0x000511c8                CBcm4343Device::OpenNetEventHandler(ether_event_type_t, ether_event_params_t const*, void*)
                0x00051218                CBcm4343Device::ReceiveFrame(void*, unsigned int*)
                0x00051280                CBcm4343Device::IsLinkUp()
                0x000512a8                CBcm4343Device::CBcm4343Device(char const*)
                0x000512a8                CBcm4343Device::CBcm4343Device(char const*)
                0x00051300                CBcm4343Device::Initialize()
                0x000513e4                CBcm4343Device::RegisterEventHandler(void (*)(ether_event_type_t, ether_event_params_t const*, void*), void*)
                0x00051414                CBcm4343Device::RegisterConnectedProvider(bool (*)())
                0x0005141c                CBcm4343Device::ReceiveScanResult(void*, unsigned int*)
                0x00051484                CBcm4343Device::GetBSSID()
                0x000514e0                CBcm4343Device::DumpStatus()
                0x0005153c                CBcm4343Device::FrameReceived(void const*, unsigned int)
                0x0005157c                CBcm4343Device::ScanResultReceived(void const*, unsigned int)
                0x000515bc                etheriq
                0x00051628                etherscanresult
                0x00051680                addethercard
                0x000516b0                CBcm4343Device::~CBcm4343Device()
                0x000516b0                CBcm4343Device::~CBcm4343Device()
                0x0005173c                CBcm4343Device::~CBcm4343Device()
                0x0005175c                CBcm4343Device::Control(char const*, ...)
                0x00051828                CBcm4343Device::JoinOpenNet(char const*)
                0x000518b4                CBcm4343Device::CreateOpenNet(char const*, int, bool)
                0x00051914                CBcm4343Device::DestroyOpenNet()
 .text._ZN10CNetDevice20IsSendFrameAdvisableEv
                0x00051928        0x8 ../../circle/addon/wlan/libwlan.a(bcm4343.o)
                0x00051928                CNetDevice::IsSendFrameAdvisable()
 .text._ZN10CNetDevice12GetLinkSpeedEv
                0x00051930        0x8 ../../circle/addon/wlan/libwlan.a(bcm4343.o)
                0x00051930                CNetDevice::GetLinkSpeed()
 .text._ZN10CNetDevice9UpdatePHYEv
                0x00051938        0x8 ../../circle/addon/wlan/libwlan.a(bcm4343.o)
                0x00051938                CNetDevice::UpdatePHY()
 .text._ZN14CBcm4343Device7GetTypeEv
                0x00051940        0x8 ../../circle/addon/wlan/libwlan.a(bcm4343.o)
                0x00051940                CBcm4343Device::GetType()
 .text          0x00051948     0x45d8 ../../circle/addon/wlan/libwlan.a(ether4330.o)
                0x00055f0c                ether4330link
 .text          0x00055f20      0xd50 ../../circle/addon/wlan/libwlan.a(emmc.o)
                0x00056b98                sdiocardintr
 .text          0x00056c70      0x220 ../../circle/addon/wlan/libwlan.a(p9arch.o)
                0x00056cf4                gpiosel
                0x00056d34                gpiopulloff
                0x00056d3c                gpiopullup
                0x00056d44                getclkrate
                0x00056d64                __p9delay
                0x00056d7c                __p9microdelay
                0x00056d94                coherence
                0x00056d9c                intrenable
                0x00056dd8                dmastart
                0x00056e34                dmawait
                0x00056e50                cachedinvse
                0x00056e54                p9arch_init
 .text          0x00056e90      0x278 ../../circle/addon/wlan/libwlan.a(p9chan.o)
                0x00056f60                cclose
                0x00056fb0                p9chan_init
                0x00057010                namec
 .text          0x00057108      0x224 ../../circle/addon/wlan/libwlan.a(p9cmd.o)
                0x00057108                cmderror
                0x000571b4                lookupcmd
                0x00057234                parsecmd
 .text          0x0005732c      0x1a4 ../../circle/addon/wlan/libwlan.a(p9error.o)
                0x0005732c                __p9error
                0x000573c0                pusherror
                0x00057400                nexterror
                0x00057470                poperror
                0x000574cc                okay
 .text          0x000574d0      0x328 ../../circle/addon/wlan/libwlan.a(p9ether.o)
                0x000574d0                allocb
                0x00057504                freeb
                0x00057510                padblock
                0x0005758c                qlen
                0x00057594                qget
                0x0005762c                qpass
                0x000576e8                __p9nhgets
                0x000576f8                __p9nhgetl
                0x00057704                parseether
 .text          0x000577f8      0x278 ../../circle/addon/wlan/libwlan.a(p9proc.o)
                0x000577f8                __p9lock
                0x00057830                __p9unlock
                0x0005784c                qlock
                0x00057874                qunlock
                0x000578b0                canqlock
                0x000578e0                __p9sleep
                0x00057908                tsleep
                0x0005796c                __p9wakeup
                0x00057970                return0
                0x00057978                __p9kproc
                0x000579c4                p9proc_init
                0x00057a24                get_error_stack
 .text._ZN6CKProc3RunEv
                0x00057a70       0x2c ../../circle/addon/wlan/libwlan.a(p9proc.o)
                0x00057a70                CKProc::Run()
 .text._ZN6CKProcD2Ev
                0x00057a9c       0x20 ../../circle/addon/wlan/libwlan.a(p9proc.o)
                0x00057a9c                CKProc::~CKProc()
                0x00057a9c                CKProc::~CKProc()
 .text._ZN6CKProcD0Ev
                0x00057abc       0x2c ../../circle/addon/wlan/libwlan.a(p9proc.o)
                0x00057abc                CKProc::~CKProc()
 .text          0x00057ae8      0x344 ../../circle/addon/wlan/libwlan.a(p9util.o)
                0x00057ae8                __p9readstr
                0x00057b6c                __p9hexdump
                0x00057b74                __p9print
                0x00057c74                __p9sprint
                0x00057ce0                __p9snprint
                0x00057d74                __p9seprint
 *fill*         0x00057e2c        0x4 
 .text          0x00057e30     0x5914 ../../circle/addon/fatfs/libfatfs.a(ff.o)
                0x0005a4e0                f_mount
                0x0005a608                f_open
                0x0005a9ec                f_read
                0x0005aca8                f_write
                0x0005afcc                f_sync
                0x0005b148                f_close
                0x0005b1a4                f_chdrive
                0x0005b1d8                f_chdir
                0x0005b324                f_getcwd
                0x0005b69c                f_lseek
                0x0005b978                f_opendir
                0x0005bafc                f_closedir
                0x0005bbb8                f_readdir
                0x0005bcfc                f_findnext
                0x0005bd88                f_findfirst
                0x0005bdb8                f_stat
                0x0005bee8                f_getfree
                0x0005c06c                f_truncate
                0x0005c258                f_unlink
                0x0005c41c                f_mkdir
                0x0005c6c0                f_rename
                0x0005c948                f_chmod
                0x0005ca8c                f_utime
                0x0005cbe0                f_gets
                0x0005cc68                f_putc
                0x0005cd40                f_puts
                0x0005ce40                f_printf
 .text          0x0005d744      0x404 ../../circle/addon/fatfs/libfatfs.a(diskio.o)
                0x0005d750                disk_status
                0x0005d770                disk_initialize
                0x0005d7d4                disk_read
                0x0005d8d4                disk_write
                0x0005d9b0                disk_ioctl
 .text          0x0005db48      0x2d8 ../../circle/addon/fatfs/libfatfs.a(ffsystem.o)
                0x0005db48                ff_mutex_create
                0x0005dbd4                ff_mutex_delete
                0x0005dc5c                ff_mutex_take
                0x0005dcb8                ff_mutex_give
                0x0005dd10                ff_memalloc
                0x0005dd14                ff_memfree
                0x0005dd18                get_fattime
 .text          0x0005de20      0x248 ../../circle/addon/fatfs/libfatfs.a(ffunicode.o)
                0x0005de20                ff_uni2oem
                0x0005df28                ff_oem2uni
                0x0005df68                ff_wtoupper
 .text          0x0005e068     0x16e8 ../../circle/addon/SDCard/libsdcard.a(emmc.o)
                0x0005e068                CEMMCDevice::Seek(unsigned long long)
                0x0005e07c                CEMMCDevice::GetSize() const
                0x0005e088                CEMMCDevice::CEMMCDevice(CInterruptSystem*, CTimer*, CActLED*, CEMMCDevice::TDeviceSelector)
                0x0005e088                CEMMCDevice::CEMMCDevice(CInterruptSystem*, CTimer*, CActLED*, CEMMCDevice::TDeviceSelector)
                0x0005e16c                CEMMCDevice::GetCSDField(unsigned int, unsigned int) const
                0x0005e1ac                CEMMCDevice::usDelay(unsigned int)
                0x0005e1dc                CEMMCDevice::LogWrite(TLogSeverity, char const*, ...)
                0x0005e260                CEMMCDevice::IssueCommandInt(unsigned int, unsigned int, int)
                0x0005e438                CEMMCDevice::IssueCommand(unsigned int, unsigned int, int)
                0x0005e540                CEMMCDevice::DoDataCommand(int, unsigned char*, unsigned int, unsigned int)
                0x0005e6a4                CEMMCDevice::CardReset()
                0x0005f0a0                CEMMCDevice::CardInit()
                0x0005f0e8                CEMMCDevice::EnsureDataMode()
                0x0005f39c                CEMMCDevice::DoRead(unsigned char*, unsigned int, unsigned int)
                0x0005f3f4                CEMMCDevice::DoWrite(unsigned char*, unsigned int, unsigned int)
                0x0005f44c                CEMMCDevice::Read(void*, unsigned int)
                0x0005f4f8                CEMMCDevice::Write(void const*, unsigned int)
                0x0005f5a8                CEMMCDevice::GetID()
                0x0005f5b0                CEMMCDevice::~CEMMCDevice()
                0x0005f5b0                CEMMCDevice::~CEMMCDevice()
                0x0005f640                CEMMCDevice::~CEMMCDevice()
                0x0005f660                CEMMCDevice::Initialize()
 .text          0x0005f750      0x40c ../../circle/addon/SDCard/libsdcard.a(mmchost.o)
                0x0005f750                CMMCHost::CMMCHost()
                0x0005f750                CMMCHost::CMMCHost()
                0x0005f778                CMMCHost::~CMMCHost()
                0x0005f778                CMMCHost::~CMMCHost()
                0x0005f77c                CMMCHost::~CMMCHost()
                0x0005f79c                CMMCHost::SetClock(unsigned int)
                0x0005f7b4                CMMCHost::SetBusWidth(unsigned int)
                0x0005f804                CMMCHost::RequestSync(mmc_request*)
                0x0005f850                CMMCHost::PrepareRequest(mmc_request*)
                0x0005f908                CMMCHost::Command(mmc_command*, unsigned int)
                0x0005fa40                mmc_request_done(mmc_host*, mmc_request*)
                0x0005fa74                CMMCHost::sg_miter_start(sg_mapping_iter*, void*, unsigned int, unsigned int)
                0x0005fae4                CMMCHost::sg_miter_next(sg_mapping_iter*)
                0x0005fb58                CMMCHost::sg_miter_stop(sg_mapping_iter*)
 *fill*         0x0005fb5c        0x4 
 .text          0x0005fb60     0x250c ../../circle/addon/SDCard/libsdcard.a(sdhost.o)
                0x0005fbfc                CSDHOSTDevice::CSDHOSTDevice(CInterruptSystem*, CTimer*)
                0x0005fbfc                CSDHOSTDevice::CSDHOSTDevice(CInterruptSystem*, CTimer*)
                0x0005fce0                CSDHOSTDevice::set_sdhost_clock(unsigned int*)
                0x0005fd64                CSDHOSTDevice::dumpcmd(mmc_command*, char const*)
                0x0005fd70                CSDHOSTDevice::dumpregs()
                0x00060088                CSDHOSTDevice::set_power(bool)
                0x00060098                CSDHOSTDevice::reset_internal()
                0x0006015c                CSDHOSTDevice::Reset()
                0x00060180                CSDHOSTDevice::reset(mmc_host*)
                0x000601a4                CSDHOSTDevice::wait_transfer_complete()
                0x00060280                CSDHOSTDevice::read_block_pio()
                0x00060484                CSDHOSTDevice::write_block_pio()
                0x0006068c                CSDHOSTDevice::transfer_pio()
                0x000607cc                CSDHOSTDevice::set_transfer_irqs()
                0x000607f0                CSDHOSTDevice::prepare_data(mmc_command*)
                0x00060910                CSDHOSTDevice::set_clock(unsigned int)
                0x00060bc4                CSDHOSTDevice::set_ios(mmc_host*, mmc_ios*)
                0x00060cb0                CSDHOSTDevice::SetIOS(mmc_ios*)
                0x00060cdc                CSDHOSTDevice::init(int)
                0x00060d34                CSDHOSTDevice::tasklet_finish()
                0x00060ec4                CSDHOSTDevice::send_command(mmc_command*)
                0x00061114                CSDHOSTDevice::finish_command()
                0x00061554                CSDHOSTDevice::transfer_complete()
                0x0006166c                CSDHOSTDevice::finish_data()
                0x000616e8                CSDHOSTDevice::data_irq(unsigned int)
                0x000617b0                CSDHOSTDevice::block_irq(unsigned int)
                0x000618a8                CSDHOSTDevice::busy_irq(unsigned int)
                0x000619f4                CSDHOSTDevice::irq_handler()
                0x00061a8c                CSDHOSTDevice::irq_stub(void*)
                0x00061ab4                CSDHOSTDevice::request(mmc_host*, mmc_request*)
                0x00061d74                CSDHOSTDevice::Request(mmc_request*)
                0x00061da0                CSDHOSTDevice::add_host()
                0x00061eb8                CSDHOSTDevice::probe()
                0x00061f84                CSDHOSTDevice::Initialize()
                0x00061f94                CSDHOSTDevice::remove()
                0x00061fc0                CSDHOSTDevice::~CSDHOSTDevice()
                0x00061fc0                CSDHOSTDevice::~CSDHOSTDevice()
                0x0006204c                CSDHOSTDevice::~CSDHOSTDevice()
 .text          0x0006206c      0x3a8 ../../circle/lib/net/libnet.a(netsubsystem.o)
                0x0006206c                CNetSubSystem::CNetSubSystem(unsigned char const*, unsigned char const*, unsigned char const*, unsigned char const*, char const*, TNetDeviceType)
                0x0006206c                CNetSubSystem::CNetSubSystem(unsigned char const*, unsigned char const*, unsigned char const*, unsigned char const*, char const*, TNetDeviceType)
                0x00062190                CNetSubSystem::Initialize(bool)
                0x00062280                CNetSubSystem::Process()
                0x00062330                CNetSubSystem::GetConfig()
                0x00062338                CNetSubSystem::GetNetDeviceLayer()
                0x00062340                CNetSubSystem::GetLinkLayer()
                0x00062348                CNetSubSystem::GetNetworkLayer()
                0x00062350                CNetSubSystem::GetTransportLayer()
                0x00062358                CNetSubSystem::IsRunning() const
                0x00062390                CNetSubSystem::GetHostname() const
                0x00062394                CNetSubSystem::Get()
                0x000623c4                CNetSubSystem::~CNetSubSystem()
                0x000623c4                CNetSubSystem::~CNetSubSystem()
 .text          0x00062414       0xe0 ../../circle/lib/net/libnet.a(nettask.o)
                0x00062414                CNetTask::~CNetTask()
                0x00062414                CNetTask::~CNetTask()
                0x0006243c                CNetTask::~CNetTask()
                0x00062470                CNetTask::Run()
                0x000624b4                CNetTask::CNetTask(CNetSubSystem*)
                0x000624b4                CNetTask::CNetTask(CNetSubSystem*)
 .text          0x000624f4     0x16d4 ../../circle/lib/net/libnet.a(transportlayer.o)
                0x000624f4                CTransportLayer::CTransportLayer(CNetConfig*, CNetworkLayer*)
                0x000624f4                CTransportLayer::CTransportLayer(CNetConfig*, CNetworkLayer*)
                0x00062590                CTransportLayer::Initialize()
                0x00062598                CTransportLayer::Bind(unsigned short, int)
                0x00062780                CTransportLayer::Connect(CIPAddress const&, unsigned short, unsigned short, int)
                0x00062a0c                CTransportLayer::Listen(unsigned short, int)
                0x00062b6c                CTransportLayer::Accept(CIPAddress*, unsigned short*, int)
                0x00062c50                CTransportLayer::Disconnect(int)
                0x00062ce0                CTransportLayer::Send(CNetBuffer*, int, int)
                0x00062da4                CTransportLayer::Receive(CNetBuffer**, int, int)
                0x00062e68                CTransportLayer::SendTo(CNetBuffer*, int, CIPAddress const&, unsigned short, int)
                0x00062f40                CTransportLayer::ReceiveFrom(CNetBuffer**, int, CIPAddress*, unsigned short*, int)
                0x00063018                CTransportLayer::SetOptionReceiveTimeout(unsigned int, int)
                0x000630b0                CTransportLayer::SetOptionSendTimeout(unsigned int, int)
                0x00063148                CTransportLayer::SetOptionBroadcast(bool, int)
                0x000631e0                CTransportLayer::SetOptionAddMembership(CIPAddress const&, int)
                0x00063278                CTransportLayer::SetOptionDropMembership(CIPAddress const&, int)
                0x00063310                CTransportLayer::IsConnected(int) const
                0x00063390                CTransportLayer::GetForeignIP(int) const
                0x000633f8                CTransportLayer::GetOwnPort(int) const
                0x00063460                CTransportLayer::GetMSS(int) const
                0x000634c8                CTransportLayer::GetStatus(int) const
                0x00063578                CTransportLayer::~CTransportLayer()
                0x00063578                CTransportLayer::~CTransportLayer()
                0x000635a8                CTransportLayer::Process()
                0x000638fc                CTransportLayer::ListConnections(CDevice*)
 .text._ZN12CTCPRejector7ConnectEv
                0x00063bc8        0x8 ../../circle/lib/net/libnet.a(transportlayer.o)
                0x00063bc8                CTCPRejector::Connect()
 .text._ZN12CTCPRejector6AcceptEP10CIPAddressPt
                0x00063bd0        0x8 ../../circle/lib/net/libnet.a(transportlayer.o)